



== M: 0, N: 0 ==



= K: 0 =

Pre-scaled:
    { 0x4077, 0x3f72, 0x4002, 0xc079, 0xc002, 0x3f84, 0xc018, 0xbe39, 0xbf83, 0xc012, 0x3ffb, 0x4060, 0xbfbc, 0x4085, 0xc050, 0xbfbc },
    { 0xc0d1, 0xbfc6, 0x4074, 0x3f80, 0x4009, 0x4092, 0x3ea8, 0x3fda, 0xbfd6, 0x3f88, 0xbf7b, 0xbff0, 0xc09c, 0x4046, 0x3f8e, 0x3f24 },
    { 0xc013, 0x4022, 0xc05e, 0x4064, 0x4092, 0xc062, 0xbea8, 0xc08a, 0xbe24, 0xbda0, 0xc027, 0x40ba, 0xc106, 0xc0a9, 0xc0e8, 0x402e },
    { 0x4012, 0x3fb3, 0x3fca, 0xc0e8, 0xbe00, 0xc091, 0x40d0, 0x4114, 0xc080, 0xc091, 0xc0b6, 0xc086, 0x4119, 0xbf61, 0x40be, 0xc088 },
    { 0xc091, 0xc09f, 0x4060, 0x3fa5, 0xc005, 0x4085, 0xbf9c, 0xbf95, 0x3fd8, 0xc005, 0x407d, 0xbfd9, 0xc10d, 0x3c9d, 0x3f0d, 0x3fb0 },
    { 0x3f3c, 0xc01d, 0x3fe7, 0xc05f, 0x401d, 0x3fcf, 0x4094, 0x4069, 0xc014, 0xc000, 0xbe68, 0xc04c, 0x3fd8, 0x4058, 0x3f48, 0xc038 },
    { 0x40d4, 0x4044, 0xbffa, 0x3f50, 0x3f65, 0x406c, 0x3f6a, 0xc038, 0xc064, 0xbe18, 0x3cf0, 0x3bc0, 0x3f8c, 0xbf1a, 0xc01c, 0x3fe0 },
    { 0x3f98, 0x3fa4, 0xc052, 0xc076, 0x403b, 0x40b8, 0xbfe8, 0xc046, 0x4036, 0xbf12, 0xbed0, 0x4076, 0xc001, 0xc09f, 0xc0d3, 0xbe08 },
    { 0x40d5, 0x3f18, 0xc024, 0x4080, 0xc02c, 0xc03d, 0xc0ba, 0xbfbf, 0x3fa9, 0xc032, 0x4063, 0x3fc2, 0x4064, 0xbf32, 0xbe00, 0x4020 },
    { 0x4054, 0x3f8e, 0xc047, 0xc08e, 0xbf9c, 0x40cb, 0xc080, 0xbf87, 0x3ed0, 0xc016, 0x406e, 0x401c, 0x406a, 0xc031, 0x4054, 0x3fc2 },
    { 0x407a, 0xbff5, 0xc0aa, 0xbfc7, 0x3ff3, 0x4113, 0xc096, 0xc0f1, 0xc01f, 0xc08a, 0x4101, 0x4067, 0xc088, 0x3f9c, 0xc056, 0x3fbc },
    { 0xc04f, 0x4014, 0xc09e, 0x40cd, 0x3fe6, 0xc048, 0x401e, 0xc088, 0x3fea, 0x405a, 0xbf45, 0xc000, 0xc08c, 0x3f6a, 0xc0a0, 0x401c },
    { 0xc058, 0x3f1a, 0xc0ab, 0x4096, 0xc002, 0xbf00, 0xc085, 0xbf20, 0x4021, 0x3f08, 0x3f4a, 0xbff6, 0x3d20, 0x3fe3, 0xbfdc, 0x4088 },
    { 0x408b, 0x4016, 0xc07e, 0xc055, 0x3f8a, 0x4132, 0xc090, 0xc08c, 0xc02a, 0xc080, 0x4092, 0xbe89, 0x401d, 0xc002, 0x3f90, 0x3ed0 },
    { 0x409f, 0x40ab, 0xc02e, 0x4078, 0xbed0, 0xc014, 0xc084, 0xc02d, 0xbfd0, 0x406f, 0x4084, 0x3f6f, 0x408c, 0x411d, 0xc09e, 0xbf0a },
    { 0xc110, 0xc02e, 0xbf0c, 0x3f8d, 0x3f7f, 0xc0a0, 0xbfb2, 0xbf12, 0x40aa, 0xbffc, 0x3f8e, 0x4089, 0xc104, 0x406a, 0xc045, 0xc003 }
Scaled:
    { 0x43f7, 0x40f2, 0x4102, 0xc279, 0xc382, 0x4084, 0xc218, 0xc1b9, 0xbf83, 0xc292, 0x3ffb, 0x43e0, 0xc03c, 0x4205, 0xc250, 0xc1bc },
    { 0xc3d1, 0xc0c6, 0x40f4, 0x4100, 0x4309, 0x4112, 0x4028, 0x42da, 0xbf56, 0x4188, 0xbefb, 0xc2f0, 0xc09c, 0x4146, 0x410e, 0x40a4 },
    { 0xc393, 0x41a2, 0xc15e, 0x4264, 0x4412, 0xc162, 0xc0a8, 0xc40a, 0xbe24, 0xc020, 0xc027, 0x443a, 0xc186, 0xc229, 0xc2e8, 0x422e },
    { 0x4192, 0x3f33, 0x3eca, 0xc0e8, 0xbf80, 0xbf91, 0x40d0, 0x4294, 0xbe80, 0xc111, 0xbeb6, 0xc206, 0x3f99, 0xbee1, 0x40be, 0xc088 },
    { 0xc311, 0xc11f, 0x4060, 0x40a5, 0xc285, 0x4085, 0xc09c, 0xc215, 0x3ed8, 0xc185, 0x3f7d, 0xc259, 0xc08d, 0x3d1d, 0x400d, 0x40b0 },
    { 0x40bc, 0xbf9d, 0x3ee7, 0xc05f, 0x419d, 0x3ecf, 0x4094, 0x41e9, 0xbe14, 0xc080, 0xbc68, 0xc1cc, 0x3e58, 0x3fd8, 0x3f48, 0xc038 },
    { 0x4454, 0x41c4, 0xc0fa, 0x4150, 0x42e5, 0x416c, 0x416a, 0xc3b8, 0xc064, 0xc098, 0x3cf0, 0x3f40, 0x400c, 0xc09a, 0xc21c, 0x41e0 },
    { 0x4098, 0x3ea4, 0xbed2, 0xbff6, 0x413b, 0x3f38, 0xbf68, 0xc146, 0x3db6, 0xbf12, 0xbc50, 0x4176, 0xbe01, 0xbf9f, 0xc053, 0xbd88 },
    { 0x42d5, 0x3f18, 0xbfa4, 0x4100, 0xc22c, 0xbfbd, 0xc13a, 0xc1bf, 0x3e29, 0xc132, 0x3ee3, 0x41c2, 0x3f64, 0xbf32, 0xbe80, 0x40a0 },
    { 0x41d4, 0x3f0e, 0xbf47, 0xc08e, 0xc11c, 0x3fcb, 0xc080, 0xc107, 0x3cd0, 0xc096, 0x3e6e, 0x419c, 0x3eea, 0xbfb1, 0x4054, 0x3fc2 },
    { 0x427a, 0xbff5, 0xc02a, 0xc047, 0x41f3, 0x4093, 0xc116, 0xc2f1, 0xbe9f, 0xc18a, 0x3f81, 0x4267, 0xbf88, 0x3f9c, 0xc0d6, 0x403c },
    { 0xc14f, 0x3f14, 0xbf1e, 0x404d, 0x40e6, 0xbec8, 0x3f9e, 0xc188, 0x3d6a, 0x405a, 0xbcc5, 0xc100, 0xbe8c, 0x3e6a, 0xc020, 0x3f9c },
    { 0xc3d8, 0x409a, 0xc1ab, 0x4296, 0xc382, 0xc000, 0xc285, 0xc2a0, 0x4021, 0x4188, 0x3f4a, 0xc376, 0x3da0, 0x4163, 0xc1dc, 0x4288 },
    { 0x418b, 0x3f16, 0xbefe, 0xbfd5, 0x408a, 0x3fb2, 0xc010, 0xc18c, 0xbdaa, 0xc080, 0x3e12, 0xbf89, 0x3e1d, 0xbf02, 0x3f10, 0x3e50 },
    { 0x411f, 0x3f2b, 0xbe2e, 0x3f78, 0xbf50, 0xbe14, 0xbf84, 0xc0ad, 0xbcd0, 0x3fef, 0x3d84, 0x3fef, 0x3e0c, 0x3f9d, 0xbf9e, 0xbe0a },
    { 0xc210, 0xbf2e, 0xbd8c, 0x3f0d, 0x407f, 0xbf20, 0xbf32, 0xc012, 0x3e2a, 0xbffc, 0x3d0e, 0x4189, 0xbf04, 0x3f6a, 0xbfc5, 0xbf83 }
Accumulated:
    { 0x43f7, 0x40f2, 0x4102, 0xc279, 0xc382, 0x4084, 0xc218, 0xc1b9, 0xbf83, 0xc292, 0x3ffb, 0x43e0, 0xc03c, 0x4205, 0xc250, 0xc1bc },
    { 0xc3d1, 0xc0c6, 0x40f4, 0x4100, 0x4309, 0x4112, 0x4028, 0x42da, 0xbf56, 0x4188, 0xbefb, 0xc2f0, 0xc09c, 0x4146, 0x410e, 0x40a4 },
    { 0xc393, 0x41a2, 0xc15e, 0x4264, 0x4412, 0xc162, 0xc0a8, 0xc40a, 0xbe24, 0xc020, 0xc027, 0x443a, 0xc186, 0xc229, 0xc2e8, 0x422e },
    { 0x4192, 0x3f33, 0x3eca, 0xc0e8, 0xbf80, 0xbf91, 0x40d0, 0x4294, 0xbe80, 0xc111, 0xbeb6, 0xc206, 0x3f99, 0xbee1, 0x40be, 0xc088 },
    { 0xc311, 0xc11f, 0x4060, 0x40a5, 0xc285, 0x4085, 0xc09c, 0xc215, 0x3ed8, 0xc185, 0x3f7d, 0xc259, 0xc08d, 0x3d1d, 0x400d, 0x40b0 },
    { 0x40bc, 0xbf9d, 0x3ee7, 0xc05f, 0x419d, 0x3ecf, 0x4094, 0x41e9, 0xbe14, 0xc080, 0xbc68, 0xc1cc, 0x3e58, 0x3fd8, 0x3f48, 0xc038 },
    { 0x4454, 0x41c4, 0xc0fa, 0x4150, 0x42e5, 0x416c, 0x416a, 0xc3b8, 0xc064, 0xc098, 0x3cf0, 0x3f40, 0x400c, 0xc09a, 0xc21c, 0x41e0 },
    { 0x4098, 0x3ea4, 0xbed2, 0xbff6, 0x413b, 0x3f38, 0xbf68, 0xc146, 0x3db6, 0xbf12, 0xbc50, 0x4176, 0xbe01, 0xbf9f, 0xc053, 0xbd88 },
    { 0x42d5, 0x3f18, 0xbfa4, 0x4100, 0xc22c, 0xbfbd, 0xc13a, 0xc1bf, 0x3e29, 0xc132, 0x3ee3, 0x41c2, 0x3f64, 0xbf32, 0xbe80, 0x40a0 },
    { 0x41d4, 0x3f0e, 0xbf47, 0xc08e, 0xc11c, 0x3fcb, 0xc080, 0xc107, 0x3cd0, 0xc096, 0x3e6e, 0x419c, 0x3eea, 0xbfb1, 0x4054, 0x3fc2 },
    { 0x427a, 0xbff5, 0xc02a, 0xc047, 0x41f3, 0x4093, 0xc116, 0xc2f1, 0xbe9f, 0xc18a, 0x3f81, 0x4267, 0xbf88, 0x3f9c, 0xc0d6, 0x403c },
    { 0xc14f, 0x3f14, 0xbf1e, 0x404d, 0x40e6, 0xbec8, 0x3f9e, 0xc188, 0x3d6a, 0x405a, 0xbcc5, 0xc100, 0xbe8c, 0x3e6a, 0xc020, 0x3f9c },
    { 0xc3d8, 0x409a, 0xc1ab, 0x4296, 0xc382, 0xc000, 0xc285, 0xc2a0, 0x4021, 0x4188, 0x3f4a, 0xc376, 0x3da0, 0x4163, 0xc1dc, 0x4288 },
    { 0x418b, 0x3f16, 0xbefe, 0xbfd5, 0x408a, 0x3fb2, 0xc010, 0xc18c, 0xbdaa, 0xc080, 0x3e12, 0xbf89, 0x3e1d, 0xbf02, 0x3f10, 0x3e50 },
    { 0x411f, 0x3f2b, 0xbe2e, 0x3f78, 0xbf50, 0xbe14, 0xbf84, 0xc0ad, 0xbcd0, 0x3fef, 0x3d84, 0x3fef, 0x3e0c, 0x3f9d, 0xbf9e, 0xbe0a },
    { 0xc210, 0xbf2e, 0xbd8c, 0x3f0d, 0x407f, 0xbf20, 0xbf32, 0xc012, 0x3e2a, 0xbffc, 0x3d0e, 0x4189, 0xbf04, 0x3f6a, 0xbfc5, 0xbf83 }

= K: 16 =

Pre-scaled:
    { 0x409a, 0xc10d, 0x4098, 0xbfb5, 0x3e18, 0xc0b4, 0x3e9e, 0x4084, 0xc0ac, 0xbfbc, 0x40bc, 0x3da0, 0xbe58, 0xbf3d, 0x4034, 0x407f },
    { 0x3f44, 0xc00f, 0xc0d0, 0xc097, 0xc010, 0xc0ed, 0x402a, 0xc060, 0x401e, 0x4099, 0xc06a, 0xc168, 0xc146, 0xc0b2, 0xbf5d, 0xbf1f },
    { 0xbfd8, 0xbff8, 0x3f4e, 0x4017, 0x407f, 0x40dd, 0xc108, 0x40d2, 0xc0a9, 0xbe4e, 0xc074, 0x40c6, 0x3ba0, 0x40a3, 0x4067, 0xc088 },
    { 0x407e, 0xc09e, 0xbf82, 0xc051, 0x3f9a, 0xc090, 0x40bf, 0xbf10, 0x4092, 0x3e92, 0x3fe8, 0x400c, 0xbfce, 0xbf21, 0xc042, 0x4100 },
    { 0x4022, 0x3e9e, 0x4029, 0xbea8, 0x3faa, 0xc046, 0xc068, 0x406b, 0xc0ae, 0xc01a, 0x3ffe, 0x4014, 0x3ef6, 0x40cc, 0x40b5, 0xc061 },
    { 0xc046, 0x40c1, 0x3fac, 0xc014, 0x4086, 0x40a5, 0x3f56, 0xc047, 0x40ad, 0x4095, 0xc072, 0xc04a, 0xc038, 0xc00a, 0xc0cd, 0x4053 },
    { 0xc01a, 0x4011, 0xc03f, 0x40d0, 0x3f3f, 0x3fe0, 0x3eb6, 0xc0d1, 0x3f83, 0xc038, 0xc010, 0x3f39, 0x3fb4, 0xc03b, 0x4040, 0xc08d },
    { 0x4014, 0xc10c, 0x3d58, 0xc097, 0x4059, 0xbc00, 0x4006, 0x4061, 0x3f9b, 0x3f59, 0x3f48, 0x3f80, 0xc02b, 0x3f97, 0xc07e, 0x40fd },
    { 0x4012, 0x40a6, 0xc06a, 0x4052, 0xc08c, 0xc026, 0x3f52, 0xbf4b, 0xbe00, 0x3fd2, 0x3f71, 0xc06a, 0xbfec, 0xbfa5, 0xbfd4, 0xc053 },
    { 0x4057, 0x3f10, 0x404c, 0x40b6, 0x3ff6, 0x4021, 0xc03b, 0x3f50, 0xc050, 0xc088, 0xbf12, 0x40ca, 0xc068, 0x409e, 0xbfab, 0xbf4e },
    { 0xc036, 0x3fab, 0x408c, 0xbf06, 0xc0f6, 0xc119, 0xbfae, 0x40c2, 0xc141, 0x3f98, 0x4124, 0x40e7, 0x4120, 0x3fba, 0x4102, 0xc121 },
    { 0x405b, 0x4007, 0x3e06, 0xbf99, 0x3f86, 0xc04d, 0xbf2c, 0x3fce, 0xc086, 0xbf29, 0x4023, 0x4078, 0x40aa, 0x4059, 0x40bb, 0xc056 },
    { 0xc0a4, 0xc150, 0x4038, 0xc119, 0x3fb4, 0xbfb4, 0x3fc6, 0xbfc8, 0xbf9e, 0x3f66, 0x3fa1, 0xc120, 0xbf76, 0xc086, 0xbec8, 0x410a },
    { 0xbf57, 0x4022, 0xc05f, 0x3d20, 0xbe8a, 0xc0e2, 0x4069, 0xc084, 0xbf0d, 0x3fb7, 0x4037, 0x40b1, 0x40a6, 0xbf5e, 0x4066, 0xc05b },
    { 0x4091, 0x40c4, 0xbf5f, 0x4086, 0x4056, 0xc026, 0xc042, 0x3e70, 0xbf48, 0xc00e, 0x3f24, 0x4052, 0xc0a7, 0x40c2, 0xc048, 0xc07c },
    { 0xbecc, 0x4085, 0x3fd4, 0x4086, 0xbf56, 0x3f0e, 0xc0c2, 0x410e, 0xc0a8, 0xc052, 0x408c, 0x413e, 0x3ff6, 0x40d9, 0xbf8c, 0xc0df }
Scaled:
    { 0x441a, 0xc28d, 0x4198, 0xc1b5, 0x4198, 0xc1b4, 0x409e, 0x4404, 0xc0ac, 0xc23c, 0x40bc, 0x4120, 0xbed8, 0xc0bd, 0x4234, 0x427f },
    { 0x4244, 0xc10f, 0xc150, 0xc217, 0xc310, 0xc16d, 0x41aa, 0xc360, 0x3f9e, 0x4299, 0xbfea, 0xc468, 0xc146, 0xc1b2, 0xc0dd, 0xc09f },
    { 0xc358, 0xc178, 0x404e, 0x4217, 0x43ff, 0x41dd, 0xc308, 0x4452, 0xc0a9, 0xc0ce, 0xc074, 0x4446, 0x3c20, 0x4223, 0x4267, 0xc288 },
    { 0x41fe, 0xc01e, 0xbe82, 0xc051, 0x411a, 0xbf90, 0x40bf, 0xc090, 0x3e92, 0x3f12, 0x3de8, 0x418c, 0xbe4e, 0xbea1, 0xc042, 0x4100 },
    { 0x42a2, 0x3f1e, 0x4029, 0xbfa8, 0x422a, 0xc046, 0xc168, 0x42eb, 0xbfae, 0xc19a, 0x3efe, 0x4294, 0x3e76, 0x414c, 0x41b5, 0xc161 },
    { 0xc1c6, 0x4041, 0x3eac, 0xc014, 0x4206, 0x3fa5, 0x3f56, 0xc1c7, 0x3ead, 0x4115, 0xbe72, 0xc1ca, 0xbeb8, 0xbf8a, 0xc0cd, 0x4053 },
    { 0xc39a, 0x4191, 0xc13f, 0x42d0, 0x42bf, 0x40e0, 0x40b6, 0xc451, 0x3f83, 0xc2b8, 0xc010, 0x42b9, 0x4034, 0xc1bb, 0x4240, 0xc28d },
    { 0x4114, 0xc00c, 0x3bd8, 0xc017, 0x4159, 0xba80, 0x3f86, 0x4161, 0x3d1b, 0x3f59, 0x3cc8, 0x4080, 0xbe2b, 0x3e97, 0xbffe, 0x407d },
    { 0x4212, 0x40a6, 0xbfea, 0x40d2, 0xc28c, 0xbfa6, 0x3fd2, 0xc14b, 0xbc80, 0x40d2, 0x3df1, 0xc26a, 0xbeec, 0xbfa5, 0xc054, 0xc0d3 },
    { 0x41d7, 0x3e90, 0x3f4c, 0x40b6, 0x4176, 0x3f21, 0xc03b, 0x40d0, 0xbe50, 0xc108, 0xbd12, 0x424a, 0xbee8, 0x401e, 0xbfab, 0xbf4e },
    { 0xc236, 0x3fab, 0x400c, 0xbf86, 0xc2f6, 0xc099, 0xc02e, 0x42c2, 0xbfc1, 0x4098, 0x3fa4, 0x42e7, 0x4020, 0x3fba, 0x4182, 0xc1a1 },
    { 0x415b, 0x3f07, 0x3c86, 0xbf19, 0x4086, 0xbecd, 0xbeac, 0x40ce, 0xbe06, 0xbf29, 0x3da3, 0x4178, 0x3eaa, 0x3f59, 0x403b, 0xbfd6 },
    { 0xc424, 0xc2d0, 0x4138, 0xc319, 0x4334, 0xc0b4, 0x41c6, 0xc348, 0xbf9e, 0x41e6, 0x3fa1, 0xc4a0, 0xbff6, 0xc206, 0xc0c8, 0x430a },
    { 0xc057, 0x3f22, 0xbedf, 0x3ca0, 0xbf8a, 0xbf62, 0x3fe9, 0xc184, 0xbc8d, 0x3fb7, 0x3db7, 0x41b1, 0x3ea6, 0xbe5e, 0x3fe6, 0xbfdb },
    { 0x4111, 0x3f44, 0xbd5f, 0x3f86, 0x40d6, 0xbe26, 0xbf42, 0x3ef0, 0xbc48, 0xbf8e, 0x3c24, 0x40d2, 0xbe27, 0x3f42, 0xbf48, 0xbf7c },
    { 0xbfcc, 0x3f85, 0x3e54, 0x4006, 0xc056, 0x3d8e, 0xc042, 0x420e, 0xbe28, 0xc052, 0x3e0c, 0x423e, 0x3df6, 0x3fd9, 0xbf0c, 0xc05f }
Accumulated:
    { 0x448b, 0xc27c, 0x41d9, 0xc2aa, 0xc371, 0xc193, 0xc204, 0x43fc, 0xc0cd, 0xc2f0, 0x40fb, 0x43e5, 0xc057, 0x41db, 0xc0e0, 0x4221 },
    { 0xc3b8, 0xc172, 0xc0ac, 0xc1ee, 0xc0e0, 0xc0b6, 0x41bf, 0xc2e6, 0x3ecc, 0x42bb, 0xc014, 0xc483, 0xc18a, 0xc11e, 0x3ffc, 0x3e20 },
    { 0xc3ff, 0x4098, 0xc12a, 0x42be, 0x4489, 0x4158, 0xc30d, 0x4390, 0xc0ae, 0xc10f, 0xc0ce, 0x44c0, 0xc186, 0xbfc0, 0xc269, 0xc1c4 },
    { 0x4248, 0xbfe2, 0x3e10, 0xc128, 0x410a, 0xc010, 0x4148, 0x428b, 0x3d10, 0xc108, 0xbe78, 0xc180, 0x3f7e, 0xbf41, 0x403a, 0x4070 },
    { 0xc280, 0xc115, 0x40c4, 0x4076, 0xc1c0, 0x3f88, 0xc19b, 0x42a0, 0xbf70, 0xc210, 0x3fbe, 0x419e, 0xc085, 0x414d, 0x41c7, 0xc109 },
    { 0xc197, 0x3fe5, 0x3f4a, 0xc0ba, 0x4254, 0x3fd9, 0x40af, 0x4088, 0x3e46, 0x40aa, 0xbe80, 0xc24b, 0xbe18, 0x3f1c, 0xc0b4, 0x3ed8 },
    { 0x4407, 0x422a, 0xc19e, 0x42ea, 0x4352, 0x41ae, 0x41a2, 0xc496, 0xc022, 0xc2c2, 0xc00e, 0x42ba, 0x40a0, 0xc1e2, 0x4110, 0xc22a },
    { 0x4160, 0xbfef, 0xbecf, 0xc089, 0x41ca, 0x3f38, 0x3e10, 0x3fd8, 0x3e02, 0x3e8e, 0x3c40, 0x419b, 0xbe96, 0xbf72, 0xc0a9, 0x4079 },
    { 0x430f, 0x40b9, 0xc047, 0x4169, 0xc2e2, 0xc032, 0xc120, 0xc212, 0x3e19, 0xc092, 0x3f10, 0xc209, 0x3edc, 0xbffe, 0xc064, 0xbfcc },
    { 0x4256, 0x3f56, 0x3ca0, 0x3fa0, 0x40b4, 0x400e, 0xc0de, 0xbff8, 0xbe36, 0xc153, 0x3e4a, 0x428c, 0x3b80, 0x3f8b, 0x3ffd, 0x3f36 },
    { 0x4188, 0xbf14, 0xbef0, 0xc085, 0xc2b9, 0xbe40, 0xc142, 0xc1bc, 0xbfe9, 0xc148, 0x4012, 0x432d, 0x3fb8, 0x402b, 0x4119, 0xc18a },
    { 0x3f40, 0x3f8e, 0xbf1a, 0x4027, 0x4136, 0xbf4a, 0x3f66, 0xc129, 0xbd97, 0x4030, 0x3d64, 0x40f0, 0x3d70, 0x3f8a, 0x3ed8, 0xbee8 },
    { 0xc488, 0xc2c6, 0xc11e, 0xc29c, 0xc2a0, 0xc0f4, 0xc227, 0xc38c, 0x3fa4, 0x4237, 0x4003, 0xc4bf, 0xbfec, 0xc19a, 0xc207, 0x434e },
    { 0x4160, 0x3f9c, 0xbf6e, 0xbfd2, 0x404f, 0x3f02, 0xbedc, 0xc208, 0xbdcd, 0xc024, 0x3e6e, 0x41a8, 0x3ef4, 0xbf3a, 0x4017, 0xbfc1 },
    { 0x4198, 0x3fb8, 0xbe66, 0x4001, 0x40bc, 0xbe9d, 0xbfe5, 0xc09e, 0xbd1a, 0x3f42, 0x3d98, 0x4107, 0xbcd8, 0x3ffe, 0xc001, 0xbf8f },
    { 0xc216, 0x3eb8, 0x3e0e, 0x4029, 0x3f24, 0xbf0e, 0xc06e, 0x4205, 0x3b00, 0xc0a8, 0x3e30, 0x4281, 0xbeca, 0x4027, 0xc006, 0xc090 }



== M: 0, N: 16 ==



= K: 0 =

Pre-scaled:
    { 0xc0c5, 0x3fd0, 0x40e5, 0x4081, 0xc064, 0xbfb8, 0xc007, 0x3f25, 0x4064, 0x3f1d, 0x408c, 0xc0c7, 0xbef6, 0x4112, 0x3fdb, 0x40a1 },
    { 0x4033, 0x3eee, 0xc098, 0x4034, 0xbff8, 0x4000, 0xbf8f, 0x4074, 0xc02e, 0x3ffc, 0xbf98, 0xbfae, 0x40a0, 0x3f24, 0xbe14, 0xc0a0 },
    { 0xc0e1, 0x406d, 0xc00b, 0xc008, 0xbf1e, 0x4098, 0xc070, 0x4104, 0x402c, 0x40f2, 0xc084, 0xc06b, 0xc0b8, 0x4009, 0xbfdc, 0xbfe2 },
    { 0x40cb, 0x4044, 0x4048, 0xc02e, 0x3fb6, 0x4000, 0x3ff4, 0xc106, 0x4018, 0xc0fa, 0x3f3d, 0xc034, 0xc036, 0xc036, 0x4036, 0x3f00 },
    { 0x3f3f, 0xc083, 0xc078, 0x4044, 0xbfe3, 0x4062, 0x3f9c, 0x4083, 0xbf66, 0xbf64, 0xc04e, 0x3f74, 0x40b6, 0x4033, 0x409b, 0x3f6c },
    { 0x409e, 0xbecc, 0xbfb0, 0x3e68, 0xbf9a, 0x4063, 0x40b5, 0xbf91, 0xbe96, 0xc0ba, 0x4042, 0x4090, 0x3fa8, 0xbffe, 0x3ff4, 0xbf2f },
    { 0xbeb8, 0x401c, 0x3eea, 0xbffe, 0xbfae, 0x403b, 0x3fd4, 0x405e, 0x3f03, 0x4080, 0x4098, 0x409c, 0xc05c, 0xbf72, 0xc061, 0xbf10 },
    { 0xc0aa, 0x409b, 0x3fde, 0x3fbe, 0xc0a6, 0x40be, 0xbf72, 0xc048, 0xbffc, 0x3e40, 0xc0af, 0xc0cc, 0xc00f, 0x405a, 0xc093, 0x4079 },
    { 0xc016, 0xc01a, 0x4080, 0xc062, 0x40e4, 0xc0f4, 0xc044, 0xbfd0, 0x4018, 0xbda0, 0xc01a, 0x3fbf, 0x3fb4, 0xbfb5, 0x3f5c, 0x4052 },
    { 0xc042, 0xbec1, 0x4088, 0xbfbb, 0xc058, 0x3f89, 0x3f20, 0xc00a, 0xbfa6, 0x4012, 0xc01d, 0x3f96, 0x3ee3, 0xc02a, 0xc014, 0x4026 },
    { 0xc02a, 0x3ff4, 0xbfd5, 0x3f38, 0xc07c, 0x40d5, 0x4010, 0x40e7, 0xbf64, 0x3f0c, 0xbf63, 0x408a, 0x3fe8, 0x3fa3, 0xbf82, 0x3fd9 },
    { 0x3ff6, 0x403f, 0xc101, 0xbf80, 0x409b, 0x401f, 0x4013, 0x3fd5, 0xbff0, 0xbf9b, 0xbf30, 0x4060, 0xc00c, 0xbfed, 0xc011, 0xbfb2 },
    { 0x40b1, 0xbda0, 0xc0d5, 0xbfa8, 0x410d, 0xc032, 0xc042, 0xc096, 0xc08b, 0xc0fd, 0xc105, 0xbf0b, 0x40e9, 0xc044, 0xbff4, 0xbf9b },
    { 0xbfc0, 0x40f0, 0x3f08, 0x3f02, 0xc072, 0x40bb, 0xbf20, 0xbe2c, 0xc02c, 0x401c, 0xc09e, 0xc01c, 0xbf30, 0x3f6c, 0xc08e, 0x400a },
    { 0xc05e, 0xbfff, 0x4074, 0xbe00, 0x3fd2, 0xc10d, 0xbf9b, 0x408a, 0x4000, 0x4096, 0x4074, 0x40c0, 0xbf99, 0x4000, 0xc0a0, 0xc010 },
    { 0xc024, 0xbfb8, 0x3ef2, 0x40a0, 0x3db0, 0xc03a, 0xc035, 0x3f9f, 0x4021, 0xbfba, 0xbfe7, 0xc108, 0x40cf, 0x40a0, 0x40c2, 0x3f84 }
Scaled:
    { 0xc2c5, 0x42d0, 0x4165, 0x4301, 0xc364, 0xc2b8, 0xc187, 0x4025, 0x40e4, 0x411d, 0x408c, 0xc247, 0xbff6, 0x4392, 0x3fdb, 0x4221 },
    { 0x41b3, 0x416e, 0xc098, 0x4234, 0xc278, 0x4280, 0xc08f, 0x40f4, 0xc02e, 0x417c, 0xbf18, 0xc0ae, 0x4120, 0x4124, 0xbd94, 0xc1a0 },
    { 0xc2e1, 0x436d, 0xc08b, 0xc288, 0xc21e, 0x4398, 0xc1f0, 0x4204, 0x40ac, 0x42f2, 0xc084, 0xc1eb, 0xc1b8, 0x4289, 0xbfdc, 0xc162 },
    { 0x40cb, 0x4144, 0x3ec8, 0xc0ae, 0x40b6, 0x4100, 0x3f74, 0xc006, 0x3e98, 0xc0fa, 0x3d3d, 0xbfb4, 0xbf36, 0xc0b6, 0x3e36, 0x3e80 },
    { 0x403f, 0xc283, 0xbff8, 0x41c4, 0xc1e3, 0x4262, 0x401c, 0x4083, 0xbee6, 0xc064, 0xbf4e, 0x3ff4, 0x40b6, 0x41b3, 0x3f9b, 0x3fec },
    { 0x409e, 0xbfcc, 0xbe30, 0x3ee8, 0xc09a, 0x4163, 0x4035, 0xbe91, 0xbd16, 0xc0ba, 0x3e42, 0x4010, 0x3ea8, 0xc07e, 0x3df4, 0xbeaf },
    { 0xc0b8, 0x431c, 0x3f6a, 0xc27e, 0xc2ae, 0x433b, 0x4154, 0x415e, 0x3f83, 0x4280, 0x4098, 0x421c, 0xc15c, 0xc1f2, 0xc061, 0xc090 },
    { 0xc02a, 0x411b, 0x3dde, 0x3fbe, 0xc126, 0x413e, 0xbe72, 0xbec8, 0xbdfc, 0x3dc0, 0xbe2f, 0xbfcc, 0xbe8f, 0x405a, 0xbe13, 0x3f79 },
    { 0xc096, 0xc19a, 0x3f80, 0xc162, 0x4264, 0xc274, 0xc044, 0xbf50, 0x3f18, 0xbe20, 0xbe9a, 0x3fbf, 0x3f34, 0xc0b5, 0x3ddc, 0x4052 },
    { 0xc042, 0xbfc1, 0x3f08, 0xc03b, 0xc158, 0x4089, 0x3ea0, 0xbf0a, 0xbe26, 0x4012, 0xbe1d, 0x3f16, 0x3de3, 0xc0aa, 0xbe14, 0x3fa6 },
    { 0xc0aa, 0x4174, 0xbed5, 0x4038, 0xc1fc, 0x4255, 0x4010, 0x4067, 0xbe64, 0x3f8c, 0xbde3, 0x408a, 0x3f68, 0x40a3, 0xbe02, 0x3fd9 },
    { 0x3f76, 0x40bf, 0xbf01, 0xbf80, 0x411b, 0x409f, 0x3f13, 0x3e55, 0xbdf0, 0xbf1b, 0xbcb0, 0x3f60, 0xbe8c, 0xbfed, 0xbd91, 0xbeb2 },
    { 0x42b1, 0xc0a0, 0xc155, 0xc228, 0x440d, 0xc332, 0xc1c2, 0xc196, 0xc10b, 0xc2fd, 0xc105, 0xc08b, 0x41e9, 0xc2c4, 0xbff4, 0xc11b },
    { 0xbf40, 0x4170, 0x3d08, 0x3f02, 0xc0f2, 0x413b, 0xbe20, 0xbcac, 0xbe2c, 0x3f9c, 0xbe1e, 0xbf1c, 0xbdb0, 0x3f6c, 0xbe0e, 0x3f0a },
    { 0xbf5e, 0xbfff, 0x3df4, 0xbd80, 0x3fd2, 0xc10d, 0xbe1b, 0x3e8a, 0x3d80, 0x3f96, 0x3d74, 0x3f40, 0xbd99, 0x3f80, 0xbda0, 0xbe90 },
    { 0xbfa4, 0xc038, 0x3cf2, 0x40a0, 0x3e30, 0xc0ba, 0xbf35, 0x3e1f, 0x3e21, 0xbf3a, 0xbd67, 0xc008, 0x3f4f, 0x40a0, 0x3e42, 0x3e84 }
Accumulated:
    { 0xc2c5, 0x42d0, 0x4165, 0x4301, 0xc364, 0xc2b8, 0xc187, 0x4025, 0x40e4, 0x411d, 0x408c, 0xc247, 0xbff6, 0x4392, 0x3fdb, 0x4221 },
    { 0x41b3, 0x416e, 0xc098, 0x4234, 0xc278, 0x4280, 0xc08f, 0x40f4, 0xc02e, 0x417c, 0xbf18, 0xc0ae, 0x4120, 0x4124, 0xbd94, 0xc1a0 },
    { 0xc2e1, 0x436d, 0xc08b, 0xc288, 0xc21e, 0x4398, 0xc1f0, 0x4204, 0x40ac, 0x42f2, 0xc084, 0xc1eb, 0xc1b8, 0x4289, 0xbfdc, 0xc162 },
    { 0x40cb, 0x4144, 0x3ec8, 0xc0ae, 0x40b6, 0x4100, 0x3f74, 0xc006, 0x3e98, 0xc0fa, 0x3d3d, 0xbfb4, 0xbf36, 0xc0b6, 0x3e36, 0x3e80 },
    { 0x403f, 0xc283, 0xbff8, 0x41c4, 0xc1e3, 0x4262, 0x401c, 0x4083, 0xbee6, 0xc064, 0xbf4e, 0x3ff4, 0x40b6, 0x41b3, 0x3f9b, 0x3fec },
    { 0x409e, 0xbfcc, 0xbe30, 0x3ee8, 0xc09a, 0x4163, 0x4035, 0xbe91, 0xbd16, 0xc0ba, 0x3e42, 0x4010, 0x3ea8, 0xc07e, 0x3df4, 0xbeaf },
    { 0xc0b8, 0x431c, 0x3f6a, 0xc27e, 0xc2ae, 0x433b, 0x4154, 0x415e, 0x3f83, 0x4280, 0x4098, 0x421c, 0xc15c, 0xc1f2, 0xc061, 0xc090 },
    { 0xc02a, 0x411b, 0x3dde, 0x3fbe, 0xc126, 0x413e, 0xbe72, 0xbec8, 0xbdfc, 0x3dc0, 0xbe2f, 0xbfcc, 0xbe8f, 0x405a, 0xbe13, 0x3f79 },
    { 0xc096, 0xc19a, 0x3f80, 0xc162, 0x4264, 0xc274, 0xc044, 0xbf50, 0x3f18, 0xbe20, 0xbe9a, 0x3fbf, 0x3f34, 0xc0b5, 0x3ddc, 0x4052 },
    { 0xc042, 0xbfc1, 0x3f08, 0xc03b, 0xc158, 0x4089, 0x3ea0, 0xbf0a, 0xbe26, 0x4012, 0xbe1d, 0x3f16, 0x3de3, 0xc0aa, 0xbe14, 0x3fa6 },
    { 0xc0aa, 0x4174, 0xbed5, 0x4038, 0xc1fc, 0x4255, 0x4010, 0x4067, 0xbe64, 0x3f8c, 0xbde3, 0x408a, 0x3f68, 0x40a3, 0xbe02, 0x3fd9 },
    { 0x3f76, 0x40bf, 0xbf01, 0xbf80, 0x411b, 0x409f, 0x3f13, 0x3e55, 0xbdf0, 0xbf1b, 0xbcb0, 0x3f60, 0xbe8c, 0xbfed, 0xbd91, 0xbeb2 },
    { 0x42b1, 0xc0a0, 0xc155, 0xc228, 0x440d, 0xc332, 0xc1c2, 0xc196, 0xc10b, 0xc2fd, 0xc105, 0xc08b, 0x41e9, 0xc2c4, 0xbff4, 0xc11b },
    { 0xbf40, 0x4170, 0x3d08, 0x3f02, 0xc0f2, 0x413b, 0xbe20, 0xbcac, 0xbe2c, 0x3f9c, 0xbe1e, 0xbf1c, 0xbdb0, 0x3f6c, 0xbe0e, 0x3f0a },
    { 0xbf5e, 0xbfff, 0x3df4, 0xbd80, 0x3fd2, 0xc10d, 0xbe1b, 0x3e8a, 0x3d80, 0x3f96, 0x3d74, 0x3f40, 0xbd99, 0x3f80, 0xbda0, 0xbe90 },
    { 0xbfa4, 0xc038, 0x3cf2, 0x40a0, 0x3e30, 0xc0ba, 0xbf35, 0x3e1f, 0x3e21, 0xbf3a, 0xbd67, 0xc008, 0x3f4f, 0x40a0, 0x3e42, 0x3e84 }

= K: 16 =

Pre-scaled:
    { 0x3f9e, 0x4090, 0xbe93, 0x4096, 0x40f4, 0x406b, 0xc109, 0xbffb, 0xbd88, 0xc08a, 0xbff0, 0x3f02, 0x3fe9, 0xbe96, 0x3f96, 0xc0a3 },
    { 0x410e, 0x40bc, 0x3fa0, 0xbf9c, 0xbe90, 0xc093, 0x3f4c, 0xbfec, 0x3ee0, 0x40bd, 0xbf92, 0xc098, 0xbe20, 0xc0d4, 0xc09f, 0xbf81 },
    { 0x3f0c, 0xc080, 0xbfae, 0xc010, 0x401f, 0xc042, 0x4091, 0x4084, 0x4009, 0x404d, 0xc09c, 0x403d, 0xbf80, 0xbf5c, 0xbfd8, 0xc0b1 },
    { 0x3f50, 0x40ba, 0x4022, 0x4096, 0xc046, 0x407a, 0x400a, 0x3fd6, 0xbe84, 0xc01d, 0x4038, 0xbfec, 0xc092, 0x3ea4, 0xc008, 0x3e88 },
    { 0xbf8e, 0xc016, 0x3dac, 0xc036, 0x3fb1, 0xbfc9, 0x3e50, 0xbf2a, 0x3ee7, 0xbf0f, 0xc069, 0xbff4, 0x402c, 0xbfb2, 0xbf65, 0xbf56 },
    { 0x3ec2, 0x404d, 0xc03a, 0x3e38, 0xbfdf, 0x403c, 0xbf94, 0x4115, 0xbfdc, 0x4012, 0x4065, 0x4024, 0xbfe0, 0x400a, 0x408e, 0xc093 },
    { 0xbf78, 0xc0ab, 0xc006, 0xbfa9, 0xc0a7, 0xc057, 0x3e4d, 0xc05a, 0xc09a, 0x3ea0, 0xc073, 0x3f72, 0x3c80, 0x3bc0, 0xbf9b, 0x3f9b },
    { 0x40e1, 0x40d6, 0x3fe9, 0x3e34, 0xc018, 0x3ed0, 0x40a0, 0x3f25, 0x4038, 0xbf5d, 0x3fc6, 0xbf8a, 0xbfda, 0xbf9e, 0xbd00, 0xc03c },
    { 0x404c, 0x4030, 0x3eb0, 0xc0a6, 0xbfa0, 0xbfd7, 0x400e, 0xc0a2, 0x3f94, 0x40af, 0x3fd8, 0xc010, 0x408b, 0xbfdc, 0xbf48, 0x3ef0 },
    { 0xc0a0, 0xbeb6, 0x3fce, 0xc09d, 0x3fdc, 0x40a6, 0x3e4c, 0x3f16, 0x408c, 0xc00f, 0xc091, 0xbf99, 0xbfe6, 0x40cd, 0x4043, 0xc0ad },
    { 0xc10a, 0xc0fc, 0x4032, 0xc084, 0x4142, 0xc068, 0xc07b, 0xc0dd, 0x4110, 0xc0e9, 0x400e, 0xc029, 0x412d, 0x3f60, 0xc028, 0x40d2 },
    { 0xc084, 0xbf7c, 0x3f54, 0xc040, 0x40b8, 0x4021, 0xc062, 0x3ee5, 0x3d8e, 0xbfc4, 0xbf35, 0xbf30, 0x3f16, 0x403d, 0xbe85, 0xbfd1 },
    { 0x40ba, 0x3e88, 0x4054, 0x4086, 0xc051, 0xc0e0, 0x400c, 0xc06a, 0x407f, 0xc08c, 0x3f86, 0xc000, 0x3e10, 0xc054, 0xc044, 0x40c2 },
    { 0xc0dc, 0xc015, 0x3ff7, 0xbf82, 0x3fdf, 0xbf76, 0x3fa2, 0x3f69, 0x3fb8, 0xc09b, 0x4075, 0xc019, 0x3fbf, 0x4006, 0xc066, 0x3fa2 },
    { 0xbf58, 0x40c6, 0xbfc8, 0xc0b4, 0x3f65, 0x408c, 0x3fa4, 0x405a, 0x3e30, 0x3ed2, 0x3fb8, 0xc067, 0x4053, 0x3f92, 0x40e6, 0xc132 },
    { 0xc0b9, 0xbf9e, 0x3fbf, 0xc00c, 0x409f, 0x405e, 0x4004, 0x3ebe, 0x40c5, 0xc005, 0x4022, 0xbf8e, 0x4072, 0x3ff0, 0x40c0, 0xbff4 }
Scaled:
    { 0x419e, 0x4390, 0xbf13, 0x4316, 0x43f4, 0x436b, 0xc289, 0xc0fb, 0xbe08, 0xc28a, 0xbff0, 0x4082, 0x40e9, 0xc116, 0x3f96, 0xc223 },
    { 0x428e, 0x433c, 0x3fa0, 0xc19c, 0xc110, 0xc313, 0x404c, 0xc06c, 0x3ee0, 0x423d, 0xbf12, 0xc198, 0xbea0, 0xc2d4, 0xc01f, 0xc081 },
    { 0x410c, 0xc380, 0xc02e, 0xc290, 0x431f, 0xc342, 0x4211, 0x4184, 0x4089, 0x424d, 0xc09c, 0x41bd, 0xc080, 0xc1dc, 0xbfd8, 0xc231 },
    { 0x3f50, 0x41ba, 0x3ea2, 0x4116, 0xc146, 0x417a, 0x3f8a, 0x3ed6, 0xbd04, 0xc01d, 0x3e38, 0xbf6c, 0xbf92, 0x3f24, 0xbe08, 0x3e08 },
    { 0xc08e, 0xc216, 0x3d2c, 0xc1b6, 0x41b1, 0xc1c9, 0x3ed0, 0xbf2a, 0x3e67, 0xc00f, 0xbf69, 0xc074, 0x402c, 0xc132, 0xbe65, 0xbfd6 },
    { 0x3ec2, 0x414d, 0xbeba, 0x3eb8, 0xc0df, 0x413c, 0xbf14, 0x4015, 0xbe5c, 0x4012, 0x3e65, 0x3fa4, 0xbee0, 0x408a, 0x3e8e, 0xc013 },
    { 0xc178, 0xc3ab, 0xc086, 0xc229, 0xc3a7, 0xc357, 0x3fcd, 0xc15a, 0xc11a, 0x40a0, 0xc073, 0x40f2, 0x3d80, 0x3e40, 0xbf9b, 0x411b },
    { 0x4061, 0x4156, 0x3de9, 0x3e34, 0xc098, 0x3f50, 0x3fa0, 0x3da5, 0x3e38, 0xbedd, 0x3d46, 0xbe8a, 0xbe5a, 0xbf9e, 0xba80, 0xbf3c },
    { 0x40cc, 0x41b0, 0x3db0, 0xc1a6, 0xc120, 0xc157, 0x400e, 0xc022, 0x3e94, 0x412f, 0x3e58, 0xc010, 0x400b, 0xc0dc, 0xbdc8, 0x3ef0 },
    { 0xc0a0, 0xbfb6, 0x3e4e, 0xc11d, 0x40dc, 0x41a6, 0x3dcc, 0x3e16, 0x3f0c, 0xc00f, 0xbe91, 0xbf19, 0xbee6, 0x414d, 0x3e43, 0xc02d },
    { 0xc18a, 0xc27c, 0x3f32, 0xc184, 0x42c2, 0xc1e8, 0xc07b, 0xc05d, 0x4010, 0xc169, 0x3e8e, 0xc029, 0x40ad, 0x4060, 0xbea8, 0x40d2 },
    { 0xc004, 0xbffc, 0x3d54, 0xc040, 0x4138, 0x40a1, 0xbf62, 0x3d65, 0x3b8e, 0xbf44, 0xbcb5, 0xbe30, 0x3d96, 0x403d, 0xbc05, 0xbed1 },
    { 0x42ba, 0x4188, 0x40d4, 0x4306, 0xc351, 0xc3e0, 0x418c, 0xc16a, 0x40ff, 0xc28c, 0x3f86, 0xc180, 0x3f10, 0xc2d4, 0xc044, 0x4242 },
    { 0xc05c, 0xc095, 0x3df7, 0xbf82, 0x405f, 0xbff6, 0x3ea2, 0x3de9, 0x3db8, 0xc01b, 0x3df5, 0xbf19, 0x3e3f, 0x4006, 0xbde6, 0x3ea2 },
    { 0xbe58, 0x40c6, 0xbd48, 0xc034, 0x3f65, 0x408c, 0x3e24, 0x3e5a, 0x3bb0, 0x3dd2, 0x3cb8, 0xbee7, 0x3e53, 0x3f12, 0x3de6, 0xbfb2 },
    { 0xc039, 0xc01e, 0x3dbf, 0xc00c, 0x411f, 0x40de, 0x3f04, 0x3d3e, 0x3ec5, 0xbf85, 0x3da2, 0xbe8e, 0x3ef2, 0x3ff0, 0x3e40, 0xbef4 }
Accumulated:
    { 0xc29e, 0x43c4, 0x415c, 0x438c, 0x4382, 0x430f, 0xc2ab, 0xc0a8, 0x40e0, 0xc26d, 0x4020, 0xc237, 0x40ac, 0x438d, 0x4038, 0xbf00 },
    { 0x42bb, 0x434b, 0xc060, 0x41cc, 0xc28e, 0xc2a6, 0xbfa4, 0x407c, 0xc012, 0x427c, 0xbf95, 0xc1c4, 0x411b, 0xc2c0, 0xc024, 0xc1c0 },
    { 0xc2d0, 0xc198, 0xc0e2, 0xc30c, 0x42ef, 0x42dc, 0x40c8, 0x4246, 0x411a, 0x432c, 0xc110, 0xc0b8, 0xc1d8, 0x4224, 0xc05a, 0xc26a },
    { 0x40e5, 0x420e, 0x3f35, 0x407c, 0xc0d6, 0x41bd, 0x4002, 0xbfd6, 0x3e88, 0xc124, 0x3e67, 0xc015, 0xbfed, 0xc0a2, 0x3d38, 0x3ec4 },
    { 0xbfba, 0xc2ce, 0xbff3, 0x3fe0, 0xc0c8, 0x41fb, 0x4036, 0x405c, 0xbe65, 0xc0ba, 0xbfdc, 0xbff4, 0x4106, 0x4134, 0x3f7d, 0x3e30 },
    { 0x40aa, 0x4134, 0xbf09, 0x3f50, 0xc13c, 0x41d0, 0x4010, 0x4003, 0xbe81, 0xc062, 0x3ed4, 0x4062, 0xbde0, 0x3eb0, 0x3ecb, 0xc029 },
    { 0xc1aa, 0xc33a, 0xc052, 0xc2d4, 0xc3d2, 0xc1e0, 0x416e, 0x3e80, 0xc10a, 0x428a, 0x3f74, 0x423a, 0xc15b, 0xc1f0, 0xc097, 0x40a6 },
    { 0x3f5c, 0x41b8, 0x3e64, 0x3fd4, 0xc172, 0x414b, 0x3f82, 0xbe9f, 0x3d68, 0xbead, 0xbdfb, 0xbfee, 0xbefc, 0x400b, 0xbe14, 0x3e74 },
    { 0x3fd8, 0x4030, 0x3f8b, 0xc20c, 0x423c, 0xc295, 0xbf58, 0xc056, 0x3f62, 0x412c, 0xbdb8, 0xbf42, 0x4038, 0xc148, 0x3c20, 0x4070 },
    { 0xc100, 0xc03c, 0x3f3c, 0xc14c, 0xc0d4, 0x41c8, 0x3ed3, 0xbec9, 0x3ec5, 0x3d40, 0xbee0, 0xbc40, 0xbead, 0x40f0, 0x3d3c, 0xbfb4 },
    { 0xc1b4, 0xc23f, 0x3e8f, 0xc15a, 0x4283, 0x41c2, 0xbfd6, 0x3e20, 0x4002, 0xc158, 0x3e2a, 0x3fd6, 0x40ca, 0x410a, 0xbee9, 0x4104 },
    { 0xbf8d, 0x4080, 0xbee8, 0xc080, 0x41aa, 0x4120, 0xbe9e, 0x3e87, 0xbde7, 0xbfb0, 0xbd32, 0x3f34, 0xbe4d, 0x3f8d, 0xbda2, 0xbf42 },
    { 0x4336, 0x4140, 0xc0d6, 0x42b8, 0x43b2, 0xc41c, 0xc0d8, 0xc206, 0xbf38, 0xc344, 0xc0e8, 0xc1a3, 0x41ee, 0xc34c, 0xc09f, 0x421b },
    { 0xc086, 0x4126, 0x3e1e, 0xbf02, 0xc082, 0x411c, 0x3e24, 0x3dbe, 0xbda0, 0xbf9a, 0xbd0e, 0xbf9a, 0x3dce, 0x4041, 0xbe80, 0x3f5b },
    { 0xbf8a, 0x4086, 0x3d90, 0xc038, 0x4022, 0xc08e, 0x3c10, 0x3ef7, 0x3d8b, 0x3fa3, 0x3da8, 0x3e99, 0x3e06, 0x3fc9, 0x3d0c, 0xbfd6 },
    { 0xc086, 0xc0ab, 0x3dfc, 0x4034, 0x4122, 0x3f90, 0xbe44, 0x3e4e, 0x3f0b, 0xbfe2, 0x3cba, 0xc01a, 0x3fa4, 0x40dc, 0x3ec1, 0xbe60 }



== M: 16, N: 0 ==



= K: 0 =

Pre-scaled:
    { 0xc088, 0x3da8, 0x4068, 0xbde0, 0x3f03, 0x406e, 0xc082, 0x408f, 0xbf66, 0xc06a, 0x404b, 0x3e76, 0xc055, 0x3e8c, 0x4042, 0x4050 },
    { 0xc0a1, 0x3eb9, 0xbfa3, 0xbfba, 0xbf5c, 0xbf47, 0xc018, 0x4053, 0x408e, 0x3f09, 0xbea3, 0xbf85, 0x4079, 0xbf1c, 0x4095, 0xbe60 },
    { 0x3fd7, 0xc076, 0x409f, 0x4112, 0x3ed0, 0x3f54, 0x3f82, 0xbfed, 0x3fb4, 0x4014, 0xc00a, 0xbff4, 0xc10b, 0xc03d, 0xc03e, 0x40ac },
    { 0x4006, 0x3fb3, 0x405c, 0x3f0a, 0xbe88, 0xbf95, 0x4091, 0x4023, 0xc100, 0x3fca, 0xc022, 0xbf32, 0x3e54, 0x403e, 0x4094, 0x400f },
    { 0xc022, 0x406a, 0x3f08, 0x4049, 0x4050, 0xc0b3, 0xc02c, 0x40d3, 0x3edc, 0xc01c, 0x3c00, 0x409d, 0xc002, 0x401a, 0xbfad, 0x40ba },
    { 0x40eb, 0x3f10, 0xc0e4, 0x40c1, 0x40a6, 0xc044, 0xc03a, 0xc0c7, 0x4022, 0x3f06, 0xbfbf, 0x40d2, 0x408e, 0xc0af, 0xc040, 0x3fd1 },
    { 0xc01e, 0x3eab, 0xc079, 0xc06f, 0x3f26, 0xbff6, 0x4012, 0x402a, 0x404c, 0x3f40, 0xbfd0, 0x3e3c, 0x40fa, 0xc024, 0x401c, 0xc066 },
    { 0xbfa8, 0x3fe3, 0x3f18, 0xc09d, 0x3e30, 0x403b, 0xbf4d, 0x407a, 0x4013, 0xc0a2, 0x3fb0, 0x3e40, 0xc083, 0xbfe7, 0xc029, 0x3f45 },
    { 0xbfdf, 0xc037, 0xc092, 0xc050, 0xc06f, 0x3ffb, 0xc06e, 0xc0e1, 0xbf0a, 0x40a9, 0x40ba, 0x409b, 0x4014, 0x3fb9, 0x406c, 0xbec2 },
    { 0x3e68, 0x3efc, 0xc026, 0x3fcc, 0x405a, 0xc0c8, 0xc005, 0xc0be, 0xc055, 0x405c, 0xc084, 0x40f6, 0x4062, 0x3fa1, 0xc024, 0xc0b4 },
    { 0xc008, 0xc036, 0x409b, 0x405e, 0x3fb8, 0xbf5c, 0x4091, 0x3fac, 0x4000, 0x4054, 0xc0c3, 0xc083, 0xc046, 0xc01e, 0xc05a, 0xbfd6 },
    { 0x3e82, 0xbfbc, 0xc014, 0xc01e, 0x4072, 0xc08a, 0x4084, 0xbf73, 0x3fc8, 0xc029, 0x4007, 0x3f60, 0xc033, 0x40a6, 0xbf9a, 0xc02f },
    { 0xc133, 0x3f62, 0x3e50, 0xc103, 0x3fb7, 0xc0c2, 0x4068, 0x40c2, 0xc034, 0xbf98, 0xc090, 0x4031, 0x4027, 0x40d7, 0x4094, 0xc0ec },
    { 0xbf2d, 0x3fd0, 0xc093, 0xc104, 0x3ffa, 0x4069, 0xc01d, 0xbfcf, 0x4017, 0xc019, 0x3fe6, 0x4106, 0xc0e7, 0xc09f, 0xc0c4, 0x4042 },
    { 0x40e2, 0xbef2, 0x400e, 0x3eef, 0x3f99, 0x410c, 0xbfc4, 0xbf7f, 0x3fe0, 0xc041, 0x3f6e, 0x3f90, 0xc0ab, 0xc10b, 0xc06b, 0x40be },
    { 0x40cd, 0x4067, 0xbf2d, 0x40f8, 0xbe70, 0x40c0, 0xc0b6, 0xbf8e, 0xbf97, 0xc042, 0x3ef3, 0xbf28, 0x3f64, 0xc0d0, 0x3f1c, 0x4104 }
Scaled:
    { 0xc408, 0x3f28, 0x4168, 0xbfe0, 0x4283, 0x416e, 0xc282, 0x440f, 0xbf66, 0xc2ea, 0x404b, 0x41f6, 0xc0d5, 0x400c, 0x4242, 0x4250 },
    { 0xc4a1, 0x40b9, 0xc123, 0xc23a, 0xc35c, 0xc0c7, 0xc298, 0x4453, 0x410e, 0x4209, 0xbf23, 0xc385, 0x4179, 0xc11c, 0x4315, 0xc0e0 },
    { 0x40d7, 0xbf76, 0x3f1f, 0x4092, 0x3fd0, 0x3dd4, 0x3f02, 0xc0ed, 0x3d34, 0x4014, 0xbd8a, 0xc0f4, 0xbf0b, 0xbf3d, 0xbfbe, 0x402c },
    { 0x4086, 0x3e33, 0x3e5c, 0x3e0a, 0xbf08, 0xbd95, 0x3f91, 0x40a3, 0xbe00, 0x3f4a, 0xbd22, 0xbfb2, 0x3bd4, 0x3ebe, 0x3f94, 0x3f0f },
    { 0xc3a2, 0x41ea, 0x4008, 0x4249, 0x43d0, 0xc1b3, 0xc22c, 0x4453, 0x3edc, 0xc29c, 0x3c00, 0x441d, 0xc082, 0x419a, 0xc1ad, 0x42ba },
    { 0x416b, 0x3d90, 0xbee4, 0x3fc1, 0x4126, 0xbe44, 0xbf3a, 0xc147, 0x3d22, 0x3e86, 0xbcbf, 0x4152, 0x3e0e, 0xbf2f, 0xbf40, 0x3ed1 },
    { 0xc41e, 0x40ab, 0xc1f9, 0xc2ef, 0x4326, 0xc176, 0x4292, 0x442a, 0x40cc, 0x4240, 0xc050, 0x423c, 0x41fa, 0xc224, 0x429c, 0xc2e6 },
    { 0xc0a8, 0x3ee3, 0x3d98, 0xc01d, 0x3f30, 0x3ebb, 0xbecd, 0x417a, 0x3d93, 0xc0a2, 0x3d30, 0x3f40, 0xbe83, 0xbee7, 0xbfa9, 0x3ec5 },
    { 0xc1df, 0xc037, 0xc012, 0xc0d0, 0xc26f, 0x3f7b, 0xc0ee, 0xc2e1, 0xbd8a, 0x41a9, 0x3f3a, 0x429b, 0x3f14, 0x3fb9, 0x40ec, 0xbf42 },
    { 0x41e8, 0x407c, 0xc126, 0x41cc, 0x43da, 0xc1c8, 0xc205, 0xc43e, 0xc055, 0x42dc, 0xc084, 0x4476, 0x40e2, 0x4121, 0xc224, 0xc2b4 },
    { 0xc308, 0xc136, 0x411b, 0x41de, 0x42b8, 0xbfdc, 0x4211, 0x42ac, 0x3f80, 0x4254, 0xc043, 0xc383, 0xc046, 0xc11e, 0xc1da, 0xc156 },
    { 0x4102, 0xc03c, 0xc014, 0xc11e, 0x42f2, 0xc08a, 0x4184, 0xc1f3, 0x3ec8, 0xc1a9, 0x3f07, 0x41e0, 0xbfb3, 0x4126, 0xc09a, 0xc12f },
    { 0xc1b3, 0x3de2, 0x3c50, 0xc003, 0x4037, 0xbec2, 0x3f68, 0x4142, 0xbd34, 0xbf18, 0xbd90, 0x40b1, 0x3da7, 0x3f57, 0x3f94, 0xbfec },
    { 0xbfad, 0x3e50, 0xbe93, 0xc004, 0x407a, 0x3e69, 0xbf1d, 0xc04f, 0x3d17, 0xbf99, 0x3ce6, 0x4186, 0xbe67, 0xbf1f, 0xbfc4, 0x3f42 },
    { 0x4362, 0xbf72, 0x400e, 0x3fef, 0x4219, 0x410c, 0xc0c4, 0xc1ff, 0x3ee0, 0xc1c1, 0x3e6e, 0x4210, 0xc02b, 0xc18b, 0xc16b, 0x41be },
    { 0x41cd, 0x3f67, 0xbdad, 0x4078, 0xbf70, 0x3f40, 0xc036, 0xc08e, 0xbd17, 0xc042, 0x3c73, 0xc028, 0x3d64, 0xbfd0, 0x3e9c, 0x4084 }
Accumulated:
    { 0xc408, 0x3f28, 0x4168, 0xbfe0, 0x4283, 0x416e, 0xc282, 0x440f, 0xbf66, 0xc2ea, 0x404b, 0x41f6, 0xc0d5, 0x400c, 0x4242, 0x4250 },
    { 0xc4a1, 0x40b9, 0xc123, 0xc23a, 0xc35c, 0xc0c7, 0xc298, 0x4453, 0x410e, 0x4209, 0xbf23, 0xc385, 0x4179, 0xc11c, 0x4315, 0xc0e0 },
    { 0x40d7, 0xbf76, 0x3f1f, 0x4092, 0x3fd0, 0x3dd4, 0x3f02, 0xc0ed, 0x3d34, 0x4014, 0xbd8a, 0xc0f4, 0xbf0b, 0xbf3d, 0xbfbe, 0x402c },
    { 0x4086, 0x3e33, 0x3e5c, 0x3e0a, 0xbf08, 0xbd95, 0x3f91, 0x40a3, 0xbe00, 0x3f4a, 0xbd22, 0xbfb2, 0x3bd4, 0x3ebe, 0x3f94, 0x3f0f },
    { 0xc3a2, 0x41ea, 0x4008, 0x4249, 0x43d0, 0xc1b3, 0xc22c, 0x4453, 0x3edc, 0xc29c, 0x3c00, 0x441d, 0xc082, 0x419a, 0xc1ad, 0x42ba },
    { 0x416b, 0x3d90, 0xbee4, 0x3fc1, 0x4126, 0xbe44, 0xbf3a, 0xc147, 0x3d22, 0x3e86, 0xbcbf, 0x4152, 0x3e0e, 0xbf2f, 0xbf40, 0x3ed1 },
    { 0xc41e, 0x40ab, 0xc1f9, 0xc2ef, 0x4326, 0xc176, 0x4292, 0x442a, 0x40cc, 0x4240, 0xc050, 0x423c, 0x41fa, 0xc224, 0x429c, 0xc2e6 },
    { 0xc0a8, 0x3ee3, 0x3d98, 0xc01d, 0x3f30, 0x3ebb, 0xbecd, 0x417a, 0x3d93, 0xc0a2, 0x3d30, 0x3f40, 0xbe83, 0xbee7, 0xbfa9, 0x3ec5 },
    { 0xc1df, 0xc037, 0xc012, 0xc0d0, 0xc26f, 0x3f7b, 0xc0ee, 0xc2e1, 0xbd8a, 0x41a9, 0x3f3a, 0x429b, 0x3f14, 0x3fb9, 0x40ec, 0xbf42 },
    { 0x41e8, 0x407c, 0xc126, 0x41cc, 0x43da, 0xc1c8, 0xc205, 0xc43e, 0xc055, 0x42dc, 0xc084, 0x4476, 0x40e2, 0x4121, 0xc224, 0xc2b4 },
    { 0xc308, 0xc136, 0x411b, 0x41de, 0x42b8, 0xbfdc, 0x4211, 0x42ac, 0x3f80, 0x4254, 0xc043, 0xc383, 0xc046, 0xc11e, 0xc1da, 0xc156 },
    { 0x4102, 0xc03c, 0xc014, 0xc11e, 0x42f2, 0xc08a, 0x4184, 0xc1f3, 0x3ec8, 0xc1a9, 0x3f07, 0x41e0, 0xbfb3, 0x4126, 0xc09a, 0xc12f },
    { 0xc1b3, 0x3de2, 0x3c50, 0xc003, 0x4037, 0xbec2, 0x3f68, 0x4142, 0xbd34, 0xbf18, 0xbd90, 0x40b1, 0x3da7, 0x3f57, 0x3f94, 0xbfec },
    { 0xbfad, 0x3e50, 0xbe93, 0xc004, 0x407a, 0x3e69, 0xbf1d, 0xc04f, 0x3d17, 0xbf99, 0x3ce6, 0x4186, 0xbe67, 0xbf1f, 0xbfc4, 0x3f42 },
    { 0x4362, 0xbf72, 0x400e, 0x3fef, 0x4219, 0x410c, 0xc0c4, 0xc1ff, 0x3ee0, 0xc1c1, 0x3e6e, 0x4210, 0xc02b, 0xc18b, 0xc16b, 0x41be },
    { 0x41cd, 0x3f67, 0xbdad, 0x4078, 0xbf70, 0x3f40, 0xc036, 0xc08e, 0xbd17, 0xc042, 0x3c73, 0xc028, 0x3d64, 0xbfd0, 0x3e9c, 0x4084 }

= K: 16 =

Pre-scaled:
    { 0xc0a4, 0xc080, 0x3f0c, 0xc05b, 0xc02c, 0x407c, 0x40eb, 0xbed8, 0x40bb, 0x40c7, 0x3f44, 0xbf46, 0x3e32, 0xc109, 0xc113, 0x4130 },
    { 0x40c2, 0x400d, 0x3f87, 0x401a, 0xc0c8, 0xc07c, 0x4056, 0x3ffe, 0xbfab, 0x3f15, 0x40b1, 0x40bc, 0x411b, 0x402c, 0x3fae, 0xbede },
    { 0x4049, 0xc0d9, 0xbfed, 0x4065, 0x40a7, 0x40e8, 0x3ff2, 0xc092, 0x3fc6, 0xbfb7, 0xc09f, 0x402c, 0x408f, 0xc058, 0x40a6, 0x40c7 },
    { 0x3fe9, 0x4052, 0x4096, 0x409f, 0xc006, 0x4000, 0xc0ba, 0x400d, 0xc050, 0x3c80, 0x3f08, 0xbf41, 0xbfcc, 0x40ac, 0xc078, 0xbfde },
    { 0xbff5, 0x40bf, 0x40b8, 0x3ff4, 0xc018, 0x3f23, 0xbfba, 0xc016, 0xc0a1, 0x40d2, 0x3ecb, 0xc092, 0xbec0, 0xc057, 0xbfef, 0xc007 },
    { 0xc0b3, 0x403a, 0x3f7f, 0x40e0, 0xbf29, 0x40a4, 0xc0ed, 0xbf0b, 0xc039, 0xbfad, 0xc052, 0x405e, 0xc02e, 0xbfe1, 0xc03d, 0xc0fb },
    { 0x4037, 0x4037, 0x3d6a, 0x4078, 0xbfe6, 0xc006, 0xc0b3, 0x3db8, 0xc096, 0x3fd1, 0x3f2d, 0xc009, 0xbf8f, 0xbfb3, 0xbfaa, 0xc07c },
    { 0x410f, 0x4050, 0x3fb6, 0xc086, 0xc0d3, 0xc113, 0x409b, 0x404c, 0xbf9f, 0x4072, 0x4094, 0xc061, 0xbd9e, 0x4070, 0x3e0a, 0x3f81 },
    { 0x3fd2, 0xbf72, 0xbf05, 0x3fbf, 0xbfd8, 0xc092, 0x40bc, 0xc0b1, 0x4055, 0xbec3, 0x3f96, 0x3fb6, 0xbfad, 0xbf76, 0xc001, 0x4089 },
    { 0xbfa5, 0x3ee4, 0x3f8d, 0x4012, 0x40b3, 0x412e, 0xc104, 0x400b, 0x3f28, 0xc02a, 0xc0a0, 0xc10a, 0xc0c2, 0x3f48, 0xbfe0, 0x4080 },
    { 0x4080, 0x3f1c, 0xbfa3, 0x3fb6, 0x403d, 0xbfbb, 0x3f24, 0x4036, 0xbf30, 0xbf29, 0xc009, 0x409e, 0xc0c0, 0x40a5, 0x405b, 0xbff5 },
    { 0x4029, 0x40fa, 0xbeca, 0xbbb0, 0xbf32, 0xc112, 0x3e02, 0x3fee, 0xc079, 0x407c, 0x4084, 0xbf86, 0xc082, 0xbe38, 0x3f80, 0xc0bb },
    { 0x4014, 0x3f88, 0xc0b2, 0xc053, 0xc078, 0xbe7c, 0x408a, 0x3fdc, 0x4060, 0x3f61, 0xbfd8, 0x40a1, 0x40cc, 0x3df8, 0x3ff6, 0xc08d },
    { 0x3f6d, 0x403f, 0xbfb3, 0x4062, 0xc000, 0x3fff, 0xbf3e, 0xbff8, 0xbf37, 0xbf76, 0xbdf4, 0xbfb2, 0x4068, 0x3eb9, 0x3ff6, 0xbf7f },
    { 0x3f1c, 0xc00f, 0xc009, 0x406f, 0xc106, 0x4082, 0x4029, 0x4090, 0x407e, 0x404c, 0xc05c, 0x403f, 0xc0aa, 0xbf8c, 0xc0e1, 0x3f82 },
    { 0x4072, 0x4024, 0xc0a8, 0xc071, 0x4012, 0xbf89, 0x407c, 0xc000, 0x4098, 0x3e04, 0x3fac, 0xbf40, 0x4094, 0x400e, 0xc01c, 0x4067 }
Scaled:
    { 0xc424, 0xc200, 0x400c, 0xc25b, 0xc3ac, 0x417c, 0x42eb, 0xc258, 0x40bb, 0x4347, 0x3f44, 0xc2c6, 0x3eb2, 0xc289, 0xc313, 0x4330 },
    { 0x44c2, 0x420d, 0x4107, 0x429a, 0xc4c8, 0xc1fc, 0x42d6, 0x43fe, 0xc02b, 0x4215, 0x4131, 0x44bc, 0x421b, 0x422c, 0x422e, 0xc15e },
    { 0x4149, 0xbfd9, 0xbe6d, 0x3fe5, 0x41a7, 0x3f68, 0x3f72, 0xc192, 0x3d46, 0xbfb7, 0xbe1f, 0x412c, 0x3e8f, 0xbf58, 0x4026, 0x4047 },
    { 0x4069, 0x3ed2, 0x3e96, 0x3f9f, 0xc086, 0x3e00, 0xbfba, 0x408d, 0xbd50, 0x3c00, 0x3c08, 0xbfc1, 0xbd4c, 0x3f2c, 0xbf78, 0xbede },
    { 0xc375, 0x423f, 0x41b8, 0x41f4, 0xc398, 0x4023, 0xc1ba, 0xc396, 0xc0a1, 0x4352, 0x3ecb, 0xc412, 0xbf40, 0xc1d7, 0xc1ef, 0xc207 },
    { 0xc133, 0x3eba, 0x3d7f, 0x3fe0, 0xbfa9, 0x3ea4, 0xbfed, 0xbf8b, 0xbd39, 0xbf2d, 0xbd52, 0x40de, 0xbdae, 0xbe61, 0xbf3d, 0xbffb },
    { 0x4437, 0x4237, 0x3eea, 0x42f8, 0xc3e6, 0xc186, 0xc333, 0x41b8, 0xc116, 0x42d1, 0x3fad, 0xc409, 0xc08f, 0xc1b3, 0xc22a, 0xc2fc },
    { 0x420f, 0x3f50, 0x3e36, 0xc006, 0xc1d3, 0xbf93, 0x401b, 0x414c, 0xbd1f, 0x4072, 0x3e14, 0xc161, 0xbb9e, 0x3f70, 0x3d8a, 0x3f01 },
    { 0x41d2, 0xbf72, 0xbe85, 0x403f, 0xc1d8, 0xc012, 0x413c, 0xc2b1, 0x3ed5, 0xbfc3, 0x3e16, 0x41b6, 0xbead, 0xbf76, 0xc081, 0x4109 },
    { 0xc325, 0x4064, 0x408d, 0x4212, 0x4433, 0x422e, 0xc304, 0x438b, 0x3f28, 0xc2aa, 0xc0a0, 0xc48a, 0xc142, 0x40c8, 0xc1e0, 0x4280 },
    { 0x4380, 0x401c, 0xc023, 0x4136, 0x433d, 0xc03b, 0x40a4, 0x4336, 0xbeb0, 0xc129, 0xbf89, 0x439e, 0xc0c0, 0x41a5, 0x41db, 0xc175 },
    { 0x42a9, 0x417a, 0xbeca, 0xbcb0, 0xc1b2, 0xc112, 0x3f02, 0x426e, 0xbf79, 0x41fc, 0x3f84, 0xc206, 0xc002, 0xbeb8, 0x4080, 0xc1bb },
    { 0x4094, 0x3e08, 0xbeb2, 0xbf53, 0xc0f8, 0xbc7c, 0x3f8a, 0x405c, 0x3d60, 0x3ee1, 0xbcd8, 0x4121, 0x3e4c, 0x3c78, 0x3ef6, 0xbf8d },
    { 0x3fed, 0x3ebf, 0xbdb3, 0x3f62, 0xc080, 0x3dff, 0xbe3e, 0xc078, 0xbc37, 0xbef6, 0xbaf4, 0xc032, 0x3de8, 0x3d39, 0x3ef6, 0xbe7f },
    { 0x419c, 0xc08f, 0xc009, 0x416f, 0xc386, 0x4082, 0x4129, 0x4310, 0x3f7e, 0x41cc, 0xbf5c, 0x42bf, 0xc02a, 0xc00c, 0xc1e1, 0x4082 },
    { 0x4172, 0x3f24, 0xbf28, 0xbff1, 0x4112, 0xbe09, 0x3ffc, 0xc100, 0x3e18, 0x3e04, 0x3d2c, 0xc040, 0x3e94, 0x3f0e, 0xbf9c, 0x3fe7 }
Accumulated:
    { 0xc496, 0xc1fb, 0x4186, 0xc262, 0xc38b, 0x41f5, 0x4252, 0x4402, 0x409e, 0x42a4, 0x407c, 0xc288, 0xc0ca, 0xc285, 0xc2c5, 0x4364 },
    { 0x4384, 0x4224, 0xbfe0, 0x41f4, 0xc4e4, 0xc217, 0x41f8, 0x44a9, 0x40c6, 0x428f, 0x4127, 0x449b, 0x4259, 0x4205, 0x4340, 0xc1a7 },
    { 0x419a, 0xc02a, 0x3ec8, 0x40cb, 0x41b4, 0x3f81, 0x3fba, 0xc1cd, 0x3dbd, 0x3f62, 0xbe64, 0x4048, 0xbe87, 0xbfca, 0x3f8e, 0x40ba },
    { 0x40fa, 0x3f16, 0x3f02, 0x3fb0, 0xc097, 0x3d56, 0xbea4, 0x4118, 0xbe34, 0x3f4c, 0xbd00, 0xc03a, 0xbd32, 0x3f86, 0x3e40, 0x3e00 },
    { 0xc40e, 0x429a, 0x41c9, 0x42a2, 0x42e0, 0xc19f, 0xc284, 0x4408, 0xc093, 0x4304, 0x3ecf, 0x4230, 0xc09a, 0xc0f4, 0xc24e, 0x426d },
    { 0x4060, 0x3ede, 0xbec4, 0x4050, 0x4111, 0x3e04, 0xc025, 0xc158, 0xbbb8, 0xbed4, 0xbd99, 0x41a0, 0x3d5c, 0xbf67, 0xbfbe, 0xbfc7 },
    { 0x42c8, 0x424c, 0xc1f5, 0x4090, 0xc393, 0xc200, 0xc2d4, 0x4430, 0xc040, 0x4318, 0xbff3, 0xc3fa, 0x41d6, 0xc27e, 0x420e, 0xc371 },
    { 0x41f4, 0x3fa1, 0x3e81, 0xc092, 0xc1ce, 0xbf48, 0x4001, 0x41e3, 0x3d07, 0xbfa4, 0x3e40, 0xc155, 0xbe85, 0x3ef9, 0xbfa0, 0x3f64 },
    { 0xbfd0, 0xc074, 0xc023, 0xc061, 0xc2ae, 0xbfa6, 0x408a, 0xc349, 0x3eb2, 0x419d, 0x3f60, 0x42c8, 0x3e76, 0x3ef8, 0x4056, 0x40fa },
    { 0xc308, 0x40f0, 0xc0bf, 0x4278, 0x4490, 0x4194, 0xc325, 0xc3f1, 0xc02b, 0x41c8, 0xc112, 0xc2f0, 0xc0a2, 0x4182, 0xc28a, 0xc1d0 },
    { 0x42f0, 0xc10f, 0x40e4, 0x421c, 0x438c, 0xc094, 0x4226, 0x4386, 0x3f28, 0x422a, 0xc084, 0x4258, 0xc112, 0x412c, 0x3e00, 0xc1e6 },
    { 0x42b9, 0x414b, 0xc02d, 0xc11e, 0x42c6, 0xc157, 0x4188, 0x41e9, 0xbf15, 0x4126, 0x3fc8, 0xc0b0, 0xc05c, 0x4120, 0xbf50, 0xc209 },
    { 0xc18e, 0x3e79, 0xbeac, 0xc038, 0xc09c, 0xbeca, 0x3ffe, 0x4179, 0x3c30, 0xbe1e, 0xbdc6, 0x417a, 0x3e90, 0x3f5b, 0x3fd2, 0xc03c },
    { 0x3f00, 0x3f14, 0xbec0, 0xbf97, 0xbdc0, 0x3eb4, 0xbf4c, 0xc0e4, 0x3cd2, 0xbfd6, 0x3cd7, 0x4160, 0xbde6, 0xbf13, 0xbf86, 0x3f02 },
    { 0x4376, 0xc0ad, 0x3da0, 0x4186, 0xc366, 0x414d, 0x408e, 0x42e0, 0x3fb7, 0x3fb0, 0xbf20, 0x4304, 0xc0aa, 0xc19c, 0xc22b, 0x41de },
    { 0x4223, 0x3fc6, 0xbf3e, 0x3fff, 0x4103, 0x3f1e, 0xbf60, 0xc147, 0x3de4, 0xc03a, 0x3d69, 0xc0b4, 0x3eb0, 0xbf89, 0xbf6a, 0x40be }



== M: 16, N: 16 ==



= K: 0 =

Pre-scaled:
    { 0xc0b2, 0xbf84, 0x3f8a, 0x3f83, 0xc026, 0x3f80, 0x3fb8, 0x409e, 0xbf7e, 0x40d4, 0xc094, 0xbfb2, 0x4008, 0x4023, 0x3fe1, 0x3ff8 },
    { 0x3fce, 0xbf79, 0x3f11, 0xbf23, 0x4041, 0xc08c, 0xc024, 0xc108, 0xc025, 0xc04b, 0xc102, 0xc081, 0x407f, 0xc084, 0xbf3d, 0xbe96 },
    { 0x402c, 0xc0c3, 0xc0a2, 0xc04c, 0x40c2, 0xbffa, 0xc014, 0x408c, 0x3ece, 0x4031, 0x3ebc, 0x40db, 0x407a, 0xc087, 0x3f9a, 0xc089 },
    { 0x4021, 0xc03f, 0xbf35, 0xc05a, 0xbf8e, 0x3f0d, 0x3ff8, 0x4115, 0x402c, 0x40d2, 0x412f, 0x411a, 0xc032, 0xc083, 0x3f14, 0xc0dc },
    { 0xc12f, 0x3e48, 0x4088, 0xbfd0, 0x4032, 0xc090, 0x4064, 0x4094, 0x3fcc, 0x4106, 0x4031, 0xbf4c, 0xbfff, 0x3fbf, 0x3fb9, 0x409c },
    { 0xc006, 0x401b, 0x4028, 0xc0a9, 0x40cc, 0xc0d9, 0xc058, 0xbfa0, 0x3f60, 0x4084, 0x4047, 0x3f8e, 0xbfa2, 0xc0fa, 0xc076, 0xbf14 },
    { 0x406e, 0xc02d, 0x3fe2, 0xbefc, 0xc048, 0xbf16, 0x4080, 0xc0c9, 0xc008, 0xc04a, 0xbf36, 0x3fbc, 0x3f92, 0xc0af, 0xbfb3, 0xbf04 },
    { 0xc0a6, 0xbf40, 0x4066, 0xbe60, 0xc055, 0x40a2, 0x3f30, 0xc00b, 0x3fe8, 0x0000, 0xc119, 0xc055, 0x3de0, 0x4040, 0x3f96, 0x4084 },
    { 0xbfba, 0xc027, 0xbfe3, 0x401f, 0xc0b4, 0x3ed1, 0x4013, 0x4072, 0xc07a, 0xbf7e, 0x40b1, 0x4091, 0xbfb3, 0x3d58, 0xbff8, 0x3e2f },
    { 0xbf4c, 0x40c4, 0x401e, 0x403a, 0xbfa8, 0xc0ca, 0xc124, 0x4097, 0x402a, 0x4086, 0x40d5, 0xc12b, 0xc006, 0x4089, 0xc01d, 0xc0c3 },
    { 0x40d9, 0xc025, 0xc08c, 0x3eb4, 0x3fde, 0x3e00, 0xc02a, 0xc022, 0xbf5a, 0xc04a, 0xc018, 0xbf1f, 0x4042, 0xbfac, 0xbe48, 0xc0a4 },
    { 0xc010, 0x408c, 0x3e8a, 0x3e60, 0x405a, 0x3fde, 0x409e, 0xc01b, 0x4052, 0xc0c3, 0x408e, 0x3eb0, 0xc05c, 0xbd82, 0x4095, 0x4098 },
    { 0x4038, 0x4089, 0x400a, 0x40c3, 0xc0be, 0xbd00, 0xc01f, 0xbf34, 0x3fe4, 0xc03a, 0x407a, 0xc149, 0x401c, 0x4096, 0x407a, 0xc07c },
    { 0xc13e, 0x3fa2, 0x405f, 0xbfbe, 0xc0d6, 0x4117, 0xbda0, 0x3f3c, 0x3f94, 0x3f90, 0xc104, 0xc06a, 0xc0a9, 0x403c, 0xc010, 0x40a6 },
    { 0xc0cd, 0xbf8f, 0x4019, 0xc054, 0xc002, 0x40b4, 0x400d, 0x3f39, 0xbedc, 0x40b7, 0xc054, 0x4058, 0xbff6, 0xbf84, 0xbfe5, 0x40a7 },
    { 0xc01c, 0x4022, 0x3ee2, 0xc084, 0x4095, 0xc000, 0xc002, 0x4011, 0xc002, 0x411e, 0xc010, 0x3f9d, 0x3fa6, 0xc03f, 0xc069, 0x3fe4 }
Scaled:
    { 0xc2b2, 0xc284, 0x400a, 0x4203, 0xc326, 0x4280, 0x4138, 0x419e, 0xbffe, 0x42d4, 0xc094, 0xc132, 0x4108, 0x42a3, 0x3fe1, 0x4178 },
    { 0x424e, 0xc2f9, 0x4011, 0xc223, 0x43c1, 0xc40c, 0xc224, 0xc288, 0xc125, 0xc2cb, 0xc182, 0xc281, 0x41ff, 0xc384, 0xbfbd, 0xc096 },
    { 0x3fac, 0xc143, 0xbea2, 0xc04c, 0x4142, 0xc07a, 0xbf14, 0x3f0c, 0x3cce, 0x3fb1, 0x3c3c, 0x3fdb, 0x3efa, 0xc087, 0x3d1a, 0xbf89 },
    { 0x3f21, 0xc03f, 0xbcb5, 0xbfda, 0xbf8e, 0x3f0d, 0x3e78, 0x3f15, 0x3dac, 0x3fd2, 0x3e2f, 0x3f9a, 0xbe32, 0xc003, 0x3c14, 0xbf5c },
    { 0xc32f, 0x4148, 0x4108, 0xc250, 0x4332, 0xc390, 0x41e4, 0x4194, 0x404c, 0x4306, 0x4031, 0xc0cc, 0xc0ff, 0x423f, 0x3fb9, 0x421c },
    { 0xbf06, 0x401b, 0x3da8, 0xc029, 0x40cc, 0xc0d9, 0xbed8, 0xbda0, 0x3ce0, 0x3f84, 0x3d47, 0x3e0e, 0xbda2, 0xc07a, 0xbd76, 0xbd94 },
    { 0x42ee, 0xc3ad, 0x40e2, 0xc1fc, 0xc3c8, 0xc296, 0x4280, 0xc249, 0xc108, 0xc2ca, 0xbfb6, 0x41bc, 0x4112, 0xc3af, 0xc033, 0xc104 },
    { 0xc026, 0xbfc0, 0x3e66, 0xbe60, 0xc0d5, 0x4122, 0x3e30, 0xbe8b, 0x3de8, 0x0000, 0xbe99, 0xbf55, 0x3c60, 0x4040, 0x3d16, 0x3f84 },
    { 0xc03a, 0xc1a7, 0xbee3, 0x411f, 0xc234, 0x4051, 0x4013, 0x3ff2, 0xbf7a, 0xbffe, 0x3f31, 0x4091, 0xbf33, 0x3e58, 0xbe78, 0x3e2f },
    { 0xc14c, 0x43c4, 0x409e, 0x42ba, 0xc2a8, 0xc3ca, 0xc2a4, 0x4197, 0x40aa, 0x4286, 0x40d5, 0xc2ab, 0xc106, 0x4309, 0xc01d, 0xc243 },
    { 0x4259, 0xc2a5, 0xc08c, 0x40b4, 0x425e, 0x4080, 0xc12a, 0xc0a2, 0xbf5a, 0xc1ca, 0xbf98, 0xc01f, 0x40c2, 0xc1ac, 0xbdc8, 0xc1a4 },
    { 0xc110, 0x428c, 0x3e0a, 0x3fe0, 0x425a, 0x41de, 0x411e, 0xc01b, 0x3fd2, 0xc1c3, 0x3f8e, 0x3f30, 0xc05c, 0xbf02, 0x3f95, 0x4118 },
    { 0x3f38, 0x4089, 0x3d8a, 0x4043, 0xc0be, 0xbd00, 0xbe9f, 0xbd34, 0x3d64, 0xbf3a, 0x3d7a, 0xbfc9, 0x3e1c, 0x4016, 0x3d7a, 0xbefc },
    { 0xc03e, 0x3fa2, 0x3ddf, 0xbf3e, 0xc0d6, 0x4117, 0xbc20, 0x3d3c, 0x3d14, 0x3e90, 0xbe04, 0xbeea, 0xbea9, 0x3fbc, 0xbd10, 0x3f26 },
    { 0xc1cd, 0xc18f, 0x3f99, 0xc1d4, 0xc202, 0x42b4, 0x408d, 0x3f39, 0xbe5c, 0x41b7, 0xbf54, 0x40d8, 0xbff6, 0xc104, 0xbee5, 0x4127 },
    { 0xbf9c, 0x40a2, 0x3ce2, 0xc084, 0x4115, 0xc080, 0xbf02, 0x3e91, 0xbe02, 0x409e, 0xbd90, 0x3e9d, 0x3e26, 0xc03f, 0xbde9, 0x3ee4 }
Accumulated:
    { 0xc2b2, 0xc284, 0x400a, 0x4203, 0xc326, 0x4280, 0x4138, 0x419e, 0xbffe, 0x42d4, 0xc094, 0xc132, 0x4108, 0x42a3, 0x3fe1, 0x4178 },
    { 0x424e, 0xc2f9, 0x4011, 0xc223, 0x43c1, 0xc40c, 0xc224, 0xc288, 0xc125, 0xc2cb, 0xc182, 0xc281, 0x41ff, 0xc384, 0xbfbd, 0xc096 },
    { 0x3fac, 0xc143, 0xbea2, 0xc04c, 0x4142, 0xc07a, 0xbf14, 0x3f0c, 0x3cce, 0x3fb1, 0x3c3c, 0x3fdb, 0x3efa, 0xc087, 0x3d1a, 0xbf89 },
    { 0x3f21, 0xc03f, 0xbcb5, 0xbfda, 0xbf8e, 0x3f0d, 0x3e78, 0x3f15, 0x3dac, 0x3fd2, 0x3e2f, 0x3f9a, 0xbe32, 0xc003, 0x3c14, 0xbf5c },
    { 0xc32f, 0x4148, 0x4108, 0xc250, 0x4332, 0xc390, 0x41e4, 0x4194, 0x404c, 0x4306, 0x4031, 0xc0cc, 0xc0ff, 0x423f, 0x3fb9, 0x421c },
    { 0xbf06, 0x401b, 0x3da8, 0xc029, 0x40cc, 0xc0d9, 0xbed8, 0xbda0, 0x3ce0, 0x3f84, 0x3d47, 0x3e0e, 0xbda2, 0xc07a, 0xbd76, 0xbd94 },
    { 0x42ee, 0xc3ad, 0x40e2, 0xc1fc, 0xc3c8, 0xc296, 0x4280, 0xc249, 0xc108, 0xc2ca, 0xbfb6, 0x41bc, 0x4112, 0xc3af, 0xc033, 0xc104 },
    { 0xc026, 0xbfc0, 0x3e66, 0xbe60, 0xc0d5, 0x4122, 0x3e30, 0xbe8b, 0x3de8, 0x0000, 0xbe99, 0xbf55, 0x3c60, 0x4040, 0x3d16, 0x3f84 },
    { 0xc03a, 0xc1a7, 0xbee3, 0x411f, 0xc234, 0x4051, 0x4013, 0x3ff2, 0xbf7a, 0xbffe, 0x3f31, 0x4091, 0xbf33, 0x3e58, 0xbe78, 0x3e2f },
    { 0xc14c, 0x43c4, 0x409e, 0x42ba, 0xc2a8, 0xc3ca, 0xc2a4, 0x4197, 0x40aa, 0x4286, 0x40d5, 0xc2ab, 0xc106, 0x4309, 0xc01d, 0xc243 },
    { 0x4259, 0xc2a5, 0xc08c, 0x40b4, 0x425e, 0x4080, 0xc12a, 0xc0a2, 0xbf5a, 0xc1ca, 0xbf98, 0xc01f, 0x40c2, 0xc1ac, 0xbdc8, 0xc1a4 },
    { 0xc110, 0x428c, 0x3e0a, 0x3fe0, 0x425a, 0x41de, 0x411e, 0xc01b, 0x3fd2, 0xc1c3, 0x3f8e, 0x3f30, 0xc05c, 0xbf02, 0x3f95, 0x4118 },
    { 0x3f38, 0x4089, 0x3d8a, 0x4043, 0xc0be, 0xbd00, 0xbe9f, 0xbd34, 0x3d64, 0xbf3a, 0x3d7a, 0xbfc9, 0x3e1c, 0x4016, 0x3d7a, 0xbefc },
    { 0xc03e, 0x3fa2, 0x3ddf, 0xbf3e, 0xc0d6, 0x4117, 0xbc20, 0x3d3c, 0x3d14, 0x3e90, 0xbe04, 0xbeea, 0xbea9, 0x3fbc, 0xbd10, 0x3f26 },
    { 0xc1cd, 0xc18f, 0x3f99, 0xc1d4, 0xc202, 0x42b4, 0x408d, 0x3f39, 0xbe5c, 0x41b7, 0xbf54, 0x40d8, 0xbff6, 0xc104, 0xbee5, 0x4127 },
    { 0xbf9c, 0x40a2, 0x3ce2, 0xc084, 0x4115, 0xc080, 0xbf02, 0x3e91, 0xbe02, 0x409e, 0xbd90, 0x3e9d, 0x3e26, 0xc03f, 0xbde9, 0x3ee4 }

= K: 16 =

Pre-scaled:
    { 0x3ffb, 0x3fe4, 0x4052, 0x409e, 0xc070, 0x3d60, 0x4042, 0x3f35, 0x40bd, 0xbf10, 0x40d2, 0x405b, 0xc012, 0x400b, 0xc039, 0x40f5 },
    { 0xc010, 0x3fbc, 0xbf9d, 0xc011, 0x4087, 0x4014, 0xbf88, 0xc084, 0xbf8c, 0xc002, 0x4080, 0x3ed6, 0x40a0, 0x3f80, 0xbf34, 0x3f2c },
    { 0x3ecc, 0xc01e, 0xbfcc, 0x405e, 0xbfd8, 0x3fbe, 0xc03b, 0x3fcd, 0xc0de, 0x3f90, 0xc0ea, 0x40e1, 0xc10c, 0x408a, 0xc0b8, 0xc056 },
    { 0x3f95, 0x4036, 0xc05a, 0xc095, 0x3ec4, 0xbfb7, 0x407a, 0x3d70, 0x3ff1, 0x3ffa, 0x3fd2, 0xbf84, 0x40e3, 0xbfde, 0x407e, 0xc0e2 },
    { 0xbf7a, 0xbe54, 0xbf73, 0xc10f, 0x3fc7, 0xc00f, 0x3f40, 0xbeb9, 0x40c3, 0x408d, 0x3e8a, 0xbfb8, 0x4095, 0x4046, 0xc01a, 0xc03f },
    { 0xc0da, 0xc03f, 0xbd98, 0xbf73, 0x4058, 0x3fd4, 0x3fea, 0x3fea, 0x409a, 0x3e75, 0xbf28, 0xbf92, 0xc013, 0x405e, 0x4050, 0xc0a0 },
    { 0xc085, 0x40bd, 0x3f12, 0xbf46, 0x40e4, 0x4084, 0xbf0e, 0x3f9f, 0x4061, 0x407b, 0x4049, 0xc04f, 0xbeac, 0x401a, 0x3f82, 0xc11a },
    { 0x4048, 0x40c2, 0x3f94, 0xc0d4, 0x4078, 0x3ff0, 0xbf66, 0xc078, 0x4007, 0x4012, 0x4008, 0xc089, 0x40a0, 0xbfb8, 0xc025, 0x3fad },
    { 0xc05c, 0x3eb8, 0x400a, 0x3f83, 0xc077, 0x3f14, 0x4016, 0xbf54, 0x3f8a, 0xc08a, 0x3fbe, 0xc008, 0xbf3c, 0x3ff2, 0xc04a, 0x4029 },
    { 0x40c7, 0x3f60, 0xc01c, 0x40ab, 0xc0d6, 0xbfe0, 0xbd90, 0x4035, 0xc097, 0x4113, 0xc079, 0x40a2, 0xc00d, 0xc056, 0x4056, 0xc020 },
    { 0x403f, 0xbfba, 0xbe72, 0xc0ac, 0xbfff, 0xbf31, 0x3ffc, 0x3fbf, 0xbf03, 0x4013, 0xc0f2, 0xbe37, 0xbf3b, 0xbf91, 0xc05b, 0xc008 },
    { 0x3fa6, 0x4080, 0x3f8e, 0xc0d9, 0xbeaa, 0xbeaa, 0x3fd8, 0xbf86, 0x4058, 0x40c1, 0x3fb0, 0xc0c1, 0x4090, 0xbff5, 0xc00e, 0xc01c },
    { 0x3e4c, 0xbf26, 0x3f75, 0xc060, 0x407a, 0x4051, 0x3eb2, 0xc01a, 0xbfe8, 0x3ec1, 0x3f04, 0xbf4c, 0xc0a4, 0x3fa3, 0xbfdf, 0x4087 },
    { 0xbf92, 0xc020, 0xbea9, 0xbfa0, 0xbf5e, 0xbfe8, 0xbe6e, 0xc03c, 0xbfbd, 0x3ff1, 0xbe90, 0x3fec, 0x400b, 0x3f3b, 0xbf86, 0x4010 },
    { 0x4088, 0x3f5c, 0xbd38, 0xbfc4, 0x400e, 0x3cb0, 0x4086, 0xc013, 0x408e, 0x4014, 0xbf18, 0x402b, 0xbe08, 0xbfc5, 0xc01a, 0x3ffc },
    { 0x4032, 0x40c8, 0x3f04, 0xbfe6, 0xc00e, 0x4012, 0x3fe7, 0x3f49, 0xc044, 0xbe0d, 0x40de, 0xbf3e, 0x3f6c, 0x3f40, 0x407b, 0xbf6a }
Scaled:
    { 0x41fb, 0x42e4, 0x40d2, 0x431e, 0xc370, 0x4060, 0x41c2, 0x4035, 0x413d, 0xc110, 0x40d2, 0x41db, 0xc112, 0x428b, 0xc039, 0x4275 },
    { 0xc290, 0x433c, 0xc09d, 0xc311, 0x4407, 0x4394, 0xc188, 0xc204, 0xc08c, 0xc282, 0x4100, 0x40d6, 0x4220, 0x4280, 0xbfb4, 0x412c },
    { 0x3e4c, 0xc09e, 0xbdcc, 0x405e, 0xc058, 0x403e, 0xbf3b, 0x3e4d, 0xbede, 0x3f10, 0xbe6a, 0x3fe1, 0xbf8c, 0x408a, 0xbe38, 0xbf56 },
    { 0x3e95, 0x4036, 0xbdda, 0xc015, 0x3ec4, 0xbfb7, 0x3efa, 0x3b70, 0x3d71, 0x3efa, 0x3cd2, 0xbe04, 0x3ee3, 0xbf5e, 0x3d7e, 0xbf62 },
    { 0xc17a, 0xc154, 0xbff3, 0xc38f, 0x42c7, 0xc30f, 0x40c0, 0xbfb9, 0x4143, 0x428d, 0x3e8a, 0xc138, 0x4195, 0x42c6, 0xc01a, 0xc1bf },
    { 0xbfda, 0xc03f, 0xbb18, 0xbef3, 0x4058, 0x3fd4, 0x3e6a, 0x3dea, 0x3e1a, 0x3d75, 0xbc28, 0xbe12, 0xbe13, 0x3fde, 0x3d50, 0xbf20 },
    { 0xc305, 0x443d, 0x4012, 0xc246, 0x4464, 0x4404, 0xc10e, 0x411f, 0x4161, 0x42fb, 0x40c9, 0xc24f, 0xc02c, 0x431a, 0x4002, 0xc31a },
    { 0x3fc8, 0x4142, 0x3d94, 0xc0d4, 0x40f8, 0x4070, 0xbe66, 0xbef8, 0x3e07, 0x3f92, 0x3d88, 0xbf89, 0x3f20, 0xbfb8, 0xbda5, 0x3ead },
    { 0xc0dc, 0x4038, 0x3f0a, 0x4083, 0xc1f7, 0x4094, 0x4016, 0xbed4, 0x3e8a, 0xc10a, 0x3e3e, 0xc008, 0xbebc, 0x40f2, 0xbeca, 0x4029 },
    { 0x42c7, 0x4260, 0xc09c, 0x432b, 0xc3d6, 0xc2e0, 0xbf10, 0x4135, 0xc117, 0x4313, 0xc079, 0x4222, 0xc10d, 0xc2d6, 0x4056, 0xc1a0 },
    { 0x41bf, 0xc23a, 0xbe72, 0xc2ac, 0xc27f, 0xc1b1, 0x40fc, 0x403f, 0xbf03, 0x4193, 0xc072, 0xbf37, 0xbfbb, 0xc191, 0xbfdb, 0xc108 },
    { 0x40a6, 0x4280, 0x3f0e, 0xc259, 0xc0aa, 0xc0aa, 0x4058, 0xbf86, 0x3fd8, 0x41c1, 0x3eb0, 0xc141, 0x4090, 0xc175, 0xbf0e, 0xc09c },
    { 0x3d4c, 0xbf26, 0x3cf5, 0xbfe0, 0x407a, 0x4051, 0x3d32, 0xbe1a, 0xbd68, 0x3dc1, 0x3c04, 0xbdcc, 0xbea4, 0x3f23, 0xbcdf, 0x3f07 },
    { 0xbe92, 0xc020, 0xbc29, 0xbf20, 0xbf5e, 0xbfe8, 0xbcee, 0xbe3c, 0xbd3d, 0x3ef1, 0xbb90, 0x3e6c, 0x3e0b, 0x3ebb, 0xbc86, 0x3e90 },
    { 0x4188, 0x415c, 0xbcb8, 0xc144, 0x420e, 0x3eb0, 0x4106, 0xc013, 0x400e, 0x4114, 0xbe18, 0x40ab, 0xbe08, 0xc145, 0xbf1a, 0x407c },
    { 0x3fb2, 0x4148, 0x3d04, 0xbfe6, 0xc08e, 0x4092, 0x3ee7, 0x3dc9, 0xbe44, 0xbd8d, 0x3e5e, 0xbe3e, 0x3dec, 0x3f40, 0x3dfb, 0xbe6a }
Accumulated:
    { 0xc266, 0x4240, 0x410c, 0x433f, 0xc3cb, 0x4287, 0x420f, 0x41b5, 0x411d, 0x42c2, 0x3ff8, 0x4182, 0xbf20, 0x4317, 0xbf91, 0x429a },
    { 0xc1a4, 0x427e, 0xc029, 0xc33a, 0x4468, 0xc384, 0xc268, 0xc2ca, 0xc16b, 0xc326, 0xc104, 0xc267, 0x4290, 0xc348, 0xc038, 0x40c2 },
    { 0x3fc6, 0xc189, 0xbed5, 0x3e90, 0x410c, 0xbf70, 0xbfa8, 0x3f3f, 0xbed1, 0x3ff9, 0xbe5e, 0x405e, 0xbf1b, 0x3dc0, 0xbe12, 0xbff4 },
    { 0x3f6c, 0xbe10, 0xbe04, 0xc081, 0xbf3a, 0xbf61, 0x3f3b, 0x3f16, 0x3e12, 0x4008, 0x3e49, 0x3f8a, 0x3e8a, 0xc03a, 0x3d92, 0xbfdf },
    { 0xc33f, 0xbf40, 0x40d3, 0xc3a9, 0x438b, 0xc3d8, 0x420a, 0x4188, 0x4176, 0x434c, 0x4042, 0xc18f, 0x412a, 0x4313, 0xbf76, 0x4172 },
    { 0xc00e, 0xbf10, 0x3da3, 0xc047, 0x411c, 0xc0a4, 0xbe46, 0x3d14, 0x3e36, 0x3f8c, 0x3d1d, 0xbb80, 0xbe64, 0xc00b, 0xbc18, 0xbf32 },
    { 0xc160, 0x43cd, 0x4116, 0xc2a2, 0x4400, 0x43e2, 0x425c, 0xc221, 0x40b2, 0x41c4, 0x409c, 0xc1e2, 0x40ce, 0xc344, 0xbf44, 0xc322 },
    { 0xbf84, 0x412a, 0x3e98, 0xc0db, 0x3f8c, 0x415e, 0xbd58, 0xbf42, 0x3e7b, 0x3f92, 0xbe6e, 0xbff4, 0x3f24, 0x3fc8, 0xbd34, 0x3faf },
    { 0xc11c, 0xc190, 0x3dc4, 0x4160, 0xc298, 0x40fc, 0x4094, 0x3fbd, 0xbf35, 0xc12a, 0x3f60, 0x401a, 0xbf88, 0x40f9, 0xbf23, 0x4034 },
    { 0x42ae, 0x43e0, 0x3d80, 0x4384, 0xc400, 0xc401, 0xc2a5, 0x41f2, 0xc084, 0x4356, 0x4031, 0xc234, 0xc18a, 0x41f0, 0x3f64, 0xc28a },
    { 0x429c, 0xc301, 0xc094, 0xc2a1, 0xc104, 0xc191, 0xc030, 0xc005, 0xbfae, 0xc0dc, 0xc09f, 0xc04d, 0x4093, 0xc21e, 0xbfe8, 0xc1e8 },
    { 0xc074, 0x4306, 0x3f30, 0xc252, 0x4245, 0x41b4, 0x4154, 0xc05e, 0x4055, 0xbe80, 0x3fba, 0xc136, 0x3f88, 0xc17d, 0x3f1c, 0x4094 },
    { 0x3f45, 0x4068, 0x3dc7, 0x3fa6, 0xc002, 0x404f, 0xbe89, 0xbe47, 0xba80, 0xbf22, 0x3d8e, 0xbfd6, 0xbe2c, 0x403f, 0x3d0a, 0x3d10 },
    { 0xc050, 0xbf9e, 0x3dca, 0xbfaf, 0xc0f2, 0x40f4, 0xbd1f, 0xbe0d, 0xbc24, 0x3f40, 0xbe08, 0xbe68, 0xbe47, 0x3feb, 0xbd53, 0x3f6e },
    { 0xc10a, 0xc084, 0x3f96, 0xc21b, 0x4040, 0x42b5, 0x414c, 0xbfca, 0x4000, 0x4200, 0xbf7a, 0x4142, 0xc004, 0xc1a4, 0xbf86, 0x4166 },
    { 0x3e30, 0x418c, 0x3d75, 0xc0be, 0x409c, 0x3f10, 0xbd68, 0x3ec3, 0xbea3, 0x409c, 0x3e16, 0x3df8, 0x3e8e, 0xc00f, 0x3c10, 0x3e5e }