



== M: 0, N: 0 ==



= K: 0 =

Pre-scaled:
    { 0x4080, 0xc000, 0x40a0, 0xc040, 0xc000, 0x0000, 0xc000, 0x4040, 0xbf80, 0xc040, 0x4000, 0x3f80, 0x0000, 0x0000, 0xc040, 0x0000, 0xc000, 0x4000, 0x4080, 0x40a0, 0x0000, 0x4040, 0xc080, 0x0000, 0x4000, 0xbf80, 0x3f80, 0xc040, 0xbf80, 0x40a0, 0x4040, 0x4000 },
    { 0xc080, 0x0000, 0xc040, 0xc080, 0x0000, 0x0000, 0x4080, 0x4000, 0x3f80, 0x3f80, 0xbf80, 0xc0a0, 0xc080, 0x3f80, 0x4000, 0xc000, 0x40c0, 0x3f80, 0xbf80, 0x4040, 0xc000, 0x0000, 0x0000, 0xc040, 0xbf80, 0xbf80, 0x4000, 0xc0a0, 0xbf80, 0xc040, 0xc000, 0xbf80 },
    { 0xbf80, 0x3f80, 0xbf80, 0x4040, 0x40a0, 0x4000, 0xc040, 0x0000, 0xc000, 0xbf80, 0xc080, 0x4040, 0xc080, 0x4040, 0xc000, 0xbf80, 0xbf80, 0x4000, 0xc000, 0x0000, 0xc000, 0x4000, 0x3f80, 0x4040, 0x0000, 0x4040, 0xbf80, 0xc000, 0xbf80, 0xbf80, 0xc000, 0xc0a0 },
    { 0x3f80, 0xbf80, 0x4000, 0xc040, 0x3f80, 0xc080, 0x4080, 0x4080, 0x0000, 0xc000, 0xc080, 0xc000, 0x4040, 0xc000, 0x4000, 0x0000, 0x3f80, 0x4000, 0x3f80, 0x4040, 0xbf80, 0x4000, 0x3f80, 0xc080, 0xbf80, 0xc080, 0x3f80, 0xc040, 0xc040, 0x0000, 0x4040, 0xbf80 },
    { 0xc000, 0xc000, 0x4000, 0xbf80, 0xbf80, 0xc000, 0xc000, 0x0000, 0xc000, 0xc000, 0x3f80, 0x0000, 0xc040, 0x4000, 0x4040, 0xc040, 0x0000, 0xc000, 0xbf80, 0x3f80, 0xbf80, 0x3f80, 0x0000, 0xbf80, 0x0000, 0xc000, 0xc040, 0xbf80, 0x3f80, 0x4000, 0x3f80, 0xbf80 },
    { 0x3f80, 0x3f80, 0x0000, 0xc040, 0x4000, 0x40c0, 0x4000, 0xc040, 0x4000, 0x4000, 0xc000, 0xc000, 0xbf80, 0xbf80, 0xc000, 0x3f80, 0x0000, 0x4000, 0xbf80, 0xc000, 0xbf80, 0x4040, 0x3f80, 0x4080, 0x0000, 0xbf80, 0x0000, 0x4000, 0xbf80, 0x0000, 0x3f80, 0xc080 },
    { 0x4000, 0x4000, 0x0000, 0x4080, 0x4000, 0x4040, 0x3f80, 0xc040, 0x0000, 0xbf80, 0xc040, 0xc000, 0x3f80, 0xc000, 0x3f80, 0xbf80, 0xbf80, 0xc000, 0x0000, 0xc000, 0xbf80, 0x3f80, 0x4000, 0x3f80, 0xc000, 0x4040, 0xbf80, 0x4080, 0xbf80, 0x0000, 0xbf80, 0xc000 },
    { 0x0000, 0xc040, 0xbf80, 0xc080, 0xbf80, 0x4080, 0x0000, 0xc000, 0x4040, 0xbf80, 0x3f80, 0x4040, 0xc000, 0x0000, 0xc0c0, 0x4000, 0x3f80, 0x4080, 0x3f80, 0x4000, 0xc000, 0x4040, 0x4000, 0xc000, 0x3f80, 0xc080, 0xbf80, 0xc000, 0xbf80, 0x4000, 0xbf80, 0x3f80 },
    { 0x3f80, 0x4040, 0xbf80, 0x40c0, 0xc000, 0xc040, 0xc0a0, 0x3f80, 0x0000, 0xbf80, 0xbf80, 0xbf80, 0x4000, 0xc000, 0x0000, 0x3f80, 0xbf80, 0x3f80, 0x3f80, 0xc000, 0x4040, 0xc0a0, 0x3f80, 0xc080, 0x3f80, 0x40a0, 0xc000, 0x4000, 0x4080, 0xc000, 0x0000, 0xbf80 },
    { 0x4000, 0x3f80, 0x0000, 0x4000, 0x0000, 0x3f80, 0xc080, 0xc000, 0xc080, 0xc040, 0x3f80, 0x4080, 0x4000, 0x4040, 0x4000, 0x3f80, 0xc040, 0x3f80, 0x4080, 0xc000, 0xbf80, 0x4040, 0x0000, 0x3f80, 0x0000, 0x4000, 0xc000, 0xbf80, 0xc000, 0x4040, 0x0000, 0x0000 },
    { 0xbf80, 0xbf80, 0x3f80, 0x4000, 0xc000, 0x3f80, 0xc080, 0x0000, 0xc0a0, 0xbf80, 0x4100, 0x40c0, 0x4000, 0x4040, 0x0000, 0xc000, 0xc040, 0x0000, 0xbf80, 0xc080, 0x4040, 0x4040, 0xc040, 0x4040, 0x4080, 0x0000, 0xc000, 0x4080, 0x40c0, 0x0000, 0x4040, 0x4040 },
    { 0x3f80, 0x4000, 0xc040, 0x4000, 0x4040, 0xbf80, 0x0000, 0xc000, 0x0000, 0x3f80, 0x0000, 0x3f80, 0x0000, 0x0000, 0x0000, 0x3f80, 0xbf80, 0x4000, 0xc040, 0xc080, 0x3f80, 0x4000, 0xbf80, 0x4000, 0xc000, 0x4000, 0xc000, 0x4000, 0xbf80, 0xbf80, 0xc000, 0xc000 },
    { 0xc0c0, 0xc0a0, 0xbf80, 0xc000, 0xc000, 0xbf80, 0xc000, 0xc040, 0xbf80, 0xc000, 0x4000, 0xc080, 0x3f80, 0x4040, 0xc080, 0x40e0, 0x4040, 0x3f80, 0xbf80, 0x4040, 0x4000, 0xc0e0, 0x3f80, 0xc080, 0x4040, 0xc100, 0x4040, 0xc080, 0x4080, 0xc040, 0x4000, 0x4080 },
    { 0x4000, 0x4000, 0xc040, 0xc000, 0xbf80, 0x4040, 0x3f80, 0xc000, 0xc000, 0x3f80, 0x4000, 0x3f80, 0x40c0, 0x3f80, 0x4080, 0xbf80, 0xc080, 0x0000, 0x3f80, 0x3f80, 0x3f80, 0x4000, 0x0000, 0x3f80, 0xbf80, 0x0000, 0x4040, 0x0000, 0x0000, 0x0000, 0xc000, 0x4000 },
    { 0x4040, 0x40c0, 0xc040, 0x4080, 0x3f80, 0xc080, 0xc080, 0xbf80, 0xc080, 0xc000, 0x4040, 0x4000, 0x4000, 0x4100, 0xbf80, 0x3f80, 0x0000, 0x40a0, 0x4000, 0xc080, 0x4040, 0xc000, 0xbf80, 0x4040, 0x4000, 0x4080, 0x3f80, 0x4000, 0x4040, 0xc000, 0x4000, 0xc080 },
    { 0xc080, 0x4000, 0x3f80, 0x4000, 0xbf80, 0xc0c0, 0xc0a0, 0x4040, 0xc000, 0xc000, 0x4040, 0x4120, 0xc000, 0x40a0, 0xbf80, 0xc080, 0xc0a0, 0x0000, 0x4040, 0xbf80, 0xc000, 0x4000, 0x3f80, 0x3f80, 0x4040, 0x3f80, 0x0000, 0xc0a0, 0x4080, 0x4080, 0x4080, 0x4000 },
    { 0xc000, 0x0000, 0x0000, 0xbf80, 0xbf80, 0x40a0, 0x4000, 0x4000, 0x40c0, 0x4000, 0x3f80, 0x0000, 0x3f80, 0xc080, 0xc0c0, 0x40a0, 0xc080, 0x0000, 0x4000, 0x4000, 0xc000, 0x4040, 0x4080, 0x4000, 0x0000, 0x4040, 0x4040, 0x3f80, 0x3f80, 0x3f80, 0x4000, 0x4080 },
    { 0x3f80, 0x4000, 0x0000, 0xbf80, 0xc040, 0xc000, 0x0000, 0x4040, 0x3f80, 0x3f80, 0x3f80, 0x4040, 0x4100, 0x4000, 0x4000, 0x3f80, 0x3f80, 0xc000, 0x0000, 0xc000, 0x3f80, 0xc040, 0x4040, 0xc0a0, 0x3f80, 0xc0c0, 0xc000, 0x3f80, 0x40a0, 0xbf80, 0x3f80, 0x0000 },
    { 0x40a0, 0xc000, 0x3f80, 0x4080, 0x4000, 0x4080, 0x40a0, 0x0000, 0x4000, 0x3f80, 0xc0a0, 0xbf80, 0xc000, 0xc040, 0x3f80, 0x4040, 0x4040, 0xc0c0, 0xc080, 0xbf80, 0x40a0, 0xbf80, 0x3f80, 0x4040, 0xbf80, 0x0000, 0xbf80, 0x4100, 0xbf80, 0xc000, 0xc040, 0xc080 },
    { 0x3f80, 0x4040, 0x4040, 0x40c0, 0xbf80, 0x4000, 0xc000, 0x4000, 0xc110, 0x3f80, 0x3f80, 0xbf80, 0x4000, 0x40a0, 0x40e0, 0x3f80, 0x4040, 0xbf80, 0xc0a0, 0xc0a0, 0x4040, 0xc000, 0x3f80, 0x4040, 0x0000, 0x4080, 0x4040, 0x40a0, 0x4000, 0xc080, 0x0000, 0xc0c0 },
    { 0x4000, 0x4040, 0x4040, 0x4040, 0x4040, 0xbf80, 0xc0a0, 0x4000, 0xc040, 0x4000, 0x0000, 0xc000, 0xbf80, 0x0000, 0x0000, 0x4080, 0xc040, 0xbf80, 0x0000, 0xc080, 0x4000, 0xc0a0, 0x0000, 0x4000, 0x4000, 0x40c0, 0x0000, 0xbf80, 0x4000, 0x0000, 0xc080, 0xc000 },
    { 0xc000, 0x3f80, 0x4000, 0x40c0, 0x3f80, 0x3f80, 0xc0c0, 0xc000, 0xc040, 0x0000, 0xc040, 0x4080, 0xc000, 0xbf80, 0xc000, 0xc040, 0xc000, 0xc000, 0x4000, 0x0000, 0x3f80, 0xc000, 0xbf80, 0x3f80, 0x4040, 0x3f80, 0x0000, 0xc000, 0xbf80, 0x0000, 0xc000, 0xc080 },
    { 0x4000, 0x3f80, 0xc040, 0xc000, 0xc000, 0xc040, 0xc080, 0xc040, 0xc000, 0x0000, 0x0000, 0xbf80, 0x4040, 0x3f80, 0xbf80, 0xbf80, 0x0000, 0x4040, 0x4000, 0xbf80, 0x4040, 0x4000, 0x0000, 0xc0a0, 0x4000, 0x0000, 0xc000, 0xc040, 0x0000, 0x0000, 0xc040, 0xc040 },
    { 0x4080, 0x4000, 0x4000, 0xc040, 0x0000, 0xc040, 0x4000, 0x4080, 0x0000, 0xc000, 0x4040, 0xc000, 0xc040, 0x0000, 0xc000, 0x4000, 0x3f80, 0x0000, 0x0000, 0xc080, 0xbf80, 0x4000, 0x0000, 0xbf80, 0x3f80, 0x0000, 0xc080, 0xc000, 0x4000, 0x0000, 0x4000, 0x3f80 },
    { 0x4000, 0xbf80, 0x0000, 0x0000, 0xbf80, 0xc000, 0x3f80, 0xc0a0, 0x3f80, 0x0000, 0x4000, 0x4040, 0x0000, 0xbf80, 0xbf80, 0x4000, 0xbf80, 0x0000, 0x4000, 0xbf80, 0xc000, 0xbf80, 0x0000, 0x3f80, 0x0000, 0xc000, 0x0000, 0x4040, 0x0000, 0x4000, 0xbf80, 0x4000 },
    { 0x3f80, 0x4040, 0xc0c0, 0x40c0, 0x4040, 0x4000, 0xc080, 0xc080, 0x3f80, 0x4040, 0xc040, 0x0000, 0xbf80, 0x4000, 0x4000, 0xc040, 0x4080, 0x4040, 0xbf80, 0x4040, 0xbf80, 0xc080, 0xc080, 0x4080, 0x0000, 0x4110, 0x4040, 0x0000, 0x0000, 0xc040, 0xc040, 0xc040 },
    { 0x3f80, 0xbf80, 0x4000, 0x4000, 0x0000, 0xbf80, 0x0000, 0x4040, 0xbf80, 0xbf80, 0xc000, 0x4040, 0xc0a0, 0x0000, 0xbf80, 0xc000, 0x4080, 0xc000, 0xbf80, 0xc000, 0x0000, 0x4000, 0xbf80, 0x0000, 0x3f80, 0xbf80, 0xc080, 0x0000, 0x3f80, 0x0000, 0xbf80, 0xbf80 },
    { 0x0000, 0x4080, 0xc000, 0xbf80, 0x0000, 0xc0e0, 0x3f80, 0xbf80, 0xbf80, 0x0000, 0x4000, 0x3f80, 0xc040, 0x3f80, 0x4040, 0xc0a0, 0xc000, 0x40a0, 0x3f80, 0xc000, 0xbf80, 0xbf80, 0x4000, 0xc040, 0x4000, 0x3f80, 0x4000, 0xc080, 0x0000, 0x3f80, 0xc000, 0x0000 },
    { 0xc040, 0x0000, 0xc000, 0xc080, 0xbf80, 0x0000, 0x4040, 0x4100, 0xbf80, 0x3f80, 0xc0a0, 0x4040, 0x40c0, 0x4040, 0x4080, 0xc080, 0x4040, 0xc000, 0x0000, 0x0000, 0xc000, 0x4040, 0x0000, 0xc080, 0xc040, 0xc000, 0x4000, 0xc0e0, 0xc040, 0x0000, 0x3f80, 0xbf80 },
    { 0x0000, 0x4040, 0x4000, 0xc040, 0xc000, 0x0000, 0xc000, 0x3f80, 0x4040, 0xbf80, 0x4000, 0x3f80, 0xc040, 0xc000, 0xc080, 0x0000, 0xc0a0, 0xbf80, 0x4000, 0x0000, 0xc0a0, 0x4040, 0x4000, 0xc040, 0x0000, 0xbf80, 0xc080, 0xbf80, 0x0000, 0x4000, 0xc000, 0x4000 },
    { 0x40a0, 0xbf80, 0x40a0, 0x4000, 0xc040, 0x40a0, 0x4000, 0x40a0, 0x4000, 0xbf80, 0xc000, 0x4040, 0xc0a0, 0xc0c0, 0xc0e0, 0x40a0, 0xc000, 0xc000, 0x4040, 0xc040, 0x4000, 0x4000, 0x40a0, 0x0000, 0x4000, 0x4040, 0x0000, 0x40a0, 0x0000, 0x3f80, 0xc000, 0x4080 },
    { 0x4000, 0x3f80, 0xc000, 0x0000, 0x0000, 0x0000, 0x3f80, 0x3f80, 0x3f80, 0x3f80, 0x0000, 0x0000, 0x4000, 0xc080, 0xbf80, 0x4000, 0x0000, 0x4040, 0xbf80, 0xc000, 0x4000, 0x4000, 0xbf80, 0xbf80, 0x0000, 0x4080, 0x3f80, 0xc040, 0x4000, 0x0000, 0x4000, 0xbf80 }
Scaled:
    { 0x4400, 0xc180, 0x41a0, 0xc240, 0xc380, 0x0000, 0xc200, 0x43c0, 0xbf80, 0xc2c0, 0x4000, 0x4300, 0x0000, 0x0000, 0xc240, 0x0000, 0xc200, 0x4300, 0x4100, 0x4320, 0x0000, 0x4340, 0xc200, 0x0000, 0x4080, 0xc180, 0x3f80, 0xc1c0, 0xc080, 0x4320, 0x4040, 0x4180 },
    { 0xc380, 0x0000, 0xc0c0, 0xc200, 0x0000, 0x0000, 0x4200, 0x4300, 0x3f00, 0x4180, 0xbf00, 0xc3a0, 0xc080, 0x4080, 0x4180, 0xc180, 0x4240, 0x4200, 0xbf80, 0x4240, 0xc280, 0x0000, 0x0000, 0xc0c0, 0xbf80, 0xc100, 0x3f80, 0xc1a0, 0xc000, 0xc240, 0xbf80, 0xc080 },
    { 0xc300, 0x4100, 0xc080, 0x4240, 0x4420, 0x4100, 0xc240, 0x0000, 0xc000, 0xc200, 0xc080, 0x43c0, 0xc100, 0x41c0, 0xc200, 0xc180, 0xc180, 0x4300, 0xc080, 0x0000, 0xc300, 0x4300, 0x4100, 0x4140, 0x0000, 0x4240, 0xbf80, 0xc180, 0xc080, 0xc200, 0xc000, 0xc220 },
    { 0x4100, 0xbf00, 0x3f00, 0xc040, 0x4100, 0xbf80, 0x4080, 0x4200, 0x0000, 0xc080, 0xbe80, 0xc180, 0x3ec0, 0xbf80, 0x4000, 0x0000, 0x3f80, 0x4100, 0x3e00, 0x40c0, 0xc080, 0x4100, 0x3f00, 0xbf80, 0xbe00, 0xc080, 0x3d80, 0xbfc0, 0xbf40, 0x0000, 0x3e40, 0xbf00 },
    { 0xc280, 0xc080, 0x4000, 0xc080, 0xc200, 0xc000, 0xc100, 0x0000, 0xbf00, 0xc180, 0x3e80, 0x0000, 0xbfc0, 0x4080, 0x4140, 0xc140, 0x0000, 0xc200, 0xbf00, 0x4100, 0xc180, 0x4180, 0x0000, 0xbf80, 0x0000, 0xc100, 0xbf40, 0xc000, 0x3f80, 0x4180, 0x3e80, 0xc000 },
    { 0x4100, 0x3f00, 0x0000, 0xc040, 0x4180, 0x3fc0, 0x4000, 0xc1c0, 0x3e00, 0x4080, 0xbe00, 0xc180, 0xbe00, 0xbf00, 0xc000, 0x3f80, 0x0000, 0x4100, 0xbe00, 0xc080, 0xc080, 0x4140, 0x3f00, 0x3f80, 0x0000, 0xbf80, 0x0000, 0x3f80, 0xbe80, 0x0000, 0x3d80, 0xc000 },
    { 0x4380, 0x4180, 0x0000, 0x4280, 0x4380, 0x4140, 0x4180, 0xc3c0, 0x0000, 0xc200, 0xc040, 0xc380, 0x4000, 0xc180, 0x4180, 0xc180, 0xc180, 0xc300, 0x0000, 0xc280, 0xc280, 0x4280, 0x4180, 0x4080, 0xc080, 0x4240, 0xbf80, 0x4200, 0xc080, 0x0000, 0xbf80, 0xc180 },
    { 0x0000, 0xbf40, 0xbe00, 0xc000, 0xc080, 0x3f00, 0x0000, 0xc100, 0x3dc0, 0xbf80, 0x3d00, 0x4140, 0xbe00, 0x0000, 0xc040, 0x3f80, 0x3f00, 0x4100, 0x3d80, 0x4000, 0xc080, 0x40c0, 0x3f00, 0xbe80, 0x3d80, 0xc000, 0xbd00, 0xbf00, 0xbe00, 0x4000, 0xbd00, 0x3e80 },
    { 0x4180, 0x4040, 0xbf00, 0x4140, 0xc200, 0xbfc0, 0xc120, 0x4180, 0x0000, 0xc080, 0xbe00, 0xc180, 0x3f00, 0xc000, 0x0000, 0x4000, 0xc000, 0x4100, 0x3e80, 0xc100, 0x41c0, 0xc220, 0x3f80, 0xc000, 0x3e80, 0x4120, 0xbe80, 0x4000, 0x4000, 0xc100, 0x0000, 0xbf80 },
    { 0x4180, 0x3f00, 0x0000, 0x4000, 0x0000, 0x3e80, 0xc080, 0xc180, 0xbe80, 0xc0c0, 0x3d80, 0x4200, 0x3e80, 0x3fc0, 0x4000, 0x3f80, 0xc040, 0x4080, 0x3f00, 0xc080, 0xc080, 0x4140, 0x0000, 0x3e80, 0x0000, 0x4000, 0xbe00, 0xbf00, 0xbf00, 0x40c0, 0x0000, 0x0000 },
    { 0xc180, 0xbf80, 0x3f00, 0x4080, 0xc200, 0x3f00, 0xc100, 0x0000, 0xbf20, 0xc080, 0x3f80, 0x42c0, 0x3f00, 0x4040, 0x0000, 0xc080, 0xc0c0, 0x0000, 0xbe80, 0xc180, 0x41c0, 0x41c0, 0xc040, 0x3fc0, 0x3f80, 0x0000, 0xbe80, 0x4080, 0x4040, 0x0000, 0x3ec0, 0x4040 },
    { 0x4080, 0x3f00, 0xbec0, 0x3f80, 0x4140, 0xbe00, 0x0000, 0xc100, 0x0000, 0x3f80, 0x0000, 0x4080, 0x0000, 0x0000, 0x0000, 0x3f00, 0xbf00, 0x4080, 0xbe40, 0xc080, 0x4000, 0x4080, 0xbe80, 0x3e80, 0xbe00, 0x3f80, 0xbd80, 0x3f00, 0xbe00, 0xbf80, 0xbd80, 0xbf00 },
    { 0xc440, 0xc220, 0xc080, 0xc200, 0xc380, 0xc080, 0xc200, 0xc3c0, 0xbf80, 0xc280, 0x4000, 0xc400, 0x4000, 0x41c0, 0xc280, 0x42e0, 0x4240, 0x4280, 0xc000, 0x42c0, 0x4300, 0xc3e0, 0x4100, 0xc180, 0x40c0, 0xc300, 0x4040, 0xc200, 0x4180, 0xc2c0, 0x4000, 0x4200 },
    { 0x4100, 0x3f00, 0xbec0, 0xbf80, 0xc080, 0x3ec0, 0x3f00, 0xc100, 0xbd80, 0x3f80, 0x3d80, 0x4080, 0x3ec0, 0x3e80, 0x4000, 0xbf00, 0xc000, 0x0000, 0x3d80, 0x3f80, 0x4000, 0x4080, 0x0000, 0x3e00, 0xbd80, 0x0000, 0x3dc0, 0x0000, 0x0000, 0x0000, 0xbd80, 0x3f00 },
    { 0x40c0, 0x3f40, 0xbe40, 0x3f80, 0x4000, 0xbe80, 0xbf80, 0xc000, 0xbd80, 0xbf80, 0x3d40, 0x4080, 0x3d80, 0x3f80, 0xbe80, 0x3e80, 0x0000, 0x40a0, 0x3d80, 0xc000, 0x4040, 0xc000, 0xbe00, 0x3e40, 0x3d80, 0x3f80, 0x3c80, 0x3e80, 0x3e40, 0xbf80, 0x3d00, 0xbf00 },
    { 0xc180, 0x3f00, 0x3e00, 0x3f80, 0xc080, 0xbf40, 0xc020, 0x4140, 0xbd80, 0xc000, 0x3dc0, 0x4220, 0xbe00, 0x3fa0, 0xbf00, 0xc000, 0xc020, 0x0000, 0x3e40, 0xbf80, 0xc080, 0x4080, 0x3e80, 0x3e00, 0x3e40, 0x3f00, 0x0000, 0xbfa0, 0x3f00, 0x4080, 0x3e00, 0x3f00 },
    { 0xc380, 0x0000, 0x0000, 0xc180, 0xc300, 0x41a0, 0x4200, 0x4380, 0x40c0, 0x4280, 0x3f80, 0x0000, 0x4000, 0xc200, 0xc2c0, 0x42a0, 0xc280, 0x0000, 0x4080, 0x4280, 0xc300, 0x4340, 0x4200, 0x4100, 0x0000, 0x4240, 0x4040, 0x4100, 0x4080, 0x4200, 0x4000, 0x4200 },
    { 0x4380, 0x4200, 0x0000, 0xc200, 0xc440, 0xc180, 0x0000, 0x4440, 0x4000, 0x4280, 0x4000, 0x4440, 0x4200, 0x4200, 0x4280, 0x4200, 0x4200, 0xc380, 0x0000, 0xc300, 0x4300, 0xc3c0, 0x4240, 0xc220, 0x4080, 0xc340, 0xc080, 0x4180, 0x4220, 0xc280, 0x4000, 0x0000 },
    { 0x41a0, 0xbf00, 0x3e00, 0x4000, 0x4100, 0x3f00, 0x4020, 0x0000, 0x3d80, 0x3f80, 0xbe20, 0xc080, 0xbe00, 0xbf40, 0x3f00, 0x3fc0, 0x3fc0, 0xc140, 0xbe80, 0xbf80, 0x4120, 0xc000, 0x3e80, 0x3ec0, 0xbd80, 0x0000, 0xbd00, 0x4000, 0xbe00, 0xc000, 0xbdc0, 0xbf80 },
    { 0x4000, 0x3ec0, 0x3e40, 0x3fc0, 0xc000, 0x3e00, 0xbf00, 0x4080, 0xbe10, 0x3f00, 0x3c80, 0xc000, 0x3d80, 0x3f20, 0x3fe0, 0x3e80, 0x3f40, 0xbf80, 0xbe20, 0xc020, 0x4040, 0xc000, 0x3e00, 0x3e40, 0x0000, 0x3f80, 0x3d40, 0x3f20, 0x3e00, 0xc000, 0x0000, 0xbf40 },
    { 0x4380, 0x41c0, 0x4140, 0x4240, 0x43c0, 0xc080, 0xc2a0, 0x4380, 0xc040, 0x4280, 0x0000, 0xc380, 0xc000, 0x0000, 0x0000, 0x4280, 0xc240, 0xc280, 0x0000, 0xc300, 0x4300, 0xc3a0, 0x0000, 0x4100, 0x4080, 0x42c0, 0x0000, 0xc100, 0x4100, 0x0000, 0xc080, 0xc180 },
    { 0xc080, 0x3e00, 0x3e00, 0x3fc0, 0x4000, 0x3d80, 0xbfc0, 0xc080, 0xbd40, 0x0000, 0xbd40, 0x4100, 0xbd80, 0xbe00, 0xbf00, 0xbf40, 0xbf00, 0xc000, 0x3d80, 0x0000, 0x3f80, 0xc000, 0xbe00, 0x3d80, 0x3dc0, 0x3e80, 0x0000, 0xbe80, 0xbd80, 0x0000, 0xbd00, 0xbf00 },
    { 0x4400, 0x4180, 0xc1c0, 0xc280, 0xc400, 0xc1c0, 0xc300, 0xc440, 0xc080, 0x0000, 0x0000, 0xc380, 0x4140, 0x4180, 0xc200, 0xc200, 0x0000, 0x43c0, 0x4100, 0xc280, 0x43c0, 0x4380, 0x0000, 0xc220, 0x4100, 0x0000, 0xc080, 0xc240, 0x0000, 0x0000, 0xc0c0, 0xc240 },
    { 0x4180, 0x3f00, 0x3e80, 0xbfc0, 0x0000, 0xbec0, 0x3f80, 0x4180, 0x0000, 0xc000, 0x3dc0, 0xc100, 0xbe40, 0x0000, 0xbf80, 0x3f80, 0x3f00, 0x0000, 0x0000, 0xc080, 0xc000, 0x4080, 0x0000, 0xbe00, 0x3d80, 0x0000, 0xbe00, 0xbf00, 0x3e80, 0x0000, 0x3d80, 0x3e80 },
    { 0x4200, 0xbf80, 0x0000, 0x0000, 0xc180, 0xbf80, 0x4000, 0xc2a0, 0x3e00, 0x0000, 0x3e80, 0x4240, 0x0000, 0xbf80, 0xc000, 0x4080, 0xc000, 0x0000, 0x3f00, 0xc080, 0xc180, 0xc100, 0x0000, 0x3f00, 0x0000, 0xc080, 0x0000, 0x4040, 0x0000, 0x4100, 0xbe00, 0x4000 },
    { 0x4300, 0x41c0, 0xc1c0, 0x42c0, 0x43c0, 0x4100, 0xc280, 0xc400, 0x3f80, 0x42c0, 0xc040, 0x0000, 0xc000, 0x4180, 0x4200, 0xc240, 0x4280, 0x4340, 0xc000, 0x42c0, 0xc280, 0xc380, 0xc200, 0x4180, 0x0000, 0x4310, 0x4040, 0x0000, 0x0000, 0xc2c0, 0xc040, 0xc1c0 },
    { 0x4280, 0xc080, 0x4080, 0x4180, 0x0000, 0xc000, 0x0000, 0x4340, 0xbf00, 0xc180, 0xbf80, 0x4340, 0xc0a0, 0x0000, 0xc100, 0xc180, 0x4200, 0xc280, 0xbf80, 0xc200, 0x0000, 0x4280, 0xc080, 0x0000, 0x3f80, 0xc100, 0xc000, 0x0000, 0x4000, 0x0000, 0xbf00, 0xc080 },
    { 0x0000, 0x4100, 0xc000, 0xc080, 0x0000, 0xc0e0, 0x4080, 0xc200, 0xbe80, 0x0000, 0x3f00, 0x4200, 0xbfc0, 0x4000, 0x4140, 0xc1a0, 0xc100, 0x42a0, 0x3f00, 0xc180, 0xc180, 0xc180, 0x4080, 0xc040, 0x3f80, 0x4080, 0x3f00, 0xc100, 0x0000, 0x4100, 0xbf00, 0x0000 },
    { 0xc0c0, 0x0000, 0xbe00, 0xbf80, 0xc000, 0x0000, 0x3f40, 0x4180, 0xbc80, 0x3f00, 0xbda0, 0x40c0, 0x3e40, 0x3ec0, 0x3f80, 0xbf80, 0x3f40, 0xc000, 0x0000, 0x0000, 0xc000, 0x4040, 0x0000, 0xbe80, 0xbdc0, 0xbf00, 0x3d00, 0xbf60, 0xbe40, 0x0000, 0x3c80, 0xbe00 },
    { 0x0000, 0x3ec0, 0x3e00, 0xbf40, 0xc080, 0x0000, 0xbf00, 0x4000, 0x3d40, 0xbf00, 0x3d00, 0x4000, 0xbdc0, 0xbe80, 0xbf80, 0x0000, 0xbfa0, 0xbf80, 0x3d80, 0x0000, 0xc0a0, 0x4040, 0x3e80, 0xbe40, 0x0000, 0xbe80, 0xbd80, 0xbe00, 0x0000, 0x3f80, 0xbd00, 0x3e80 },
    { 0x4320, 0xc000, 0x40a0, 0x4100, 0xc2c0, 0x40a0, 0x4100, 0x4320, 0x3f00, 0xc100, 0xbf00, 0x42c0, 0xc020, 0xc140, 0xc1e0, 0x41a0, 0xc100, 0xc200, 0x3fc0, 0xc1c0, 0x4200, 0x4200, 0x4120, 0x0000, 0x3f80, 0x4140, 0x0000, 0x4120, 0x0000, 0x4100, 0xbf00, 0x4100 },
    { 0x4100, 0x3e80, 0xbe80, 0x0000, 0x0000, 0x0000, 0x3f00, 0x4080, 0x3d00, 0x3f80, 0x0000, 0x0000, 0x3e00, 0xbf80, 0xbf00, 0x3f80, 0x0000, 0x40c0, 0xbd80, 0xc000, 0x4080, 0x4080, 0xbe80, 0xbe00, 0x0000, 0x4000, 0x3d00, 0xbf40, 0x3e80, 0x0000, 0x3d80, 0xbe80 }
Accumulated:
    { 0x4400, 0xc180, 0x41a0, 0xc240, 0xc380, 0x0000, 0xc200, 0x43c0, 0xbf80, 0xc2c0, 0x4000, 0x4300, 0x0000, 0x0000, 0xc240, 0x0000, 0xc200, 0x4300, 0x4100, 0x4320, 0x0000, 0x4340, 0xc200, 0x0000, 0x4080, 0xc180, 0x3f80, 0xc1c0, 0xc080, 0x4320, 0x4040, 0x4180 },
    { 0xc380, 0x0000, 0xc0c0, 0xc200, 0x0000, 0x0000, 0x4200, 0x4300, 0x3f00, 0x4180, 0xbf00, 0xc3a0, 0xc080, 0x4080, 0x4180, 0xc180, 0x4240, 0x4200, 0xbf80, 0x4240, 0xc280, 0x0000, 0x0000, 0xc0c0, 0xbf80, 0xc100, 0x3f80, 0xc1a0, 0xc000, 0xc240, 0xbf80, 0xc080 },
    { 0xc300, 0x4100, 0xc080, 0x4240, 0x4420, 0x4100, 0xc240, 0x0000, 0xc000, 0xc200, 0xc080, 0x43c0, 0xc100, 0x41c0, 0xc200, 0xc180, 0xc180, 0x4300, 0xc080, 0x0000, 0xc300, 0x4300, 0x4100, 0x4140, 0x0000, 0x4240, 0xbf80, 0xc180, 0xc080, 0xc200, 0xc000, 0xc220 },
    { 0x4100, 0xbf00, 0x3f00, 0xc040, 0x4100, 0xbf80, 0x4080, 0x4200, 0x0000, 0xc080, 0xbe80, 0xc180, 0x3ec0, 0xbf80, 0x4000, 0x0000, 0x3f80, 0x4100, 0x3e00, 0x40c0, 0xc080, 0x4100, 0x3f00, 0xbf80, 0xbe00, 0xc080, 0x3d80, 0xbfc0, 0xbf40, 0x0000, 0x3e40, 0xbf00 },
    { 0xc280, 0xc080, 0x4000, 0xc080, 0xc200, 0xc000, 0xc100, 0x0000, 0xbf00, 0xc180, 0x3e80, 0x0000, 0xbfc0, 0x4080, 0x4140, 0xc140, 0x0000, 0xc200, 0xbf00, 0x4100, 0xc180, 0x4180, 0x0000, 0xbf80, 0x0000, 0xc100, 0xbf40, 0xc000, 0x3f80, 0x4180, 0x3e80, 0xc000 },
    { 0x4100, 0x3f00, 0x0000, 0xc040, 0x4180, 0x3fc0, 0x4000, 0xc1c0, 0x3e00, 0x4080, 0xbe00, 0xc180, 0xbe00, 0xbf00, 0xc000, 0x3f80, 0x0000, 0x4100, 0xbe00, 0xc080, 0xc080, 0x4140, 0x3f00, 0x3f80, 0x0000, 0xbf80, 0x0000, 0x3f80, 0xbe80, 0x0000, 0x3d80, 0xc000 },
    { 0x4380, 0x4180, 0x0000, 0x4280, 0x4380, 0x4140, 0x4180, 0xc3c0, 0x0000, 0xc200, 0xc040, 0xc380, 0x4000, 0xc180, 0x4180, 0xc180, 0xc180, 0xc300, 0x0000, 0xc280, 0xc280, 0x4280, 0x4180, 0x4080, 0xc080, 0x4240, 0xbf80, 0x4200, 0xc080, 0x0000, 0xbf80, 0xc180 },
    { 0x0000, 0xbf40, 0xbe00, 0xc000, 0xc080, 0x3f00, 0x0000, 0xc100, 0x3dc0, 0xbf80, 0x3d00, 0x4140, 0xbe00, 0x0000, 0xc040, 0x3f80, 0x3f00, 0x4100, 0x3d80, 0x4000, 0xc080, 0x40c0, 0x3f00, 0xbe80, 0x3d80, 0xc000, 0xbd00, 0xbf00, 0xbe00, 0x4000, 0xbd00, 0x3e80 },
    { 0x4180, 0x4040, 0xbf00, 0x4140, 0xc200, 0xbfc0, 0xc120, 0x4180, 0x0000, 0xc080, 0xbe00, 0xc180, 0x3f00, 0xc000, 0x0000, 0x4000, 0xc000, 0x4100, 0x3e80, 0xc100, 0x41c0, 0xc220, 0x3f80, 0xc000, 0x3e80, 0x4120, 0xbe80, 0x4000, 0x4000, 0xc100, 0x0000, 0xbf80 },
    { 0x4180, 0x3f00, 0x0000, 0x4000, 0x0000, 0x3e80, 0xc080, 0xc180, 0xbe80, 0xc0c0, 0x3d80, 0x4200, 0x3e80, 0x3fc0, 0x4000, 0x3f80, 0xc040, 0x4080, 0x3f00, 0xc080, 0xc080, 0x4140, 0x0000, 0x3e80, 0x0000, 0x4000, 0xbe00, 0xbf00, 0xbf00, 0x40c0, 0x0000, 0x0000 },
    { 0xc180, 0xbf80, 0x3f00, 0x4080, 0xc200, 0x3f00, 0xc100, 0x0000, 0xbf20, 0xc080, 0x3f80, 0x42c0, 0x3f00, 0x4040, 0x0000, 0xc080, 0xc0c0, 0x0000, 0xbe80, 0xc180, 0x41c0, 0x41c0, 0xc040, 0x3fc0, 0x3f80, 0x0000, 0xbe80, 0x4080, 0x4040, 0x0000, 0x3ec0, 0x4040 },
    { 0x4080, 0x3f00, 0xbec0, 0x3f80, 0x4140, 0xbe00, 0x0000, 0xc100, 0x0000, 0x3f80, 0x0000, 0x4080, 0x0000, 0x0000, 0x0000, 0x3f00, 0xbf00, 0x4080, 0xbe40, 0xc080, 0x4000, 0x4080, 0xbe80, 0x3e80, 0xbe00, 0x3f80, 0xbd80, 0x3f00, 0xbe00, 0xbf80, 0xbd80, 0xbf00 },
    { 0xc440, 0xc220, 0xc080, 0xc200, 0xc380, 0xc080, 0xc200, 0xc3c0, 0xbf80, 0xc280, 0x4000, 0xc400, 0x4000, 0x41c0, 0xc280, 0x42e0, 0x4240, 0x4280, 0xc000, 0x42c0, 0x4300, 0xc3e0, 0x4100, 0xc180, 0x40c0, 0xc300, 0x4040, 0xc200, 0x4180, 0xc2c0, 0x4000, 0x4200 },
    { 0x4100, 0x3f00, 0xbec0, 0xbf80, 0xc080, 0x3ec0, 0x3f00, 0xc100, 0xbd80, 0x3f80, 0x3d80, 0x4080, 0x3ec0, 0x3e80, 0x4000, 0xbf00, 0xc000, 0x0000, 0x3d80, 0x3f80, 0x4000, 0x4080, 0x0000, 0x3e00, 0xbd80, 0x0000, 0x3dc0, 0x0000, 0x0000, 0x0000, 0xbd80, 0x3f00 },
    { 0x40c0, 0x3f40, 0xbe40, 0x3f80, 0x4000, 0xbe80, 0xbf80, 0xc000, 0xbd80, 0xbf80, 0x3d40, 0x4080, 0x3d80, 0x3f80, 0xbe80, 0x3e80, 0x0000, 0x40a0, 0x3d80, 0xc000, 0x4040, 0xc000, 0xbe00, 0x3e40, 0x3d80, 0x3f80, 0x3c80, 0x3e80, 0x3e40, 0xbf80, 0x3d00, 0xbf00 },
    { 0xc180, 0x3f00, 0x3e00, 0x3f80, 0xc080, 0xbf40, 0xc020, 0x4140, 0xbd80, 0xc000, 0x3dc0, 0x4220, 0xbe00, 0x3fa0, 0xbf00, 0xc000, 0xc020, 0x0000, 0x3e40, 0xbf80, 0xc080, 0x4080, 0x3e80, 0x3e00, 0x3e40, 0x3f00, 0x0000, 0xbfa0, 0x3f00, 0x4080, 0x3e00, 0x3f00 },
    { 0xc380, 0x0000, 0x0000, 0xc180, 0xc300, 0x41a0, 0x4200, 0x4380, 0x40c0, 0x4280, 0x3f80, 0x0000, 0x4000, 0xc200, 0xc2c0, 0x42a0, 0xc280, 0x0000, 0x4080, 0x4280, 0xc300, 0x4340, 0x4200, 0x4100, 0x0000, 0x4240, 0x4040, 0x4100, 0x4080, 0x4200, 0x4000, 0x4200 },
    { 0x4380, 0x4200, 0x0000, 0xc200, 0xc440, 0xc180, 0x0000, 0x4440, 0x4000, 0x4280, 0x4000, 0x4440, 0x4200, 0x4200, 0x4280, 0x4200, 0x4200, 0xc380, 0x0000, 0xc300, 0x4300, 0xc3c0, 0x4240, 0xc220, 0x4080, 0xc340, 0xc080, 0x4180, 0x4220, 0xc280, 0x4000, 0x0000 },
    { 0x41a0, 0xbf00, 0x3e00, 0x4000, 0x4100, 0x3f00, 0x4020, 0x0000, 0x3d80, 0x3f80, 0xbe20, 0xc080, 0xbe00, 0xbf40, 0x3f00, 0x3fc0, 0x3fc0, 0xc140, 0xbe80, 0xbf80, 0x4120, 0xc000, 0x3e80, 0x3ec0, 0xbd80, 0x0000, 0xbd00, 0x4000, 0xbe00, 0xc000, 0xbdc0, 0xbf80 },
    { 0x4000, 0x3ec0, 0x3e40, 0x3fc0, 0xc000, 0x3e00, 0xbf00, 0x4080, 0xbe10, 0x3f00, 0x3c80, 0xc000, 0x3d80, 0x3f20, 0x3fe0, 0x3e80, 0x3f40, 0xbf80, 0xbe20, 0xc020, 0x4040, 0xc000, 0x3e00, 0x3e40, 0x0000, 0x3f80, 0x3d40, 0x3f20, 0x3e00, 0xc000, 0x0000, 0xbf40 },
    { 0x4380, 0x41c0, 0x4140, 0x4240, 0x43c0, 0xc080, 0xc2a0, 0x4380, 0xc040, 0x4280, 0x0000, 0xc380, 0xc000, 0x0000, 0x0000, 0x4280, 0xc240, 0xc280, 0x0000, 0xc300, 0x4300, 0xc3a0, 0x0000, 0x4100, 0x4080, 0x42c0, 0x0000, 0xc100, 0x4100, 0x0000, 0xc080, 0xc180 },
    { 0xc080, 0x3e00, 0x3e00, 0x3fc0, 0x4000, 0x3d80, 0xbfc0, 0xc080, 0xbd40, 0x0000, 0xbd40, 0x4100, 0xbd80, 0xbe00, 0xbf00, 0xbf40, 0xbf00, 0xc000, 0x3d80, 0x0000, 0x3f80, 0xc000, 0xbe00, 0x3d80, 0x3dc0, 0x3e80, 0x0000, 0xbe80, 0xbd80, 0x0000, 0xbd00, 0xbf00 },
    { 0x4400, 0x4180, 0xc1c0, 0xc280, 0xc400, 0xc1c0, 0xc300, 0xc440, 0xc080, 0x0000, 0x0000, 0xc380, 0x4140, 0x4180, 0xc200, 0xc200, 0x0000, 0x43c0, 0x4100, 0xc280, 0x43c0, 0x4380, 0x0000, 0xc220, 0x4100, 0x0000, 0xc080, 0xc240, 0x0000, 0x0000, 0xc0c0, 0xc240 },
    { 0x4180, 0x3f00, 0x3e80, 0xbfc0, 0x0000, 0xbec0, 0x3f80, 0x4180, 0x0000, 0xc000, 0x3dc0, 0xc100, 0xbe40, 0x0000, 0xbf80, 0x3f80, 0x3f00, 0x0000, 0x0000, 0xc080, 0xc000, 0x4080, 0x0000, 0xbe00, 0x3d80, 0x0000, 0xbe00, 0xbf00, 0x3e80, 0x0000, 0x3d80, 0x3e80 },
    { 0x4200, 0xbf80, 0x0000, 0x0000, 0xc180, 0xbf80, 0x4000, 0xc2a0, 0x3e00, 0x0000, 0x3e80, 0x4240, 0x0000, 0xbf80, 0xc000, 0x4080, 0xc000, 0x0000, 0x3f00, 0xc080, 0xc180, 0xc100, 0x0000, 0x3f00, 0x0000, 0xc080, 0x0000, 0x4040, 0x0000, 0x4100, 0xbe00, 0x4000 },
    { 0x4300, 0x41c0, 0xc1c0, 0x42c0, 0x43c0, 0x4100, 0xc280, 0xc400, 0x3f80, 0x42c0, 0xc040, 0x0000, 0xc000, 0x4180, 0x4200, 0xc240, 0x4280, 0x4340, 0xc000, 0x42c0, 0xc280, 0xc380, 0xc200, 0x4180, 0x0000, 0x4310, 0x4040, 0x0000, 0x0000, 0xc2c0, 0xc040, 0xc1c0 },
    { 0x4280, 0xc080, 0x4080, 0x4180, 0x0000, 0xc000, 0x0000, 0x4340, 0xbf00, 0xc180, 0xbf80, 0x4340, 0xc0a0, 0x0000, 0xc100, 0xc180, 0x4200, 0xc280, 0xbf80, 0xc200, 0x0000, 0x4280, 0xc080, 0x0000, 0x3f80, 0xc100, 0xc000, 0x0000, 0x4000, 0x0000, 0xbf00, 0xc080 },
    { 0x0000, 0x4100, 0xc000, 0xc080, 0x0000, 0xc0e0, 0x4080, 0xc200, 0xbe80, 0x0000, 0x3f00, 0x4200, 0xbfc0, 0x4000, 0x4140, 0xc1a0, 0xc100, 0x42a0, 0x3f00, 0xc180, 0xc180, 0xc180, 0x4080, 0xc040, 0x3f80, 0x4080, 0x3f00, 0xc100, 0x0000, 0x4100, 0xbf00, 0x0000 },
    { 0xc0c0, 0x0000, 0xbe00, 0xbf80, 0xc000, 0x0000, 0x3f40, 0x4180, 0xbc80, 0x3f00, 0xbda0, 0x40c0, 0x3e40, 0x3ec0, 0x3f80, 0xbf80, 0x3f40, 0xc000, 0x0000, 0x0000, 0xc000, 0x4040, 0x0000, 0xbe80, 0xbdc0, 0xbf00, 0x3d00, 0xbf60, 0xbe40, 0x0000, 0x3c80, 0xbe00 },
    { 0x0000, 0x3ec0, 0x3e00, 0xbf40, 0xc080, 0x0000, 0xbf00, 0x4000, 0x3d40, 0xbf00, 0x3d00, 0x4000, 0xbdc0, 0xbe80, 0xbf80, 0x0000, 0xbfa0, 0xbf80, 0x3d80, 0x0000, 0xc0a0, 0x4040, 0x3e80, 0xbe40, 0x0000, 0xbe80, 0xbd80, 0xbe00, 0x0000, 0x3f80, 0xbd00, 0x3e80 },
    { 0x4320, 0xc000, 0x40a0, 0x4100, 0xc2c0, 0x40a0, 0x4100, 0x4320, 0x3f00, 0xc100, 0xbf00, 0x42c0, 0xc020, 0xc140, 0xc1e0, 0x41a0, 0xc100, 0xc200, 0x3fc0, 0xc1c0, 0x4200, 0x4200, 0x4120, 0x0000, 0x3f80, 0x4140, 0x0000, 0x4120, 0x0000, 0x4100, 0xbf00, 0x4100 },
    { 0x4100, 0x3e80, 0xbe80, 0x0000, 0x0000, 0x0000, 0x3f00, 0x4080, 0x3d00, 0x3f80, 0x0000, 0x0000, 0x3e00, 0xbf80, 0xbf00, 0x3f80, 0x0000, 0x40c0, 0xbd80, 0xc000, 0x4080, 0x4080, 0xbe80, 0xbe00, 0x0000, 0x4000, 0x3d00, 0xbf40, 0x3e80, 0x0000, 0x3d80, 0xbe80 }