



== M: 0, N: 0 ==



= K: 0 =

Pre-scaled:
    { 0x40d4, 0xc0e7, 0x40b0, 0xc0aa, 0xbfad, 0xc06e, 0xc015, 0x3fdc, 0xc0b5, 0xc091, 0x40f5, 0x40a0, 0xc00d, 0x408e, 0xbef0, 0x4000, 0xc0de, 0x40c5, 0x4111, 0x40fc, 0x3f1e, 0x3fad, 0xc11f, 0xc060, 0x405d, 0xc0aa, 0x3e80, 0xc0df, 0x4006, 0x4123, 0x4074, 0x3fd4 },
    { 0xc038, 0xc080, 0xbfd2, 0xc057, 0x3ed0, 0x400a, 0x3f52, 0xbf08, 0xbfa4, 0x4093, 0xc02a, 0xc141, 0xc128, 0xbde0, 0x3dc0, 0xbdc0, 0x413d, 0x40aa, 0xc066, 0xbfc4, 0xc046, 0xbed8, 0x3fc8, 0x400a, 0xc014, 0x40bc, 0xbee0, 0xc08c, 0x4088, 0xc054, 0xbfdc, 0xc0a7 },
    { 0xc028, 0x3fc4, 0xbe78, 0x4054, 0x40da, 0x3f68, 0xc0d9, 0x4074, 0xc08d, 0x3ef0, 0xc0b8, 0x40f6, 0xc0aa, 0xbfcc, 0xc012, 0xbf8c, 0xc0bb, 0xbf68, 0xc027, 0xc08c, 0x4030, 0x400b, 0xbf84, 0x40d6, 0x4085, 0x40e1, 0xc138, 0xbf74, 0xc0f0, 0x3f70, 0xc051, 0xc0cd },
    { 0x40bd, 0xc044, 0x3f8e, 0xc11a, 0x3ffa, 0xc0ea, 0x4120, 0x4118, 0xbe60, 0xc0c8, 0xc05d, 0x3d20, 0x4108, 0x3f6c, 0x4013, 0x4052, 0x40f3, 0x40ee, 0x40b1, 0x3f9e, 0xbfe0, 0x40a7, 0x4082, 0xc0b0, 0x3fc7, 0xc107, 0x4090, 0xc09e, 0xc0e9, 0xc017, 0x3f92, 0xbf82 },
    { 0x3edc, 0xc0a8, 0x40d8, 0x3f89, 0xbf82, 0x3f28, 0xc02a, 0x4024, 0xc021, 0xc043, 0x40cc, 0x3f3a, 0xc0b7, 0x40a4, 0x40d5, 0x3e80, 0xbf81, 0xc0ba, 0xc01e, 0xbee8, 0x3e28, 0x4012, 0x3f11, 0x4081, 0xbfc5, 0xbf9a, 0xc0c0, 0xbe20, 0x40c1, 0x3fd5, 0x4053, 0x3ef4 },
    { 0xbf30, 0x4098, 0x4003, 0xc0e0, 0x40f4, 0x40a0, 0x40b5, 0x0000, 0x403a, 0x3fd6, 0xc0ae, 0xc0cd, 0xbfcf, 0x4060, 0xc0c8, 0xbf8d, 0x4083, 0x4041, 0xc085, 0x3f64, 0xc031, 0x40df, 0x409a, 0x4110, 0xc00e, 0xc05d, 0x40d7, 0x40d0, 0xbee8, 0x3f94, 0x40cf, 0xc088 },
    { 0x4032, 0x40a2, 0xc09f, 0x40ec, 0x3f5a, 0x4080, 0x3fa5, 0xc118, 0xc017, 0xc062, 0xc01c, 0x3fcd, 0x4013, 0xc0ce, 0x3ed4, 0xc02f, 0xbf4c, 0xc05c, 0xbfe8, 0xc01e, 0xc0d5, 0x3c80, 0x3fd8, 0xbf58, 0xc08f, 0x4053, 0x3f30, 0x409c, 0xc073, 0xbf8b, 0xc0ac, 0xbd70 },
    { 0x3fdd, 0xc09c, 0xc053, 0xc0e6, 0x40ce, 0x4102, 0xbfbf, 0x3f46, 0x4069, 0xbe8e, 0xbf2b, 0x4076, 0xc0a7, 0xc010, 0xc134, 0x4115, 0x3f0a, 0x4139, 0x404e, 0x3ebc, 0xc0ff, 0x4099, 0x4096, 0xc08d, 0x3f40, 0x3f1a, 0xc05b, 0xc09c, 0xc08d, 0x4020, 0xc09e, 0x402c },
    { 0x4089, 0x40b6, 0xc0a1, 0x40cd, 0xc0ec, 0xc05f, 0xc087, 0xc024, 0x3e20, 0x3e00, 0x409a, 0xc07a, 0x4006, 0xc01a, 0xbeb4, 0xc057, 0x40a1, 0x3f20, 0x4068, 0xc102, 0x40a8, 0xc0e5, 0xbf83, 0xc0e0, 0x4072, 0x409e, 0x3fc1, 0xbfb3, 0x4106, 0xc078, 0x3f0c, 0x4012 },
    { 0x40b1, 0x403d, 0x3e50, 0x3f6c, 0x3ff2, 0x411a, 0xc0e6, 0x3f85, 0xc063, 0xc0d9, 0x407b, 0x410d, 0xc00a, 0x4022, 0x3f3a, 0x3fa6, 0xc107, 0x0000, 0x40b1, 0xc0e4, 0x3e28, 0x40f4, 0x3f86, 0xbf31, 0x4036, 0x3fc2, 0xc0d4, 0x3f12, 0xc00a, 0x4016, 0x3f32, 0xc04a },
    { 0x3ec4, 0xbf34, 0xbff2, 0xc02e, 0xbfda, 0x407e, 0xc0a2, 0xbe20, 0xc141, 0xc10d, 0x4190, 0x416a, 0x407c, 0x4027, 0x4086, 0xc0ca, 0xc11f, 0xc06c, 0xbdd0, 0xbf4c, 0x4056, 0x410e, 0xbfb2, 0x3fba, 0x408f, 0xc117, 0xbf70, 0xbe98, 0x4110, 0x3faa, 0x402b, 0x4076 },
    { 0x3eb4, 0x406f, 0xc066, 0x4080, 0x402a, 0xc0e1, 0x403e, 0xbf26, 0xc028, 0x4001, 0x3f94, 0xbf7b, 0x402b, 0x409c, 0x3fc8, 0xbfba, 0xbe90, 0x3fd3, 0xc0f1, 0xc066, 0x4121, 0x40af, 0xbf30, 0x3ef2, 0xc020, 0xc091, 0xc023, 0x3fd3, 0xc047, 0x3fe4, 0xbf8b, 0xc02c },
    { 0xc0ea, 0xc110, 0xbf2c, 0xc0fe, 0xbfb0, 0x3ee0, 0x4076, 0xbe70, 0x4038, 0x3e98, 0xbfb4, 0xc182, 0x3fd3, 0x3f7c, 0xc0b7, 0x411f, 0x4140, 0x3e9c, 0xc028, 0x405c, 0x4084, 0xc0d7, 0x4006, 0xc0f8, 0x401d, 0xc15f, 0xc085, 0xbfe2, 0x403c, 0xc07a, 0xc003, 0x4105 },
    { 0x3fb9, 0x4029, 0xc0c0, 0xc080, 0xbf6d, 0x40bb, 0xbe48, 0xc0de, 0xc03f, 0xbfee, 0x4110, 0x4094, 0x3fb6, 0xc042, 0x3fd0, 0x3e88, 0xc0b3, 0x408a, 0x400c, 0xc022, 0xc00c, 0x40aa, 0x3ce0, 0xbda8, 0x3f95, 0xc03b, 0xbfca, 0xc08e, 0x3ffb, 0x4004, 0xc0e2, 0x4074 },
    { 0x4127, 0x4138, 0xc067, 0x40f6, 0x4085, 0xc0aa, 0xc0d4, 0xbf94, 0xbff6, 0xbd60, 0x3ee0, 0x40c8, 0xbfd3, 0x412d, 0xc0d2, 0xc0de, 0xc07a, 0x40a0, 0x4000, 0xc0ea, 0x4014, 0xc096, 0xbfe2, 0x40e7, 0x4020, 0x40c4, 0x4021, 0xc06d, 0x3f98, 0x4039, 0x406d, 0xc161 },
    { 0xc0a3, 0x4012, 0x3fe0, 0x40fa, 0xbf1e, 0xc040, 0xc0d6, 0x4105, 0xbf68, 0xc0b6, 0x40c0, 0x418c, 0xc0c2, 0x412f, 0xc01e, 0xc115, 0xc113, 0xbfec, 0x3fa0, 0x4024, 0x40e9, 0x3f18, 0xbfc8, 0xbfee, 0x4115, 0xc072, 0xbea8, 0xc0d0, 0x4124, 0x40cb, 0x4140, 0xbf90 },
    { 0xc0fa, 0xc086, 0x40bc, 0xbf62, 0xc08e, 0x4122, 0xc03e, 0x4108, 0x3ef0, 0xbeb8, 0x4073, 0x4055, 0xc029, 0xbfff, 0xc03c, 0x413b, 0xc0c3, 0xbf60, 0x4081, 0x4094, 0xc06e, 0xbe3c, 0x40a9, 0x404d, 0x40d5, 0x40ce, 0xbe14, 0x4039, 0x3fbc, 0x4023, 0xbff5, 0x410f },
    { 0xbfb1, 0x400e, 0xbe48, 0xbfb8, 0xc0eb, 0xc05c, 0x3f9a, 0x40c4, 0x4068, 0x4003, 0x40c7, 0x4067, 0x4136, 0x3f96, 0x40b5, 0xc09c, 0x3f18, 0xbfa0, 0x3f01, 0xc023, 0x408b, 0xc042, 0xc032, 0xc13c, 0xc020, 0xc094, 0xbf91, 0xc0a0, 0x40ea, 0xc098, 0xbefc, 0x402a },
    { 0x402e, 0xc108, 0x403a, 0x412e, 0x40f8, 0x40a6, 0x4022, 0xc10e, 0x4072, 0x3f34, 0xc0ec, 0xbf00, 0xc07a, 0xc0b5, 0x3f8e, 0x4114, 0x4042, 0xc117, 0xc0b3, 0xbdc0, 0x4040, 0x3ee8, 0xc0c0, 0x4108, 0xc0d1, 0x4055, 0xc08a, 0x412b, 0xc086, 0x3f6e, 0xbebc, 0xc0eb },
    { 0x40aa, 0x4062, 0x410c, 0x403a, 0xc020, 0xbeb8, 0xbf00, 0x4080, 0xc112, 0x3e00, 0xbf58, 0x3fea, 0xbfc0, 0x4108, 0xbf5c, 0xc00b, 0x3fa0, 0x3f20, 0xc08b, 0xc0e6, 0xc01c, 0xbe50, 0x4095, 0x40ed, 0x40a0, 0x40b6, 0x40f6, 0x4066, 0x40ba, 0xc028, 0x40c8, 0xc15f },
    { 0xc073, 0x410a, 0x40b5, 0x403e, 0x400f, 0xc04b, 0xc039, 0x4081, 0xc048, 0x4038, 0x3de8, 0x3fb6, 0xc090, 0x3f9c, 0xc068, 0x4052, 0xc127, 0x4032, 0x4024, 0xc117, 0x3fd6, 0xbfc8, 0x40be, 0x4048, 0x40c0, 0x4125, 0x4012, 0xbe40, 0x4039, 0x402b, 0xbe88, 0x4018 },
    { 0x3ff2, 0x40bc, 0xc0f6, 0x412d, 0x40c5, 0x4011, 0xc11a, 0xc0e8, 0xbf0c, 0xbe1c, 0xc0b9, 0x412c, 0x3eea, 0xc0fe, 0xc0b5, 0xc0cd, 0xc103, 0x0000, 0x4024, 0xc0d6, 0x4125, 0xc0ba, 0xbf9c, 0xbe82, 0x40e0, 0x40ba, 0x4051, 0x3f14, 0xc000, 0xc0bc, 0xbecc, 0xc0ae },
    { 0x3fd0, 0x40c0, 0xc0af, 0xbea8, 0xbe54, 0xc011, 0xc04c, 0x4048, 0xbf24, 0x4036, 0xc004, 0xbfb1, 0x4036, 0xc026, 0x3c00, 0xc106, 0x3d20, 0x4086, 0x3f99, 0xbfce, 0x408b, 0x40b4, 0x403a, 0xc026, 0x3ef4, 0x3f8c, 0x4030, 0xbfb1, 0xbe40, 0xc002, 0x3f74, 0xc12e },
    { 0x4052, 0x40da, 0x3f8e, 0xc126, 0xc0a4, 0xc0d9, 0x4060, 0x40e2, 0x4001, 0xbfae, 0x40e9, 0xc052, 0xc084, 0x4024, 0xc084, 0x3e04, 0xc098, 0x40c8, 0x40cb, 0xc0fc, 0xbe08, 0x4102, 0xbf9a, 0xc0c3, 0x4080, 0x3fc8, 0xc0a4, 0xc120, 0x403e, 0x3fb5, 0xbe98, 0x40f6 },
    { 0xbef4, 0xc069, 0xc0a1, 0xbf96, 0xc0d4, 0xc007, 0x3f95, 0xc13e, 0x4046, 0x4086, 0x40ec, 0x40cf, 0x3f18, 0xbfb2, 0x4002, 0x409a, 0xc0ad, 0xbff8, 0x3ef4, 0x4078, 0xc110, 0x3f72, 0x4099, 0x402b, 0xc04e, 0xc0a2, 0x40d0, 0x4010, 0xbff2, 0x3ff8, 0xc09e, 0x4000 },
    { 0x4045, 0x3f70, 0x3f2c, 0x4088, 0x410e, 0x4092, 0xc126, 0xc021, 0xc088, 0x3ec4, 0xc128, 0xbfba, 0xbf54, 0xbf8e, 0xc033, 0xbf38, 0x40e4, 0x40af, 0xbef6, 0x40af, 0xc103, 0xc108, 0xc0fa, 0x4092, 0xbff6, 0x4172, 0x3fd8, 0xbfb0, 0xc04d, 0xbe88, 0x3ef0, 0xc114 },
    { 0x4086, 0xc07a, 0x4090, 0x4083, 0x408e, 0xbfde, 0x40dc, 0x409a, 0x403e, 0x4040, 0xc113, 0xbee8, 0xc0bb, 0x4016, 0xbf82, 0xc03e, 0x413d, 0xc08a, 0xc09b, 0xc098, 0xbef6, 0xc002, 0xbf16, 0xbfd4, 0xbfd3, 0xbfc8, 0xc0fa, 0xbf30, 0x3fb2, 0xc03a, 0xc036, 0xc0be },
    { 0x3fc5, 0x40d8, 0xbfbd, 0xbf70, 0x3f2f, 0xc0d6, 0x3f8d, 0x3f89, 0xbf46, 0x3f6f, 0x409c, 0x3e58, 0xc0df, 0x4070, 0xc097, 0xc08c, 0xbf81, 0x40fa, 0x4044, 0xc0bd, 0x3ff8, 0x3fc1, 0x4091, 0xc03e, 0x40ed, 0x4092, 0x40be, 0xc091, 0x4077, 0xbf40, 0x3fd0, 0x4086 },
    { 0xc0b4, 0x4013, 0xc09d, 0xc125, 0xc062, 0xc0b2, 0x4098, 0x40de, 0x3eb8, 0x3c00, 0xc093, 0x4115, 0x40da, 0x409e, 0x40ce, 0xc138, 0x407f, 0x4016, 0x4069, 0x403d, 0xc09c, 0x4055, 0xbff2, 0xc00a, 0xbed0, 0xc00c, 0x40a8, 0xc11a, 0xc074, 0x40a2, 0x402e, 0xbee8 },
    { 0xc0c6, 0x4026, 0xc070, 0xc026, 0xbea0, 0x40d2, 0xc082, 0xc048, 0x3fa4, 0xbfec, 0x4016, 0x40ca, 0xc0a2, 0xc094, 0xbf54, 0x402c, 0xc142, 0xc028, 0x3fbf, 0xbfa5, 0xc0f0, 0x40f7, 0x3f18, 0xc06c, 0xbfe7, 0x406c, 0xc0da, 0x3f87, 0xbfff, 0x3fbf, 0xc030, 0x40b4 },
    { 0x4046, 0xc037, 0x4028, 0x4016, 0xc0fc, 0x4148, 0x3fef, 0x4099, 0x40b2, 0x4002, 0xbfb6, 0x403a, 0xc128, 0xc11b, 0xc101, 0x4109, 0xc056, 0xbf74, 0x3fe5, 0xc05a, 0xbfab, 0x40f9, 0x40ca, 0xc01d, 0x4044, 0x40fb, 0xc023, 0x40ea, 0x3d20, 0xc07e, 0xc0a4, 0x40fc },
    { 0x4102, 0x40cc, 0xc0d1, 0x4040, 0x3fbe, 0x40ae, 0xc044, 0xc04e, 0x4033, 0xc020, 0x4053, 0xbfa6, 0x4087, 0xc048, 0xc043, 0x4155, 0x3f38, 0x411a, 0x3f42, 0xc0cb, 0x3fba, 0x3f81, 0x3f14, 0x4039, 0xc09b, 0x411c, 0x40b4, 0xbea8, 0x3fc8, 0xbfa8, 0xbe00, 0x3fde }
Scaled:
    { 0x4454, 0xc267, 0x41b0, 0xc2aa, 0xc32d, 0xc16e, 0xc215, 0x435c, 0xc0b5, 0xc311, 0x40f5, 0x4420, 0xc08d, 0x420e, 0xc0f0, 0x4200, 0xc2de, 0x43c5, 0x4191, 0x437c, 0x421e, 0x42ad, 0xc29f, 0xc160, 0x40dd, 0xc2aa, 0x3e80, 0xc25f, 0x4106, 0x43a3, 0x4074, 0x4154 },
    { 0xc338, 0xc180, 0xc052, 0xc1d7, 0x41d0, 0x408a, 0x40d2, 0xc208, 0xbf24, 0x4293, 0xbfaa, 0xc441, 0xc128, 0xbee0, 0x3f40, 0xbf40, 0x42bd, 0x432a, 0xc066, 0xc1c4, 0xc2c6, 0xc158, 0x40c8, 0x408a, 0xc014, 0x423c, 0xbe60, 0xc18c, 0x4108, 0xc254, 0xbf5c, 0xc1a7 },
    { 0xc3a8, 0x4144, 0xbf78, 0x4254, 0x445a, 0x4068, 0xc2d9, 0x43f4, 0xc08d, 0x4170, 0xc0b8, 0x4476, 0xc12a, 0xc14c, 0xc212, 0xc18c, 0xc2bb, 0xc268, 0xc0a7, 0xc30c, 0x4330, 0x430b, 0xc104, 0x41d6, 0x4105, 0x42e1, 0xc138, 0xc0f4, 0xc1f0, 0x41f0, 0xc051, 0xc24d },
    { 0x423d, 0xbfc4, 0x3e8e, 0xc11a, 0x417a, 0xbfea, 0x4120, 0x4298, 0xbc60, 0xc148, 0xbe5d, 0x3ea0, 0x3f88, 0x3eec, 0x4013, 0x4052, 0x40f3, 0x41ee, 0x3f31, 0x401e, 0xc0e0, 0x41a7, 0x4002, 0xbfb0, 0x3e47, 0xc107, 0x3e90, 0xc01e, 0xbfe9, 0xc097, 0x3d92, 0xbf02 },
    { 0x415c, 0xc128, 0x40d8, 0x4089, 0xc202, 0x3f28, 0xc12a, 0x42a4, 0xbf21, 0xc1c3, 0x3fcc, 0x41ba, 0xc037, 0x4124, 0x41d5, 0x3f80, 0xc081, 0xc2ba, 0xbf9e, 0xc068, 0x4028, 0x4212, 0x3f91, 0x4081, 0xbf45, 0xc09a, 0xbfc0, 0xbea0, 0x40c1, 0x4155, 0x3f53, 0x3f74 },
    { 0xc0b0, 0x4018, 0x3f03, 0xc0e0, 0x4274, 0x3fa0, 0x40b5, 0x0000, 0x3e3a, 0x4056, 0xbeae, 0xc24d, 0xbe4f, 0x3fe0, 0xc0c8, 0xbf8d, 0x4083, 0x4141, 0xbf05, 0x3fe4, 0xc131, 0x41df, 0x401a, 0x4010, 0xbe8e, 0xc05d, 0x3ed7, 0x4050, 0xbde8, 0x4014, 0x3ecf, 0xc008 },
    { 0x43b2, 0x4222, 0xc19f, 0x42ec, 0x42da, 0x4180, 0x41a5, 0xc498, 0xc017, 0xc2e2, 0xc01c, 0x434d, 0x4093, 0xc24e, 0x40d4, 0xc22f, 0xc14c, 0xc35c, 0xc068, 0xc29e, 0xc3d5, 0x3f80, 0x4158, 0xc058, 0xc10f, 0x4253, 0x3f30, 0x421c, 0xc173, 0xc20b, 0xc0ac, 0xbef0 },
    { 0x40dd, 0xbf9c, 0xbed3, 0xc066, 0x41ce, 0x3f82, 0xbf3f, 0x4046, 0x3de9, 0xbe8e, 0xbcab, 0x4176, 0xbea7, 0xbf10, 0xc0b4, 0x4095, 0x3e8a, 0x41b9, 0x3e4e, 0x3ebc, 0xc17f, 0x4119, 0x3f96, 0xbf0d, 0x3d40, 0x3e9a, 0xbddb, 0xbf9c, 0xbf0d, 0x4020, 0xbe1e, 0x3f2c },
    { 0x4289, 0x40b6, 0xc021, 0x414d, 0xc2ec, 0xbfdf, 0xc107, 0xc224, 0x3ca0, 0x3f00, 0x3f1a, 0xc27a, 0x3f06, 0xc01a, 0xbf34, 0xc0d7, 0x4121, 0x40a0, 0x3f68, 0xc202, 0x4228, 0xc265, 0xbf83, 0xc060, 0x3f72, 0x411e, 0x3e41, 0xbfb3, 0x4086, 0xc178, 0x3d8c, 0x4012 },
    { 0x4231, 0x3fbd, 0x3d50, 0x3f6c, 0x4172, 0x401a, 0xc0e6, 0x4105, 0xbe63, 0xc159, 0x3e7b, 0x428d, 0xbe8a, 0x3fa2, 0x3f3a, 0x3fa6, 0xc107, 0x0000, 0x3f31, 0xc164, 0x3f28, 0x41f4, 0x3f06, 0xbe31, 0x3eb6, 0x3fc2, 0xbed4, 0x3e92, 0xbf0a, 0x4096, 0x3d32, 0xbfca },
    { 0x40c4, 0xbf34, 0xbf72, 0xc0ae, 0xc1da, 0x3ffe, 0xc122, 0xc020, 0xbfc1, 0xc20d, 0x4010, 0x436a, 0x3f7c, 0x4027, 0x4106, 0xc14a, 0xc19f, 0xc1ec, 0xbcd0, 0xc04c, 0x41d6, 0x428e, 0xbfb2, 0x3f3a, 0x3f8f, 0xc197, 0xbdf0, 0xbe98, 0x4090, 0x40aa, 0x3eab, 0x4076 },
    { 0x3fb4, 0x3f6f, 0xbee6, 0x4000, 0x412a, 0xbf61, 0x3fbe, 0xc026, 0xbda8, 0x4001, 0x3d14, 0xc07b, 0x3e2b, 0x3f9c, 0x3f48, 0xbf3a, 0xbe10, 0x4053, 0xbef1, 0xc066, 0x41a1, 0x412f, 0xbe30, 0x3d72, 0xbe20, 0xc011, 0xbda3, 0x3ed3, 0xbec7, 0x3fe4, 0xbd0b, 0xbf2c },
    { 0xc46a, 0xc290, 0xc02c, 0xc2fe, 0xc330, 0x3fe0, 0x4276, 0xc1f0, 0x4038, 0x4118, 0xbfb4, 0xc502, 0x4053, 0x40fc, 0xc2b7, 0x431f, 0x4340, 0x419c, 0xc0a8, 0x42dc, 0x4384, 0xc3d7, 0x4186, 0xc1f8, 0x409d, 0xc35f, 0xc085, 0xc162, 0x413c, 0xc2fa, 0xc003, 0x4285 },
    { 0x40b9, 0x3f29, 0xbf40, 0xc000, 0xc06d, 0x3f3b, 0xbdc8, 0xc1de, 0xbdbf, 0xbfee, 0x3e90, 0x4194, 0x3db6, 0xbf42, 0x3f50, 0x3e08, 0xc033, 0x410a, 0x3e0c, 0xc022, 0xc08c, 0x412a, 0x3be0, 0xbc28, 0x3d95, 0xbfbb, 0xbd4a, 0xbf8e, 0x3e7b, 0x4004, 0xbe62, 0x3f74 },
    { 0x41a7, 0x3fb8, 0xbe67, 0x3ff6, 0x4105, 0xbeaa, 0xbfd4, 0xc014, 0xbcf6, 0xbce0, 0x3be0, 0x4148, 0xbd53, 0x3fad, 0xbfd2, 0xbfde, 0xbf7a, 0x40a0, 0x3d80, 0xc06a, 0x4014, 0xc096, 0xbe62, 0x3ee7, 0x3da0, 0x3fc4, 0x3d21, 0xbeed, 0x3d98, 0x3fb9, 0x3d6d, 0xbfe1 },
    { 0xc1a3, 0x3f12, 0x3e60, 0x407a, 0xc01e, 0xbec0, 0xc056, 0x4205, 0xbce8, 0xc0b6, 0x3e40, 0x428c, 0xbec2, 0x402f, 0xbf9e, 0xc095, 0xc093, 0xc06c, 0x3da0, 0x4024, 0x4169, 0x3f98, 0xbec8, 0xbe6e, 0x3f15, 0xbff2, 0xbc28, 0xbfd0, 0x3fa4, 0x40cb, 0x3ec0, 0xbe90 },
    { 0xc47a, 0xc206, 0x41bc, 0xc162, 0xc40e, 0x4222, 0xc23e, 0x4488, 0x3ef0, 0xc138, 0x4073, 0x43d5, 0xc0a9, 0xc17f, 0xc23c, 0x433b, 0xc2c3, 0xc260, 0x4101, 0x4314, 0xc36e, 0xc13c, 0x4229, 0x414d, 0x4155, 0x42ce, 0xbe14, 0x41b9, 0x40bc, 0x42a3, 0xbff5, 0x428f },
    { 0xc3b1, 0x420e, 0xbfc8, 0xc238, 0xc4eb, 0xc1dc, 0x421a, 0x44c4, 0x40e8, 0x4303, 0x4147, 0x4467, 0x4236, 0x4196, 0x4335, 0xc31c, 0x4198, 0xc320, 0x4001, 0xc323, 0x440b, 0xc3c2, 0xc232, 0xc2bc, 0xc120, 0xc314, 0xc011, 0xc2a0, 0x426a, 0xc398, 0xbf7c, 0x422a },
    { 0x412e, 0xc008, 0x3eba, 0x40ae, 0x41f8, 0x3f26, 0x3fa2, 0xc20e, 0x3df2, 0x3f34, 0xbe6c, 0xc000, 0xbe7a, 0xbfb5, 0x3f0e, 0x4094, 0x3fc2, 0xc197, 0xbeb3, 0xbdc0, 0x40c0, 0x3f68, 0xbfc0, 0x3f88, 0xbed1, 0x3fd5, 0xbe0a, 0x402b, 0xbf06, 0x3f6e, 0xbc3c, 0xbfeb },
    { 0x412a, 0x3ee2, 0x3f0c, 0x3f3a, 0xc0a0, 0xbcb8, 0xbe00, 0x4100, 0xbe12, 0x3d80, 0xbc58, 0x406a, 0xbd40, 0x3f88, 0xbe5c, 0xbf0b, 0x3ea0, 0x3f20, 0xbe0b, 0xc066, 0xc01c, 0xbe50, 0x3f15, 0x3eed, 0x3e20, 0x3fb6, 0x3df6, 0x3ee6, 0x3eba, 0xbfa8, 0x3dc8, 0xbfdf },
    { 0xc3f3, 0x428a, 0x41b5, 0x423e, 0x438f, 0xc14b, 0xc239, 0x4401, 0xc048, 0x42b8, 0x3de8, 0x4336, 0xc110, 0x411c, 0xc268, 0x4252, 0xc327, 0x4332, 0x40a4, 0xc397, 0x42d6, 0xc2c8, 0x423e, 0x4148, 0x4140, 0x4325, 0x4012, 0xbfc0, 0x4139, 0x42ab, 0xbe88, 0x4198 },
    { 0x4072, 0x3f3c, 0xbef6, 0x402d, 0x4145, 0x3e11, 0xc01a, 0xc168, 0xbc0c, 0xbd9c, 0xbdb9, 0x41ac, 0x3c6a, 0xbf7e, 0xbfb5, 0xbfcd, 0xc003, 0x0000, 0x3da4, 0xc056, 0x4125, 0xc0ba, 0xbe1c, 0xbc82, 0x3e60, 0x3fba, 0x3d51, 0x3d94, 0xbe00, 0xc03c, 0xbbcc, 0xbf2e },
    { 0x43d0, 0x42c0, 0xc22f, 0xc128, 0xc254, 0xc191, 0xc2cc, 0x4448, 0xbfa4, 0x4336, 0xc084, 0xc3b1, 0x4136, 0xc226, 0x3e80, 0xc386, 0x3fa0, 0x4406, 0x4099, 0xc2ce, 0x440b, 0x4434, 0x423a, 0xc1a6, 0x3ff4, 0x420c, 0x40b0, 0xc1b1, 0xbfc0, 0xc302, 0x3ff4, 0xc32e },
    { 0x4152, 0x3fda, 0x3e0e, 0xc0a6, 0xc1a4, 0xbf59, 0x3fe0, 0x41e2, 0x3d81, 0xbfae, 0x3e69, 0xc152, 0xbe84, 0x3f24, 0xc004, 0x3d84, 0xc018, 0x4148, 0x3ecb, 0xc0fc, 0xbe88, 0x4182, 0xbe9a, 0xbf43, 0x3e80, 0x3f48, 0xbe24, 0xc020, 0x3ebe, 0x3fb5, 0xbc18, 0x3ff6 },
    { 0xc0f4, 0xc069, 0xc021, 0xc016, 0xc2d4, 0xbf87, 0x4015, 0xc33e, 0x3ec6, 0x4186, 0x3f6c, 0x42cf, 0x3e18, 0xbfb2, 0x4082, 0x411a, 0xc12d, 0xc178, 0x3df4, 0x4178, 0xc290, 0x40f2, 0x4099, 0x3fab, 0xbf4e, 0xc122, 0x3f50, 0x4010, 0xbf72, 0x40f8, 0xbf1e, 0x4000 },
    { 0x43c5, 0x40f0, 0x402c, 0x4288, 0x448e, 0x4192, 0xc326, 0xc3a1, 0xc088, 0x4144, 0xc128, 0xc33a, 0xbfd4, 0xc10e, 0xc233, 0xc138, 0x42e4, 0x43af, 0xbf76, 0x432f, 0xc403, 0xc408, 0xc27a, 0x4192, 0xc076, 0x4372, 0x3fd8, 0xc130, 0xc14d, 0xc108, 0x3ef0, 0xc294 },
    { 0x4386, 0xc17a, 0x4110, 0x4203, 0x438e, 0xc05e, 0x425c, 0x439a, 0x3fbe, 0x4240, 0xc093, 0xc1e8, 0xc0bb, 0x4116, 0xc102, 0xc1be, 0x42bd, 0xc30a, 0xc09b, 0xc298, 0xc176, 0xc282, 0xc016, 0xc054, 0xbfd3, 0xc148, 0xc07a, 0xc030, 0x4032, 0xc23a, 0xbfb6, 0xc1be },
    { 0x4245, 0x4158, 0xbfbd, 0xc070, 0x41af, 0xc0d6, 0x408d, 0x4209, 0xbe46, 0x40ef, 0x3f9c, 0x40d8, 0xc05f, 0x40f0, 0xc197, 0xc18c, 0xc081, 0x42fa, 0x3fc4, 0xc23d, 0x41f8, 0x41c1, 0x4111, 0xc03e, 0x406d, 0x4192, 0x3fbe, 0xc111, 0x4077, 0xc0c0, 0x3ed0, 0x4106 },
    { 0xc134, 0x3e93, 0xbe9d, 0xc025, 0xc0e2, 0xbeb2, 0x3f98, 0x415e, 0x3bb8, 0x3b80, 0xbd93, 0x4195, 0x3e5a, 0x3f1e, 0x3fce, 0xc038, 0x3f7f, 0x4016, 0x3de9, 0x3fbd, 0xc09c, 0x4055, 0xbe72, 0xbe0a, 0xbc50, 0xbf0c, 0x3da8, 0xbf9a, 0xbe74, 0x4022, 0x3d2e, 0xbd68 },
    { 0xc146, 0x3ea6, 0xbe70, 0xbf26, 0xbf20, 0x3ed2, 0xbf82, 0xc0c8, 0x3ca4, 0xbf6c, 0x3d16, 0x414a, 0xbe22, 0xbf14, 0xbe54, 0x3f2c, 0xc042, 0xc028, 0x3d3f, 0xbf25, 0xc0f0, 0x40f7, 0x3d98, 0xbe6c, 0xbd67, 0x3f6c, 0xbdda, 0x3e07, 0xbdff, 0x3f3f, 0xbd30, 0x3f34 },
    { 0x42c6, 0xc0b7, 0x4028, 0x4116, 0xc37c, 0x4148, 0x40ef, 0x4319, 0x3fb2, 0x4182, 0xbeb6, 0x42ba, 0xc0a8, 0xc19b, 0xc201, 0x4209, 0xc156, 0xc174, 0x3f65, 0xc1da, 0xc1ab, 0x42f9, 0x414a, 0xc01d, 0x3fc4, 0x41fb, 0xbf23, 0x416a, 0x3d20, 0xc1fe, 0xbfa4, 0x417c },
    { 0x4202, 0x3fcc, 0xbf51, 0x3fc0, 0x40be, 0x3f2e, 0xbfc4, 0xc14e, 0x3db3, 0xc020, 0x3dd3, 0xc0a6, 0x3e87, 0xbf48, 0xbfc3, 0x40d5, 0x3eb8, 0x419a, 0x3d42, 0xc0cb, 0x403a, 0x4001, 0x3e14, 0x3eb9, 0xbe9b, 0x409c, 0x3e34, 0xbda8, 0x3e48, 0xbfa8, 0xbb80, 0x3ede }
Accumulated:
    { 0x4454, 0xc267, 0x41b0, 0xc2aa, 0xc32d, 0xc16e, 0xc215, 0x435c, 0xc0b5, 0xc311, 0x40f5, 0x4420, 0xc08d, 0x420e, 0xc0f0, 0x4200, 0xc2de, 0x43c5, 0x4191, 0x437c, 0x421e, 0x42ad, 0xc29f, 0xc160, 0x40dd, 0xc2aa, 0x3e80, 0xc25f, 0x4106, 0x43a3, 0x4074, 0x4154 },
    { 0xc338, 0xc180, 0xc052, 0xc1d7, 0x41d0, 0x408a, 0x40d2, 0xc208, 0xbf24, 0x4293, 0xbfaa, 0xc441, 0xc128, 0xbee0, 0x3f40, 0xbf40, 0x42bd, 0x432a, 0xc066, 0xc1c4, 0xc2c6, 0xc158, 0x40c8, 0x408a, 0xc014, 0x423c, 0xbe60, 0xc18c, 0x4108, 0xc254, 0xbf5c, 0xc1a7 },
    { 0xc3a8, 0x4144, 0xbf78, 0x4254, 0x445a, 0x4068, 0xc2d9, 0x43f4, 0xc08d, 0x4170, 0xc0b8, 0x4476, 0xc12a, 0xc14c, 0xc212, 0xc18c, 0xc2bb, 0xc268, 0xc0a7, 0xc30c, 0x4330, 0x430b, 0xc104, 0x41d6, 0x4105, 0x42e1, 0xc138, 0xc0f4, 0xc1f0, 0x41f0, 0xc051, 0xc24d },
    { 0x423d, 0xbfc4, 0x3e8e, 0xc11a, 0x417a, 0xbfea, 0x4120, 0x4298, 0xbc60, 0xc148, 0xbe5d, 0x3ea0, 0x3f88, 0x3eec, 0x4013, 0x4052, 0x40f3, 0x41ee, 0x3f31, 0x401e, 0xc0e0, 0x41a7, 0x4002, 0xbfb0, 0x3e47, 0xc107, 0x3e90, 0xc01e, 0xbfe9, 0xc097, 0x3d92, 0xbf02 },
    { 0x415c, 0xc128, 0x40d8, 0x4089, 0xc202, 0x3f28, 0xc12a, 0x42a4, 0xbf21, 0xc1c3, 0x3fcc, 0x41ba, 0xc037, 0x4124, 0x41d5, 0x3f80, 0xc081, 0xc2ba, 0xbf9e, 0xc068, 0x4028, 0x4212, 0x3f91, 0x4081, 0xbf45, 0xc09a, 0xbfc0, 0xbea0, 0x40c1, 0x4155, 0x3f53, 0x3f74 },
    { 0xc0b0, 0x4018, 0x3f03, 0xc0e0, 0x4274, 0x3fa0, 0x40b5, 0x0000, 0x3e3a, 0x4056, 0xbeae, 0xc24d, 0xbe4f, 0x3fe0, 0xc0c8, 0xbf8d, 0x4083, 0x4141, 0xbf05, 0x3fe4, 0xc131, 0x41df, 0x401a, 0x4010, 0xbe8e, 0xc05d, 0x3ed7, 0x4050, 0xbde8, 0x4014, 0x3ecf, 0xc008 },
    { 0x43b2, 0x4222, 0xc19f, 0x42ec, 0x42da, 0x4180, 0x41a5, 0xc498, 0xc017, 0xc2e2, 0xc01c, 0x434d, 0x4093, 0xc24e, 0x40d4, 0xc22f, 0xc14c, 0xc35c, 0xc068, 0xc29e, 0xc3d5, 0x3f80, 0x4158, 0xc058, 0xc10f, 0x4253, 0x3f30, 0x421c, 0xc173, 0xc20b, 0xc0ac, 0xbef0 },
    { 0x40dd, 0xbf9c, 0xbed3, 0xc066, 0x41ce, 0x3f82, 0xbf3f, 0x4046, 0x3de9, 0xbe8e, 0xbcab, 0x4176, 0xbea7, 0xbf10, 0xc0b4, 0x4095, 0x3e8a, 0x41b9, 0x3e4e, 0x3ebc, 0xc17f, 0x4119, 0x3f96, 0xbf0d, 0x3d40, 0x3e9a, 0xbddb, 0xbf9c, 0xbf0d, 0x4020, 0xbe1e, 0x3f2c },
    { 0x4289, 0x40b6, 0xc021, 0x414d, 0xc2ec, 0xbfdf, 0xc107, 0xc224, 0x3ca0, 0x3f00, 0x3f1a, 0xc27a, 0x3f06, 0xc01a, 0xbf34, 0xc0d7, 0x4121, 0x40a0, 0x3f68, 0xc202, 0x4228, 0xc265, 0xbf83, 0xc060, 0x3f72, 0x411e, 0x3e41, 0xbfb3, 0x4086, 0xc178, 0x3d8c, 0x4012 },
    { 0x4231, 0x3fbd, 0x3d50, 0x3f6c, 0x4172, 0x401a, 0xc0e6, 0x4105, 0xbe63, 0xc159, 0x3e7b, 0x428d, 0xbe8a, 0x3fa2, 0x3f3a, 0x3fa6, 0xc107, 0x0000, 0x3f31, 0xc164, 0x3f28, 0x41f4, 0x3f06, 0xbe31, 0x3eb6, 0x3fc2, 0xbed4, 0x3e92, 0xbf0a, 0x4096, 0x3d32, 0xbfca },
    { 0x40c4, 0xbf34, 0xbf72, 0xc0ae, 0xc1da, 0x3ffe, 0xc122, 0xc020, 0xbfc1, 0xc20d, 0x4010, 0x436a, 0x3f7c, 0x4027, 0x4106, 0xc14a, 0xc19f, 0xc1ec, 0xbcd0, 0xc04c, 0x41d6, 0x428e, 0xbfb2, 0x3f3a, 0x3f8f, 0xc197, 0xbdf0, 0xbe98, 0x4090, 0x40aa, 0x3eab, 0x4076 },
    { 0x3fb4, 0x3f6f, 0xbee6, 0x4000, 0x412a, 0xbf61, 0x3fbe, 0xc026, 0xbda8, 0x4001, 0x3d14, 0xc07b, 0x3e2b, 0x3f9c, 0x3f48, 0xbf3a, 0xbe10, 0x4053, 0xbef1, 0xc066, 0x41a1, 0x412f, 0xbe30, 0x3d72, 0xbe20, 0xc011, 0xbda3, 0x3ed3, 0xbec7, 0x3fe4, 0xbd0b, 0xbf2c },
    { 0xc46a, 0xc290, 0xc02c, 0xc2fe, 0xc330, 0x3fe0, 0x4276, 0xc1f0, 0x4038, 0x4118, 0xbfb4, 0xc502, 0x4053, 0x40fc, 0xc2b7, 0x431f, 0x4340, 0x419c, 0xc0a8, 0x42dc, 0x4384, 0xc3d7, 0x4186, 0xc1f8, 0x409d, 0xc35f, 0xc085, 0xc162, 0x413c, 0xc2fa, 0xc003, 0x4285 },
    { 0x40b9, 0x3f29, 0xbf40, 0xc000, 0xc06d, 0x3f3b, 0xbdc8, 0xc1de, 0xbdbf, 0xbfee, 0x3e90, 0x4194, 0x3db6, 0xbf42, 0x3f50, 0x3e08, 0xc033, 0x410a, 0x3e0c, 0xc022, 0xc08c, 0x412a, 0x3be0, 0xbc28, 0x3d95, 0xbfbb, 0xbd4a, 0xbf8e, 0x3e7b, 0x4004, 0xbe62, 0x3f74 },
    { 0x41a7, 0x3fb8, 0xbe67, 0x3ff6, 0x4105, 0xbeaa, 0xbfd4, 0xc014, 0xbcf6, 0xbce0, 0x3be0, 0x4148, 0xbd53, 0x3fad, 0xbfd2, 0xbfde, 0xbf7a, 0x40a0, 0x3d80, 0xc06a, 0x4014, 0xc096, 0xbe62, 0x3ee7, 0x3da0, 0x3fc4, 0x3d21, 0xbeed, 0x3d98, 0x3fb9, 0x3d6d, 0xbfe1 },
    { 0xc1a3, 0x3f12, 0x3e60, 0x407a, 0xc01e, 0xbec0, 0xc056, 0x4205, 0xbce8, 0xc0b6, 0x3e40, 0x428c, 0xbec2, 0x402f, 0xbf9e, 0xc095, 0xc093, 0xc06c, 0x3da0, 0x4024, 0x4169, 0x3f98, 0xbec8, 0xbe6e, 0x3f15, 0xbff2, 0xbc28, 0xbfd0, 0x3fa4, 0x40cb, 0x3ec0, 0xbe90 },
    { 0xc47a, 0xc206, 0x41bc, 0xc162, 0xc40e, 0x4222, 0xc23e, 0x4488, 0x3ef0, 0xc138, 0x4073, 0x43d5, 0xc0a9, 0xc17f, 0xc23c, 0x433b, 0xc2c3, 0xc260, 0x4101, 0x4314, 0xc36e, 0xc13c, 0x4229, 0x414d, 0x4155, 0x42ce, 0xbe14, 0x41b9, 0x40bc, 0x42a3, 0xbff5, 0x428f },
    { 0xc3b1, 0x420e, 0xbfc8, 0xc238, 0xc4eb, 0xc1dc, 0x421a, 0x44c4, 0x40e8, 0x4303, 0x4147, 0x4467, 0x4236, 0x4196, 0x4335, 0xc31c, 0x4198, 0xc320, 0x4001, 0xc323, 0x440b, 0xc3c2, 0xc232, 0xc2bc, 0xc120, 0xc314, 0xc011, 0xc2a0, 0x426a, 0xc398, 0xbf7c, 0x422a },
    { 0x412e, 0xc008, 0x3eba, 0x40ae, 0x41f8, 0x3f26, 0x3fa2, 0xc20e, 0x3df2, 0x3f34, 0xbe6c, 0xc000, 0xbe7a, 0xbfb5, 0x3f0e, 0x4094, 0x3fc2, 0xc197, 0xbeb3, 0xbdc0, 0x40c0, 0x3f68, 0xbfc0, 0x3f88, 0xbed1, 0x3fd5, 0xbe0a, 0x402b, 0xbf06, 0x3f6e, 0xbc3c, 0xbfeb },
    { 0x412a, 0x3ee2, 0x3f0c, 0x3f3a, 0xc0a0, 0xbcb8, 0xbe00, 0x4100, 0xbe12, 0x3d80, 0xbc58, 0x406a, 0xbd40, 0x3f88, 0xbe5c, 0xbf0b, 0x3ea0, 0x3f20, 0xbe0b, 0xc066, 0xc01c, 0xbe50, 0x3f15, 0x3eed, 0x3e20, 0x3fb6, 0x3df6, 0x3ee6, 0x3eba, 0xbfa8, 0x3dc8, 0xbfdf },
    { 0xc3f3, 0x428a, 0x41b5, 0x423e, 0x438f, 0xc14b, 0xc239, 0x4401, 0xc048, 0x42b8, 0x3de8, 0x4336, 0xc110, 0x411c, 0xc268, 0x4252, 0xc327, 0x4332, 0x40a4, 0xc397, 0x42d6, 0xc2c8, 0x423e, 0x4148, 0x4140, 0x4325, 0x4012, 0xbfc0, 0x4139, 0x42ab, 0xbe88, 0x4198 },
    { 0x4072, 0x3f3c, 0xbef6, 0x402d, 0x4145, 0x3e11, 0xc01a, 0xc168, 0xbc0c, 0xbd9c, 0xbdb9, 0x41ac, 0x3c6a, 0xbf7e, 0xbfb5, 0xbfcd, 0xc003, 0x0000, 0x3da4, 0xc056, 0x4125, 0xc0ba, 0xbe1c, 0xbc82, 0x3e60, 0x3fba, 0x3d51, 0x3d94, 0xbe00, 0xc03c, 0xbbcc, 0xbf2e },
    { 0x43d0, 0x42c0, 0xc22f, 0xc128, 0xc254, 0xc191, 0xc2cc, 0x4448, 0xbfa4, 0x4336, 0xc084, 0xc3b1, 0x4136, 0xc226, 0x3e80, 0xc386, 0x3fa0, 0x4406, 0x4099, 0xc2ce, 0x440b, 0x4434, 0x423a, 0xc1a6, 0x3ff4, 0x420c, 0x40b0, 0xc1b1, 0xbfc0, 0xc302, 0x3ff4, 0xc32e },
    { 0x4152, 0x3fda, 0x3e0e, 0xc0a6, 0xc1a4, 0xbf59, 0x3fe0, 0x41e2, 0x3d81, 0xbfae, 0x3e69, 0xc152, 0xbe84, 0x3f24, 0xc004, 0x3d84, 0xc018, 0x4148, 0x3ecb, 0xc0fc, 0xbe88, 0x4182, 0xbe9a, 0xbf43, 0x3e80, 0x3f48, 0xbe24, 0xc020, 0x3ebe, 0x3fb5, 0xbc18, 0x3ff6 },
    { 0xc0f4, 0xc069, 0xc021, 0xc016, 0xc2d4, 0xbf87, 0x4015, 0xc33e, 0x3ec6, 0x4186, 0x3f6c, 0x42cf, 0x3e18, 0xbfb2, 0x4082, 0x411a, 0xc12d, 0xc178, 0x3df4, 0x4178, 0xc290, 0x40f2, 0x4099, 0x3fab, 0xbf4e, 0xc122, 0x3f50, 0x4010, 0xbf72, 0x40f8, 0xbf1e, 0x4000 },
    { 0x43c5, 0x40f0, 0x402c, 0x4288, 0x448e, 0x4192, 0xc326, 0xc3a1, 0xc088, 0x4144, 0xc128, 0xc33a, 0xbfd4, 0xc10e, 0xc233, 0xc138, 0x42e4, 0x43af, 0xbf76, 0x432f, 0xc403, 0xc408, 0xc27a, 0x4192, 0xc076, 0x4372, 0x3fd8, 0xc130, 0xc14d, 0xc108, 0x3ef0, 0xc294 },
    { 0x4386, 0xc17a, 0x4110, 0x4203, 0x438e, 0xc05e, 0x425c, 0x439a, 0x3fbe, 0x4240, 0xc093, 0xc1e8, 0xc0bb, 0x4116, 0xc102, 0xc1be, 0x42bd, 0xc30a, 0xc09b, 0xc298, 0xc176, 0xc282, 0xc016, 0xc054, 0xbfd3, 0xc148, 0xc07a, 0xc030, 0x4032, 0xc23a, 0xbfb6, 0xc1be },
    { 0x4245, 0x4158, 0xbfbd, 0xc070, 0x41af, 0xc0d6, 0x408d, 0x4209, 0xbe46, 0x40ef, 0x3f9c, 0x40d8, 0xc05f, 0x40f0, 0xc197, 0xc18c, 0xc081, 0x42fa, 0x3fc4, 0xc23d, 0x41f8, 0x41c1, 0x4111, 0xc03e, 0x406d, 0x4192, 0x3fbe, 0xc111, 0x4077, 0xc0c0, 0x3ed0, 0x4106 },
    { 0xc134, 0x3e93, 0xbe9d, 0xc025, 0xc0e2, 0xbeb2, 0x3f98, 0x415e, 0x3bb8, 0x3b80, 0xbd93, 0x4195, 0x3e5a, 0x3f1e, 0x3fce, 0xc038, 0x3f7f, 0x4016, 0x3de9, 0x3fbd, 0xc09c, 0x4055, 0xbe72, 0xbe0a, 0xbc50, 0xbf0c, 0x3da8, 0xbf9a, 0xbe74, 0x4022, 0x3d2e, 0xbd68 },
    { 0xc146, 0x3ea6, 0xbe70, 0xbf26, 0xbf20, 0x3ed2, 0xbf82, 0xc0c8, 0x3ca4, 0xbf6c, 0x3d16, 0x414a, 0xbe22, 0xbf14, 0xbe54, 0x3f2c, 0xc042, 0xc028, 0x3d3f, 0xbf25, 0xc0f0, 0x40f7, 0x3d98, 0xbe6c, 0xbd67, 0x3f6c, 0xbdda, 0x3e07, 0xbdff, 0x3f3f, 0xbd30, 0x3f34 },
    { 0x42c6, 0xc0b7, 0x4028, 0x4116, 0xc37c, 0x4148, 0x40ef, 0x4319, 0x3fb2, 0x4182, 0xbeb6, 0x42ba, 0xc0a8, 0xc19b, 0xc201, 0x4209, 0xc156, 0xc174, 0x3f65, 0xc1da, 0xc1ab, 0x42f9, 0x414a, 0xc01d, 0x3fc4, 0x41fb, 0xbf23, 0x416a, 0x3d20, 0xc1fe, 0xbfa4, 0x417c },
    { 0x4202, 0x3fcc, 0xbf51, 0x3fc0, 0x40be, 0x3f2e, 0xbfc4, 0xc14e, 0x3db3, 0xc020, 0x3dd3, 0xc0a6, 0x3e87, 0xbf48, 0xbfc3, 0x40d5, 0x3eb8, 0x419a, 0x3d42, 0xc0cb, 0x403a, 0x4001, 0x3e14, 0x3eb9, 0xbe9b, 0x409c, 0x3e34, 0xbda8, 0x3e48, 0xbfa8, 0xbb80, 0x3ede }